Archive member included to satisfy reference by file (symbol)

c:/st/stm32cubeide_1.9.0/stm32cubeide/plugins/com.st.stm32cube.ide.mcu.externaltools.gnu-tools-for-stm32.10.3-2021.10.win32_1.0.100.202210260954/tools/bin/../lib/gcc/arm-none-eabi/10.3.1/../../../../arm-none-eabi/lib/thumb/v7-m/nofp\libm.a(lib_a-s_cos.o)
                              ./Core/Src/ssd1306/ssd1306.o (cos)
c:/st/stm32cubeide_1.9.0/stm32cubeide/plugins/com.st.stm32cube.ide.mcu.externaltools.gnu-tools-for-stm32.10.3-2021.10.win32_1.0.100.202210260954/tools/bin/../lib/gcc/arm-none-eabi/10.3.1/../../../../arm-none-eabi/lib/thumb/v7-m/nofp\libm.a(lib_a-s_sin.o)
                              ./Core/Src/ssd1306/ssd1306.o (sin)
c:/st/stm32cubeide_1.9.0/stm32cubeide/plugins/com.st.stm32cube.ide.mcu.externaltools.gnu-tools-for-stm32.10.3-2021.10.win32_1.0.100.202210260954/tools/bin/../lib/gcc/arm-none-eabi/10.3.1/../../../../arm-none-eabi/lib/thumb/v7-m/nofp\libm.a(lib_a-e_rem_pio2.o)
                              c:/st/stm32cubeide_1.9.0/stm32cubeide/plugins/com.st.stm32cube.ide.mcu.externaltools.gnu-tools-for-stm32.10.3-2021.10.win32_1.0.100.202210260954/tools/bin/../lib/gcc/arm-none-eabi/10.3.1/../../../../arm-none-eabi/lib/thumb/v7-m/nofp\libm.a(lib_a-s_cos.o) (__ieee754_rem_pio2)
c:/st/stm32cubeide_1.9.0/stm32cubeide/plugins/com.st.stm32cube.ide.mcu.externaltools.gnu-tools-for-stm32.10.3-2021.10.win32_1.0.100.202210260954/tools/bin/../lib/gcc/arm-none-eabi/10.3.1/../../../../arm-none-eabi/lib/thumb/v7-m/nofp\libm.a(lib_a-k_cos.o)
                              c:/st/stm32cubeide_1.9.0/stm32cubeide/plugins/com.st.stm32cube.ide.mcu.externaltools.gnu-tools-for-stm32.10.3-2021.10.win32_1.0.100.202210260954/tools/bin/../lib/gcc/arm-none-eabi/10.3.1/../../../../arm-none-eabi/lib/thumb/v7-m/nofp\libm.a(lib_a-s_cos.o) (__kernel_cos)
c:/st/stm32cubeide_1.9.0/stm32cubeide/plugins/com.st.stm32cube.ide.mcu.externaltools.gnu-tools-for-stm32.10.3-2021.10.win32_1.0.100.202210260954/tools/bin/../lib/gcc/arm-none-eabi/10.3.1/../../../../arm-none-eabi/lib/thumb/v7-m/nofp\libm.a(lib_a-k_rem_pio2.o)
                              c:/st/stm32cubeide_1.9.0/stm32cubeide/plugins/com.st.stm32cube.ide.mcu.externaltools.gnu-tools-for-stm32.10.3-2021.10.win32_1.0.100.202210260954/tools/bin/../lib/gcc/arm-none-eabi/10.3.1/../../../../arm-none-eabi/lib/thumb/v7-m/nofp\libm.a(lib_a-e_rem_pio2.o) (__kernel_rem_pio2)
c:/st/stm32cubeide_1.9.0/stm32cubeide/plugins/com.st.stm32cube.ide.mcu.externaltools.gnu-tools-for-stm32.10.3-2021.10.win32_1.0.100.202210260954/tools/bin/../lib/gcc/arm-none-eabi/10.3.1/../../../../arm-none-eabi/lib/thumb/v7-m/nofp\libm.a(lib_a-k_sin.o)
                              c:/st/stm32cubeide_1.9.0/stm32cubeide/plugins/com.st.stm32cube.ide.mcu.externaltools.gnu-tools-for-stm32.10.3-2021.10.win32_1.0.100.202210260954/tools/bin/../lib/gcc/arm-none-eabi/10.3.1/../../../../arm-none-eabi/lib/thumb/v7-m/nofp\libm.a(lib_a-s_cos.o) (__kernel_sin)
c:/st/stm32cubeide_1.9.0/stm32cubeide/plugins/com.st.stm32cube.ide.mcu.externaltools.gnu-tools-for-stm32.10.3-2021.10.win32_1.0.100.202210260954/tools/bin/../lib/gcc/arm-none-eabi/10.3.1/../../../../arm-none-eabi/lib/thumb/v7-m/nofp\libm.a(lib_a-s_fabs.o)
                              c:/st/stm32cubeide_1.9.0/stm32cubeide/plugins/com.st.stm32cube.ide.mcu.externaltools.gnu-tools-for-stm32.10.3-2021.10.win32_1.0.100.202210260954/tools/bin/../lib/gcc/arm-none-eabi/10.3.1/../../../../arm-none-eabi/lib/thumb/v7-m/nofp\libm.a(lib_a-e_rem_pio2.o) (fabs)
c:/st/stm32cubeide_1.9.0/stm32cubeide/plugins/com.st.stm32cube.ide.mcu.externaltools.gnu-tools-for-stm32.10.3-2021.10.win32_1.0.100.202210260954/tools/bin/../lib/gcc/arm-none-eabi/10.3.1/../../../../arm-none-eabi/lib/thumb/v7-m/nofp\libm.a(lib_a-s_floor.o)
                              c:/st/stm32cubeide_1.9.0/stm32cubeide/plugins/com.st.stm32cube.ide.mcu.externaltools.gnu-tools-for-stm32.10.3-2021.10.win32_1.0.100.202210260954/tools/bin/../lib/gcc/arm-none-eabi/10.3.1/../../../../arm-none-eabi/lib/thumb/v7-m/nofp\libm.a(lib_a-k_rem_pio2.o) (floor)
c:/st/stm32cubeide_1.9.0/stm32cubeide/plugins/com.st.stm32cube.ide.mcu.externaltools.gnu-tools-for-stm32.10.3-2021.10.win32_1.0.100.202210260954/tools/bin/../lib/gcc/arm-none-eabi/10.3.1/../../../../arm-none-eabi/lib/thumb/v7-m/nofp\libm.a(lib_a-s_scalbn.o)
                              c:/st/stm32cubeide_1.9.0/stm32cubeide/plugins/com.st.stm32cube.ide.mcu.externaltools.gnu-tools-for-stm32.10.3-2021.10.win32_1.0.100.202210260954/tools/bin/../lib/gcc/arm-none-eabi/10.3.1/../../../../arm-none-eabi/lib/thumb/v7-m/nofp\libm.a(lib_a-k_rem_pio2.o) (scalbn)
c:/st/stm32cubeide_1.9.0/stm32cubeide/plugins/com.st.stm32cube.ide.mcu.externaltools.gnu-tools-for-stm32.10.3-2021.10.win32_1.0.100.202210260954/tools/bin/../lib/gcc/arm-none-eabi/10.3.1/../../../../arm-none-eabi/lib/thumb/v7-m/nofp\libc_nano.a(lib_a-errno.o)
                              ./Core/Src/syscalls.o (__errno)
[...]
Memory Configuration

Name             Origin             Length             Attributes
RAM              0x0000000020000000 0x0000000000005000 xrw
FLASH            0x0000000008000000 0x0000000000010000 xr
*default*        0x0000000000000000 0xffffffffffffffff

Linker script and memory map

LOAD c:/st/stm32cubeide_1.9.0/stm32cubeide/plugins/com.st.stm32cube.ide.mcu.externaltools.gnu-tools-for-stm32.10.3-2021.10.win32_1.0.100.202210260954/tools/bin/../lib/gcc/arm-none-eabi/10.3.1/thumb/v7-m/nofp/crti.o
LOAD c:/st/stm32cubeide_1.9.0/stm32cubeide/plugins/com.st.stm32cube.ide.mcu.externaltools.gnu-tools-for-stm32.10.3-2021.10.win32_1.0.100.202210260954/tools/bin/../lib/gcc/arm-none-eabi/10.3.1/thumb/v7-m/nofp/crtbegin.o
LOAD c:/st/stm32cubeide_1.9.0/stm32cubeide/plugins/com.st.stm32cube.ide.mcu.externaltools.gnu-tools-for-stm32.10.3-2021.10.win32_1.0.100.202210260954/tools/bin/../lib/gcc/arm-none-eabi/10.3.1/../../../../arm-none-eabi/lib/thumb/v7-m/nofp/crt0.o
LOAD ./Core/Src/main.o
LOAD ./Core/Src/stm32f1xx_hal_msp.o
LOAD ./Core/Src/stm32f1xx_it.o
LOAD ./Core/Src/syscalls.o
LOAD ./Core/Src/sysmem.o
LOAD ./Core/Src/system_stm32f1xx.o
LOAD ./Core/Src/printf/printf.o
LOAD ./Core/Src/ssd1306/ssd1306.o
LOAD ./Core/Src/ssd1306/ssd1306_fonts.o
LOAD ./Core/Src/ssd1306/ssd1306_tests.o
LOAD ./Core/Startup/startup_stm32f103c8tx.o
LOAD ./Drivers/STM32F1xx_HAL_Driver/Src/stm32f1xx_hal.o
LOAD ./Drivers/STM32F1xx_HAL_Driver/Src/stm32f1xx_hal_can.o
LOAD ./Drivers/STM32F1xx_HAL_Driver/Src/stm32f1xx_hal_cortex.o
LOAD ./Drivers/STM32F1xx_HAL_Driver/Src/stm32f1xx_hal_dma.o
LOAD ./Drivers/STM32F1xx_HAL_Driver/Src/stm32f1xx_hal_exti.o
LOAD ./Drivers/STM32F1xx_HAL_Driver/Src/stm32f1xx_hal_flash.o
LOAD ./Drivers/STM32F1xx_HAL_Driver/Src/stm32f1xx_hal_flash_ex.o
LOAD ./Drivers/STM32F1xx_HAL_Driver/Src/stm32f1xx_hal_gpio.o
LOAD ./Drivers/STM32F1xx_HAL_Driver/Src/stm32f1xx_hal_gpio_ex.o
LOAD ./Drivers/STM32F1xx_HAL_Driver/Src/stm32f1xx_hal_pwr.o
LOAD ./Drivers/STM32F1xx_HAL_Driver/Src/stm32f1xx_hal_rcc.o
LOAD ./Drivers/STM32F1xx_HAL_Driver/Src/stm32f1xx_hal_rcc_ex.o
LOAD ./Drivers/STM32F1xx_HAL_Driver/Src/stm32f1xx_hal_spi.o
LOAD ./Drivers/STM32F1xx_HAL_Driver/Src/stm32f1xx_hal_tim.o
LOAD ./Drivers/STM32F1xx_HAL_Driver/Src/stm32f1xx_hal_tim_ex.o
LOAD ./Drivers/STM32F1xx_HAL_Driver/Src/stm32f1xx_hal_uart.o
START GROUP
LOAD c:/st/stm32cubeide_1.9.0/stm32cubeide/plugins/com.st.stm32cube.ide.mcu.externaltools.gnu-tools-for-stm32.10.3-2021.10.win32_1.0.100.202210260954/tools/bin/../lib/gcc/arm-none-eabi/10.3.1/../../../../arm-none-eabi/lib/thumb/v7-m/nofp\libstdc++_nano.a
LOAD c:/st/stm32cubeide_1.9.0/stm32cubeide/plugins/com.st.stm32cube.ide.mcu.externaltools.gnu-tools-for-stm32.10.3-2021.10.win32_1.0.100.202210260954/tools/bin/../lib/gcc/arm-none-eabi/10.3.1/../../../../arm-none-eabi/lib/thumb/v7-m/nofp\libsupc++_nano.a
END GROUP
LOAD c:/st/stm32cubeide_1.9.0/stm32cubeide/plugins/com.st.stm32cube.ide.mcu.externaltools.gnu-tools-for-stm32.10.3-2021.10.win32_1.0.100.202210260954/tools/bin/../lib/gcc/arm-none-eabi/10.3.1/../../../../arm-none-eabi/lib/thumb/v7-m/nofp\libstdc++_nano.a
LOAD c:/st/stm32cubeide_1.9.0/stm32cubeide/plugins/com.st.stm32cube.ide.mcu.externaltools.gnu-tools-for-stm32.10.3-2021.10.win32_1.0.100.202210260954/tools/bin/../lib/gcc/arm-none-eabi/10.3.1/../../../../arm-none-eabi/lib/thumb/v7-m/nofp\libm.a
LOAD c:/st/stm32cubeide_1.9.0/stm32cubeide/plugins/com.st.stm32cube.ide.mcu.externaltools.gnu-tools-for-stm32.10.3-2021.10.win32_1.0.100.202210260954/tools/bin/../lib/gcc/arm-none-eabi/10.3.1/../../../../arm-none-eabi/lib/thumb/v7-m/nofp\libc_nano.a
START GROUP
LOAD c:/st/stm32cubeide_1.9.0/stm32cubeide/plugins/com.st.stm32cube.ide.mcu.externaltools.gnu-tools-for-stm32.10.3-2021.10.win32_1.0.100.202210260954/tools/bin/../lib/gcc/arm-none-eabi/10.3.1/thumb/v7-m/nofp\libgcc.a
LOAD c:/st/stm32cubeide_1.9.0/stm32cubeide/plugins/com.st.stm32cube.ide.mcu.externaltools.gnu-tools-for-stm32.10.3-2021.10.win32_1.0.100.202210260954/tools/bin/../lib/gcc/arm-none-eabi/10.3.1/../../../../arm-none-eabi/lib/thumb/v7-m/nofp\libc_nano.a
END GROUP
START GROUP
LOAD c:/st/stm32cubeide_1.9.0/stm32cubeide/plugins/com.st.stm32cube.ide.mcu.externaltools.gnu-tools-for-stm32.10.3-2021.10.win32_1.0.100.202210260954/tools/bin/../lib/gcc/arm-none-eabi/10.3.1/thumb/v7-m/nofp\libgcc.a
LOAD c:/st/stm32cubeide_1.9.0/stm32cubeide/plugins/com.st.stm32cube.ide.mcu.externaltools.gnu-tools-for-stm32.10.3-2021.10.win32_1.0.100.202210260954/tools/bin/../lib/gcc/arm-none-eabi/10.3.1/../../../../arm-none-eabi/lib/thumb/v7-m/nofp\libc_nano.a
LOAD c:/st/stm32cubeide_1.9.0/stm32cubeide/plugins/com.st.stm32cube.ide.mcu.externaltools.gnu-tools-for-stm32.10.3-2021.10.win32_1.0.100.202210260954/tools/bin/../lib/gcc/arm-none-eabi/10.3.1/../../../../arm-none-eabi/lib/thumb/v7-m/nofp\libnosys.a
END GROUP
START GROUP
LOAD c:/st/stm32cubeide_1.9.0/stm32cubeide/plugins/com.st.stm32cube.ide.mcu.externaltools.gnu-tools-for-stm32.10.3-2021.10.win32_1.0.100.202210260954/tools/bin/../lib/gcc/arm-none-eabi/10.3.1/thumb/v7-m/nofp\libgcc.a
LOAD c:/st/stm32cubeide_1.9.0/stm32cubeide/plugins/com.st.stm32cube.ide.mcu.externaltools.gnu-tools-for-stm32.10.3-2021.10.win32_1.0.100.202210260954/tools/bin/../lib/gcc/arm-none-eabi/10.3.1/../../../../arm-none-eabi/lib/thumb/v7-m/nofp\libc_nano.a
LOAD c:/st/stm32cubeide_1.9.0/stm32cubeide/plugins/com.st.stm32cube.ide.mcu.externaltools.gnu-tools-for-stm32.10.3-2021.10.win32_1.0.100.202210260954/tools/bin/../lib/gcc/arm-none-eabi/10.3.1/../../../../arm-none-eabi/lib/thumb/v7-m/nofp\libnosys.a
END GROUP
LOAD c:/st/stm32cubeide_1.9.0/stm32cubeide/plugins/com.st.stm32cube.ide.mcu.externaltools.gnu-tools-for-stm32.10.3-2021.10.win32_1.0.100.202210260954/tools/bin/../lib/gcc/arm-none-eabi/10.3.1/thumb/v7-m/nofp/crtend.o
LOAD c:/st/stm32cubeide_1.9.0/stm32cubeide/plugins/com.st.stm32cube.ide.mcu.externaltools.gnu-tools-for-stm32.10.3-2021.10.win32_1.0.100.202210260954/tools/bin/../lib/gcc/arm-none-eabi/10.3.1/thumb/v7-m/nofp/crtn.o
                0x0000000020005000                _estack = (ORIGIN (RAM) + LENGTH (RAM))
                0x0000000000000200                _Min_Heap_Size = 0x200
                0x0000000000000400                _Min_Stack_Size = 0x400

.isr_vector     0x0000000008000000      0x10c
                0x0000000008000000                . = ALIGN (0x4)
 *(.isr_vector)
 .isr_vector    0x0000000008000000      0x10c ./Core/Startup/startup_stm32f103c8tx.o
                0x0000000008000000                g_pfnVectors
                0x000000000800010c                . = ALIGN (0x4)

.text           0x0000000008000110     0x855c
                0x0000000008000110                . = ALIGN (0x4)
 *(.text)
 .text          0x0000000008000110       0x40 c:/st/stm32cubeide_1.9.0/stm32cubeide/plugins/com.st.stm32cube.ide.mcu.externaltools.gnu-tools-for-stm32.10.3-2021.10.win32_1.0.100.202210260954/tools/bin/../lib/gcc/arm-none-eabi/10.3.1/thumb/v7-m/nofp/crtbegin.o
 .text          0x0000000008000150      0x378 c:/st/stm32cubeide_1.9.0/stm32cubeide/plugins/com.st.stm32cube.ide.mcu.externaltools.gnu-tools-for-stm32.10.3-2021.10.win32_1.0.100.202210260954/tools/bin/../lib/gcc/arm-none-eabi/10.3.1/thumb/v7-m/nofp\libgcc.a(_arm_addsubdf3.o)
                0x0000000008000150                __aeabi_drsub
                0x0000000008000158                __aeabi_dsub
                0x0000000008000158                __subdf3
                0x000000000800015c                __aeabi_dadd
                0x000000000800015c                __adddf3
                0x00000000080003d4                __floatunsidf
                0x00000000080003d4                __aeabi_ui2d
                0x00000000080003f4                __floatsidf
                0x00000000080003f4                __aeabi_i2d
                0x0000000008000418                __aeabi_f2d
                0x0000000008000418                __extendsfdf2
                0x000000000800045c                __floatundidf
                0x000000000800045c                __aeabi_ul2d
                0x000000000800046c                __floatdidf
                0x000000000800046c                __aeabi_l2d
 .text          0x00000000080004c8      0x424 c:/st/stm32cubeide_1.9.0/stm32cubeide/plugins/com.st.stm32cube.ide.mcu.externaltools.gnu-tools-for-stm32.10.3-2021.10.win32_1.0.100.202210260954/tools/bin/../lib/gcc/arm-none-eabi/10.3.1/thumb/v7-m/nofp\libgcc.a(_arm_muldivdf3.o)
                0x00000000080004c8                __aeabi_dmul
                0x00000000080004c8                __muldf3
                0x000000000800071c                __divdf3
                0x000000000800071c                __aeabi_ddiv
 .text          0x00000000080008ec      0x110 c:/st/stm32cubeide_1.9.0/stm32cubeide/plugins/com.st.stm32cube.ide.mcu.externaltools.gnu-tools-for-stm32.10.3-2021.10.win32_1.0.100.202210260954/tools/bin/../lib/gcc/arm-none-eabi/10.3.1/thumb/v7-m/nofp\libgcc.a(_arm_cmpdf2.o)
                0x00000000080008ec                __gtdf2
                0x00000000080008ec                __gedf2
                0x00000000080008f4                __ltdf2
                0x00000000080008f4                __ledf2
                0x00000000080008fc                __nedf2
                0x00000000080008fc                __eqdf2
                0x00000000080008fc                __cmpdf2
                0x0000000008000978                __aeabi_cdrcmple
                0x0000000008000988                __aeabi_cdcmpeq
                0x0000000008000988                __aeabi_cdcmple
                0x0000000008000998                __aeabi_dcmpeq
                0x00000000080009ac                __aeabi_dcmplt
                0x00000000080009c0                __aeabi_dcmple
                0x00000000080009d4                __aeabi_dcmpge
                0x00000000080009e8                __aeabi_dcmpgt
 .text          0x00000000080009fc       0x50 c:/st/stm32cubeide_1.9.0/stm32cubeide/plugins/com.st.stm32cube.ide.mcu.externaltools.gnu-tools-for-stm32.10.3-2021.10.win32_1.0.100.202210260954/tools/bin/../lib/gcc/arm-none-eabi/10.3.1/thumb/v7-m/nofp\libgcc.a(_arm_fixdfsi.o)
                0x00000000080009fc                __aeabi_d2iz
                0x00000000080009fc                __fixdfsi
 .text          0x0000000008000a4c       0x40 c:/st/stm32cubeide_1.9.0/stm32cubeide/plugins/com.st.stm32cube.ide.mcu.externaltools.gnu-tools-for-stm32.10.3-2021.10.win32_1.0.100.202210260954/tools/bin/../lib/gcc/arm-none-eabi/10.3.1/thumb/v7-m/nofp\libgcc.a(_arm_fixunsdfsi.o)
                0x0000000008000a4c                __aeabi_d2uiz
                0x0000000008000a4c                __fixunsdfsi
 .text          0x0000000008000a8c       0xa0 c:/st/stm32cubeide_1.9.0/stm32cubeide/plugins/com.st.stm32cube.ide.mcu.externaltools.gnu-tools-for-stm32.10.3-2021.10.win32_1.0.100.202210260954/tools/bin/../lib/gcc/arm-none-eabi/10.3.1/thumb/v7-m/nofp\libgcc.a(_arm_truncdfsf2.o)
                0x0000000008000a8c                __truncdfsf2
                0x0000000008000a8c                __aeabi_d2f
 .text          0x0000000008000b2c       0x30 c:/st/stm32cubeide_1.9.0/stm32cubeide/plugins/com.st.stm32cube.ide.mcu.externaltools.gnu-tools-for-stm32.10.3-2021.10.win32_1.0.100.202210260954/tools/bin/../lib/gcc/arm-none-eabi/10.3.1/thumb/v7-m/nofp\libgcc.a(_aeabi_uldivmod.o)
                0x0000000008000b2c                __aeabi_uldivmod
 .text          0x0000000008000b5c      0x2d4 c:/st/stm32cubeide_1.9.0/stm32cubeide/plugins/com.st.stm32cube.ide.mcu.externaltools.gnu-tools-for-stm32.10.3-2021.10.win32_1.0.100.202210260954/tools/bin/../lib/gcc/arm-none-eabi/10.3.1/thumb/v7-m/nofp\libgcc.a(_udivmoddi4.o)
                0x0000000008000b5c                __udivmoddi4
 .text          0x0000000008000e30        0x4 c:/st/stm32cubeide_1.9.0/stm32cubeide/plugins/com.st.stm32cube.ide.mcu.externaltools.gnu-tools-for-stm32.10.3-2021.10.win32_1.0.100.202210260954/tools/bin/../lib/gcc/arm-none-eabi/10.3.1/thumb/v7-m/nofp\libgcc.a(_dvmd_tls.o)
                0x0000000008000e30                __aeabi_idiv0
                0x0000000008000e30                __aeabi_ldiv0
 *(.text*)
 .text.HAL_UART_ErrorCallback
                0x0000000008000e34      0x128 ./Core/Src/main.o
                0x0000000008000e34                HAL_UART_ErrorCallback
 .text.HAL_UARTEx_RxEventCallback
                0x0000000008000f5c       0x5c ./Core/Src/main.o
                0x0000000008000f5c                HAL_UARTEx_RxEventCallback
 .text.HAL_CAN_RxFifo0MsgPendingCallback
                0x0000000008000fb8       0x38 ./Core/Src/main.o
                0x0000000008000fb8                HAL_CAN_RxFifo0MsgPendingCallback
 .text.HAL_CAN_ErrorCallback
                0x0000000008000ff0       0x1c ./Core/Src/main.o
                0x0000000008000ff0                HAL_CAN_ErrorCallback
 .text.CanMsgSend
                0x000000000800100c       0x98 ./Core/Src/main.o
                0x000000000800100c                CanMsgSend
 .text.Moving   0x00000000080010a4      0x1ac ./Core/Src/main.o
                0x00000000080010a4                Moving
 .text.read_bms_uart
                0x0000000008001250      0x14c ./Core/Src/main.o
                0x0000000008001250                read_bms_uart
 .text.rcGetBattery
                0x000000000800139c      0x6f4 ./Core/Src/main.o
                0x000000000800139c                rcGetBattery
 .text.unwrap_encoder
                0x0000000008001a90       0x64 ./Core/Src/main.o
                0x0000000008001a90                unwrap_encoder
 .text.getEncoder
                0x0000000008001af4       0x34 ./Core/Src/main.o
                0x0000000008001af4                getEncoder
 .text.buttons_Init
                0x0000000008001b28       0x4c ./Core/Src/main.o
                0x0000000008001b28                buttons_Init
 .text.getButton
                0x0000000008001b74      0x310 ./Core/Src/main.o
                0x0000000008001b74                getButton
 .text.menu_update
                0x0000000008001e84      0x62c ./Core/Src/main.o
                0x0000000008001e84                menu_update
 .text.main     0x00000000080024b0       0xfc ./Core/Src/main.o
                0x00000000080024b0                main
 .text.SystemClock_Config
                0x00000000080025ac       0x8a ./Core/Src/main.o
                0x00000000080025ac                SystemClock_Config
 *fill*         0x0000000008002636        0x2 
 .text.MX_CAN_Init
                0x0000000008002638       0xd0 ./Core/Src/main.o
 .text.MX_SPI1_Init
                0x0000000008002708       0x70 ./Core/Src/main.o
 .text.MX_TIM4_Init
                0x0000000008002778       0xa8 ./Core/Src/main.o
 .text.MX_USART1_UART_Init
                0x0000000008002820       0x54 ./Core/Src/main.o
 .text.MX_DMA_Init
                0x0000000008002874       0x3c ./Core/Src/main.o
 .text.MX_GPIO_Init
                0x00000000080028b0      0x11c ./Core/Src/main.o
 .text.Error_Handler
                0x00000000080029cc        0xa ./Core/Src/main.o
                0x00000000080029cc                Error_Handler
 *fill*         0x00000000080029d6        0x2 
 .text.HAL_MspInit
                0x00000000080029d8       0x64 ./Core/Src/stm32f1xx_hal_msp.o
                0x00000000080029d8                HAL_MspInit
 .text.HAL_CAN_MspInit
                0x0000000008002a3c       0xe0 ./Core/Src/stm32f1xx_hal_msp.o
                0x0000000008002a3c                HAL_CAN_MspInit
 .text.HAL_SPI_MspInit
                0x0000000008002b1c       0x7c ./Core/Src/stm32f1xx_hal_msp.o
                0x0000000008002b1c                HAL_SPI_MspInit
 .text.HAL_TIM_Encoder_MspInit
                0x0000000008002b98       0x7c ./Core/Src/stm32f1xx_hal_msp.o
                0x0000000008002b98                HAL_TIM_Encoder_MspInit
 .text.HAL_UART_MspInit
                0x0000000008002c14       0xfc ./Core/Src/stm32f1xx_hal_msp.o
                0x0000000008002c14                HAL_UART_MspInit
 .text.NMI_Handler
                0x0000000008002d10        0x6 ./Core/Src/stm32f1xx_it.o
                0x0000000008002d10                NMI_Handler
 .text.HardFault_Handler
                0x0000000008002d16        0x6 ./Core/Src/stm32f1xx_it.o
                0x0000000008002d16                HardFault_Handler
 .text.MemManage_Handler
                0x0000000008002d1c        0x6 ./Core/Src/stm32f1xx_it.o
                0x0000000008002d1c                MemManage_Handler
 .text.BusFault_Handler
                0x0000000008002d22        0x6 ./Core/Src/stm32f1xx_it.o
                0x0000000008002d22                BusFault_Handler
 .text.UsageFault_Handler
                0x0000000008002d28        0x6 ./Core/Src/stm32f1xx_it.o
                0x0000000008002d28                UsageFault_Handler
 .text.SVC_Handler
                0x0000000008002d2e        0xc ./Core/Src/stm32f1xx_it.o
                0x0000000008002d2e                SVC_Handler
 .text.DebugMon_Handler
                0x0000000008002d3a        0xc ./Core/Src/stm32f1xx_it.o
                0x0000000008002d3a                DebugMon_Handler
 .text.PendSV_Handler
                0x0000000008002d46        0xc ./Core/Src/stm32f1xx_it.o
                0x0000000008002d46                PendSV_Handler
 .text.SysTick_Handler
                0x0000000008002d52        0xc ./Core/Src/stm32f1xx_it.o
                0x0000000008002d52                SysTick_Handler
 *fill*         0x0000000008002d5e        0x2 
 .text.DMA1_Channel5_IRQHandler
                0x0000000008002d60       0x14 ./Core/Src/stm32f1xx_it.o
                0x0000000008002d60                DMA1_Channel5_IRQHandler
 .text.USB_LP_CAN1_RX0_IRQHandler
                0x0000000008002d74       0x14 ./Core/Src/stm32f1xx_it.o
                0x0000000008002d74                USB_LP_CAN1_RX0_IRQHandler
 .text.CAN1_SCE_IRQHandler
                0x0000000008002d88       0x14 ./Core/Src/stm32f1xx_it.o
                0x0000000008002d88                CAN1_SCE_IRQHandler
 .text.USART1_IRQHandler
                0x0000000008002d9c       0x14 ./Core/Src/stm32f1xx_it.o
                0x0000000008002d9c                USART1_IRQHandler
 .text.SystemInit
                0x0000000008002db0        0xc ./Core/Src/system_stm32f1xx.o
                0x0000000008002db0                SystemInit
 .text._out_buffer
                0x0000000008002dbc       0x2c ./Core/Src/printf/printf.o
 .text._out_null
                0x0000000008002de8       0x1a ./Core/Src/printf/printf.o
 .text._strnlen_s
                0x0000000008002e02       0x38 ./Core/Src/printf/printf.o
 .text._is_digit
                0x0000000008002e3a       0x2c ./Core/Src/printf/printf.o
 .text._atoi    0x0000000008002e66       0x48 ./Core/Src/printf/printf.o
 .text._out_rev
                0x0000000008002eae       0xa0 ./Core/Src/printf/printf.o
 .text._ntoa_format
                0x0000000008002f4e      0x1b8 ./Core/Src/printf/printf.o
 .text._ntoa_long
                0x0000000008003106       0xcc ./Core/Src/printf/printf.o
 .text._ntoa_long_long
                0x00000000080031d2       0xda ./Core/Src/printf/printf.o
 *fill*         0x00000000080032ac        0x4 
 .text._ftoa    0x00000000080032b0      0x4b0 ./Core/Src/printf/printf.o
 .text._etoa    0x0000000008003760      0x520 ./Core/Src/printf/printf.o
 .text._vsnprintf
                0x0000000008003c80      0x9c0 ./Core/Src/printf/printf.o
 .text.snprintf_
                0x0000000008004640       0x38 ./Core/Src/printf/printf.o
                0x0000000008004640                snprintf_
 .text.ssd1306_Reset
                0x0000000008004678       0x38 ./Core/Src/ssd1306/ssd1306.o
                0x0000000008004678                ssd1306_Reset
 .text.ssd1306_WriteCommand
                0x00000000080046b0       0x4c ./Core/Src/ssd1306/ssd1306.o
                0x00000000080046b0                ssd1306_WriteCommand
 .text.ssd1306_WriteData
                0x00000000080046fc       0x4c ./Core/Src/ssd1306/ssd1306.o
                0x00000000080046fc                ssd1306_WriteData
 .text.ssd1306_Init
                0x0000000008004748       0xd4 ./Core/Src/ssd1306/ssd1306.o
                0x0000000008004748                ssd1306_Init
 .text.ssd1306_Fill
                0x000000000800481c       0x44 ./Core/Src/ssd1306/ssd1306.o
                0x000000000800481c                ssd1306_Fill
 .text.ssd1306_UpdateScreen
                0x0000000008004860       0x58 ./Core/Src/ssd1306/ssd1306.o
                0x0000000008004860                ssd1306_UpdateScreen
 .text.ssd1306_DrawPixel
                0x00000000080048b8       0xbc ./Core/Src/ssd1306/ssd1306.o
                0x00000000080048b8                ssd1306_DrawPixel
 .text.ssd1306_WriteChar
                0x0000000008004974      0x110 ./Core/Src/ssd1306/ssd1306.o
                0x0000000008004974                ssd1306_WriteChar
 .text.ssd1306_WriteString
                0x0000000008004a84       0x4c ./Core/Src/ssd1306/ssd1306.o
                0x0000000008004a84                ssd1306_WriteString
 .text.ssd1306_SetCursor
                0x0000000008004ad0       0x30 ./Core/Src/ssd1306/ssd1306.o
                0x0000000008004ad0                ssd1306_SetCursor
 .text.ssd1306_SetContrast
                0x0000000008004b00       0x26 ./Core/Src/ssd1306/ssd1306.o
                0x0000000008004b00                ssd1306_SetContrast
 *fill*         0x0000000008004b26        0x2 
 .text.ssd1306_SetDisplayOn
                0x0000000008004b28       0x3c ./Core/Src/ssd1306/ssd1306.o
                0x0000000008004b28                ssd1306_SetDisplayOn
 .text.Reset_Handler
                0x0000000008004b64       0x48 ./Core/Startup/startup_stm32f103c8tx.o
                0x0000000008004b64                Reset_Handler
 .text.Default_Handler
                0x0000000008004bac        0x2 ./Core/Startup/startup_stm32f103c8tx.o
                0x0000000008004bac                RTC_Alarm_IRQHandler
                0x0000000008004bac                EXTI2_IRQHandler
                0x0000000008004bac                TIM1_CC_IRQHandler
                0x0000000008004bac                PVD_IRQHandler
                0x0000000008004bac                EXTI3_IRQHandler
                0x0000000008004bac                EXTI0_IRQHandler
                0x0000000008004bac                I2C2_EV_IRQHandler
                0x0000000008004bac                ADC1_2_IRQHandler
                0x0000000008004bac                SPI1_IRQHandler
                0x0000000008004bac                TAMPER_IRQHandler
                0x0000000008004bac                DMA1_Channel4_IRQHandler
                0x0000000008004bac                USART3_IRQHandler
                0x0000000008004bac                RTC_IRQHandler
                0x0000000008004bac                DMA1_Channel7_IRQHandler
                0x0000000008004bac                CAN1_RX1_IRQHandler
                0x0000000008004bac                TIM4_IRQHandler
                0x0000000008004bac                I2C1_EV_IRQHandler
                0x0000000008004bac                DMA1_Channel6_IRQHandler
                0x0000000008004bac                TIM3_IRQHandler
                0x0000000008004bac                RCC_IRQHandler
                0x0000000008004bac                TIM1_TRG_COM_IRQHandler
                0x0000000008004bac                DMA1_Channel1_IRQHandler
                0x0000000008004bac                Default_Handler
                0x0000000008004bac                EXTI15_10_IRQHandler
                0x0000000008004bac                EXTI9_5_IRQHandler
                0x0000000008004bac                SPI2_IRQHandler
                0x0000000008004bac                EXTI4_IRQHandler
                0x0000000008004bac                USB_HP_CAN1_TX_IRQHandler
                0x0000000008004bac                DMA1_Channel3_IRQHandler
                0x0000000008004bac                TIM1_UP_IRQHandler
                0x0000000008004bac                WWDG_IRQHandler
                0x0000000008004bac                TIM2_IRQHandler
                0x0000000008004bac                TIM1_BRK_IRQHandler
                0x0000000008004bac                EXTI1_IRQHandler
                0x0000000008004bac                USART2_IRQHandler
                0x0000000008004bac                I2C2_ER_IRQHandler
                0x0000000008004bac                DMA1_Channel2_IRQHandler
                0x0000000008004bac                FLASH_IRQHandler
                0x0000000008004bac                I2C1_ER_IRQHandler
                0x0000000008004bac                USBWakeUp_IRQHandler
 *fill*         0x0000000008004bae        0x2 
 .text.HAL_Init
                0x0000000008004bb0       0x2c ./Drivers/STM32F1xx_HAL_Driver/Src/stm32f1xx_hal.o
                0x0000000008004bb0                HAL_Init
 .text.HAL_InitTick
                0x0000000008004bdc       0x60 ./Drivers/STM32F1xx_HAL_Driver/Src/stm32f1xx_hal.o
                0x0000000008004bdc                HAL_InitTick
 .text.HAL_IncTick
                0x0000000008004c3c       0x24 ./Drivers/STM32F1xx_HAL_Driver/Src/stm32f1xx_hal.o
                0x0000000008004c3c                HAL_IncTick
 .text.HAL_GetTick
                0x0000000008004c60       0x14 ./Drivers/STM32F1xx_HAL_Driver/Src/stm32f1xx_hal.o
                0x0000000008004c60                HAL_GetTick
 .text.HAL_Delay
                0x0000000008004c74       0x48 ./Drivers/STM32F1xx_HAL_Driver/Src/stm32f1xx_hal.o
                0x0000000008004c74                HAL_Delay
 .text.HAL_CAN_Init
                0x0000000008004cbc      0x1f6 ./Drivers/STM32F1xx_HAL_Driver/Src/stm32f1xx_hal_can.o
                0x0000000008004cbc                HAL_CAN_Init
 .text.HAL_CAN_ConfigFilter
                0x0000000008004eb2      0x192 ./Drivers/STM32F1xx_HAL_Driver/Src/stm32f1xx_hal_can.o
                0x0000000008004eb2                HAL_CAN_ConfigFilter
 .text.HAL_CAN_Start
                0x0000000008005044       0x88 ./Drivers/STM32F1xx_HAL_Driver/Src/stm32f1xx_hal_can.o
                0x0000000008005044                HAL_CAN_Start
 .text.HAL_CAN_AddTxMessage
                0x00000000080050cc      0x19e ./Drivers/STM32F1xx_HAL_Driver/Src/stm32f1xx_hal_can.o
                0x00000000080050cc                HAL_CAN_AddTxMessage
 .text.HAL_CAN_GetTxMailboxesFreeLevel
                0x000000000800526a       0x68 ./Drivers/STM32F1xx_HAL_Driver/Src/stm32f1xx_hal_can.o
                0x000000000800526a                HAL_CAN_GetTxMailboxesFreeLevel
 .text.HAL_CAN_GetRxMessage
                0x00000000080052d2      0x242 ./Drivers/STM32F1xx_HAL_Driver/Src/stm32f1xx_hal_can.o
                0x00000000080052d2                HAL_CAN_GetRxMessage
 .text.HAL_CAN_ActivateNotification
                0x0000000008005514       0x4a ./Drivers/STM32F1xx_HAL_Driver/Src/stm32f1xx_hal_can.o
                0x0000000008005514                HAL_CAN_ActivateNotification
 .text.HAL_CAN_IRQHandler
                0x000000000800555e      0x36e ./Drivers/STM32F1xx_HAL_Driver/Src/stm32f1xx_hal_can.o
                0x000000000800555e                HAL_CAN_IRQHandler
 .text.HAL_CAN_TxMailbox0CompleteCallback
                0x00000000080058cc       0x12 ./Drivers/STM32F1xx_HAL_Driver/Src/stm32f1xx_hal_can.o
                0x00000000080058cc                HAL_CAN_TxMailbox0CompleteCallback
 .text.HAL_CAN_TxMailbox1CompleteCallback
                0x00000000080058de       0x12 ./Drivers/STM32F1xx_HAL_Driver/Src/stm32f1xx_hal_can.o
                0x00000000080058de                HAL_CAN_TxMailbox1CompleteCallback
 .text.HAL_CAN_TxMailbox2CompleteCallback
                0x00000000080058f0       0x12 ./Drivers/STM32F1xx_HAL_Driver/Src/stm32f1xx_hal_can.o
                0x00000000080058f0                HAL_CAN_TxMailbox2CompleteCallback
 .text.HAL_CAN_TxMailbox0AbortCallback
                0x0000000008005902       0x12 ./Drivers/STM32F1xx_HAL_Driver/Src/stm32f1xx_hal_can.o
                0x0000000008005902                HAL_CAN_TxMailbox0AbortCallback
 .text.HAL_CAN_TxMailbox1AbortCallback
                0x0000000008005914       0x12 ./Drivers/STM32F1xx_HAL_Driver/Src/stm32f1xx_hal_can.o
                0x0000000008005914                HAL_CAN_TxMailbox1AbortCallback
 .text.HAL_CAN_TxMailbox2AbortCallback
                0x0000000008005926       0x12 ./Drivers/STM32F1xx_HAL_Driver/Src/stm32f1xx_hal_can.o
                0x0000000008005926                HAL_CAN_TxMailbox2AbortCallback
 .text.HAL_CAN_RxFifo0FullCallback
                0x0000000008005938       0x12 ./Drivers/STM32F1xx_HAL_Driver/Src/stm32f1xx_hal_can.o
                0x0000000008005938                HAL_CAN_RxFifo0FullCallback
 .text.HAL_CAN_RxFifo1MsgPendingCallback
                0x000000000800594a       0x12 ./Drivers/STM32F1xx_HAL_Driver/Src/stm32f1xx_hal_can.o
                0x000000000800594a                HAL_CAN_RxFifo1MsgPendingCallback
 .text.HAL_CAN_RxFifo1FullCallback
                0x000000000800595c       0x12 ./Drivers/STM32F1xx_HAL_Driver/Src/stm32f1xx_hal_can.o
                0x000000000800595c                HAL_CAN_RxFifo1FullCallback
 .text.HAL_CAN_SleepCallback
                0x000000000800596e       0x12 ./Drivers/STM32F1xx_HAL_Driver/Src/stm32f1xx_hal_can.o
                0x000000000800596e                HAL_CAN_SleepCallback
 .text.HAL_CAN_WakeUpFromRxMsgCallback
                0x0000000008005980       0x12 ./Drivers/STM32F1xx_HAL_Driver/Src/stm32f1xx_hal_can.o
                0x0000000008005980                HAL_CAN_WakeUpFromRxMsgCallback
 *fill*         0x0000000008005992        0x2 
 .text.__NVIC_SetPriorityGrouping
                0x0000000008005994       0x48 ./Drivers/STM32F1xx_HAL_Driver/Src/stm32f1xx_hal_cortex.o
 .text.__NVIC_GetPriorityGrouping
                0x00000000080059dc       0x1c ./Drivers/STM32F1xx_HAL_Driver/Src/stm32f1xx_hal_cortex.o
 .text.__NVIC_EnableIRQ
                0x00000000080059f8       0x38 ./Drivers/STM32F1xx_HAL_Driver/Src/stm32f1xx_hal_cortex.o
 .text.__NVIC_SetPriority
                0x0000000008005a30       0x54 ./Drivers/STM32F1xx_HAL_Driver/Src/stm32f1xx_hal_cortex.o
 .text.NVIC_EncodePriority
                0x0000000008005a84       0x64 ./Drivers/STM32F1xx_HAL_Driver/Src/stm32f1xx_hal_cortex.o
 .text.SysTick_Config
                0x0000000008005ae8       0x44 ./Drivers/STM32F1xx_HAL_Driver/Src/stm32f1xx_hal_cortex.o
 .text.HAL_NVIC_SetPriorityGrouping
                0x0000000008005b2c       0x16 ./Drivers/STM32F1xx_HAL_Driver/Src/stm32f1xx_hal_cortex.o
                0x0000000008005b2c                HAL_NVIC_SetPriorityGrouping
 .text.HAL_NVIC_SetPriority
                0x0000000008005b42       0x38 ./Drivers/STM32F1xx_HAL_Driver/Src/stm32f1xx_hal_cortex.o
                0x0000000008005b42                HAL_NVIC_SetPriority
 .text.HAL_NVIC_EnableIRQ
                0x0000000008005b7a       0x1c ./Drivers/STM32F1xx_HAL_Driver/Src/stm32f1xx_hal_cortex.o
                0x0000000008005b7a                HAL_NVIC_EnableIRQ
 .text.HAL_SYSTICK_Config
                0x0000000008005b96       0x18 ./Drivers/STM32F1xx_HAL_Driver/Src/stm32f1xx_hal_cortex.o
                0x0000000008005b96                HAL_SYSTICK_Config
 *fill*         0x0000000008005bae        0x2 
 .text.HAL_DMA_Init
                0x0000000008005bb0       0xb4 ./Drivers/STM32F1xx_HAL_Driver/Src/stm32f1xx_hal_dma.o
                0x0000000008005bb0                HAL_DMA_Init
 .text.HAL_DMA_Start_IT
                0x0000000008005c64       0xc0 ./Drivers/STM32F1xx_HAL_Driver/Src/stm32f1xx_hal_dma.o
                0x0000000008005c64                HAL_DMA_Start_IT
 .text.HAL_DMA_Abort
                0x0000000008005d24       0x76 ./Drivers/STM32F1xx_HAL_Driver/Src/stm32f1xx_hal_dma.o
                0x0000000008005d24                HAL_DMA_Abort
 *fill*         0x0000000008005d9a        0x2 
 .text.HAL_DMA_Abort_IT
                0x0000000008005d9c       0xf0 ./Drivers/STM32F1xx_HAL_Driver/Src/stm32f1xx_hal_dma.o
                0x0000000008005d9c                HAL_DMA_Abort_IT
 .text.HAL_DMA_IRQHandler
                0x0000000008005e8c      0x20c ./Drivers/STM32F1xx_HAL_Driver/Src/stm32f1xx_hal_dma.o
                0x0000000008005e8c                HAL_DMA_IRQHandler
 .text.DMA_SetConfig
                0x0000000008006098       0x5a ./Drivers/STM32F1xx_HAL_Driver/Src/stm32f1xx_hal_dma.o
 *fill*         0x00000000080060f2        0x2 
 .text.HAL_GPIO_Init
                0x00000000080060f4      0x308 ./Drivers/STM32F1xx_HAL_Driver/Src/stm32f1xx_hal_gpio.o
                0x00000000080060f4                HAL_GPIO_Init
 .text.HAL_GPIO_ReadPin
                0x00000000080063fc       0x2e ./Drivers/STM32F1xx_HAL_Driver/Src/stm32f1xx_hal_gpio.o
                0x00000000080063fc                HAL_GPIO_ReadPin
 .text.HAL_GPIO_WritePin
                0x000000000800642a       0x30 ./Drivers/STM32F1xx_HAL_Driver/Src/stm32f1xx_hal_gpio.o
                0x000000000800642a                HAL_GPIO_WritePin
 *fill*         0x000000000800645a        0x2 
 .text.HAL_RCC_OscConfig
                0x000000000800645c      0x504 ./Drivers/STM32F1xx_HAL_Driver/Src/stm32f1xx_hal_rcc.o
                0x000000000800645c                HAL_RCC_OscConfig
 .text.HAL_RCC_ClockConfig
                0x0000000008006960      0x1d4 ./Drivers/STM32F1xx_HAL_Driver/Src/stm32f1xx_hal_rcc.o
                0x0000000008006960                HAL_RCC_ClockConfig
 .text.HAL_RCC_GetSysClockFreq
                0x0000000008006b34       0xa8 ./Drivers/STM32F1xx_HAL_Driver/Src/stm32f1xx_hal_rcc.o
                0x0000000008006b34                HAL_RCC_GetSysClockFreq
 .text.HAL_RCC_GetHCLKFreq
                0x0000000008006bdc       0x14 ./Drivers/STM32F1xx_HAL_Driver/Src/stm32f1xx_hal_rcc.o
                0x0000000008006bdc                HAL_RCC_GetHCLKFreq
 .text.HAL_RCC_GetPCLK1Freq
                0x0000000008006bf0       0x28 ./Drivers/STM32F1xx_HAL_Driver/Src/stm32f1xx_hal_rcc.o
                0x0000000008006bf0                HAL_RCC_GetPCLK1Freq
 .text.HAL_RCC_GetPCLK2Freq
                0x0000000008006c18       0x28 ./Drivers/STM32F1xx_HAL_Driver/Src/stm32f1xx_hal_rcc.o
                0x0000000008006c18                HAL_RCC_GetPCLK2Freq
 .text.RCC_Delay
                0x0000000008006c40       0x3c ./Drivers/STM32F1xx_HAL_Driver/Src/stm32f1xx_hal_rcc.o
 .text.HAL_SPI_Init
                0x0000000008006c7c      0x108 ./Drivers/STM32F1xx_HAL_Driver/Src/stm32f1xx_hal_spi.o
                0x0000000008006c7c                HAL_SPI_Init
 .text.HAL_SPI_Transmit
                0x0000000008006d84      0x286 ./Drivers/STM32F1xx_HAL_Driver/Src/stm32f1xx_hal_spi.o
                0x0000000008006d84                HAL_SPI_Transmit
 *fill*         0x000000000800700a        0x2 
 .text.SPI_WaitFlagStateUntilTimeout
                0x000000000800700c      0x110 ./Drivers/STM32F1xx_HAL_Driver/Src/stm32f1xx_hal_spi.o
 .text.SPI_EndRxTxTransaction
                0x000000000800711c       0x3c ./Drivers/STM32F1xx_HAL_Driver/Src/stm32f1xx_hal_spi.o
 .text.HAL_TIM_Encoder_Init
                0x0000000008007158      0x144 ./Drivers/STM32F1xx_HAL_Driver/Src/stm32f1xx_hal_tim.o
                0x0000000008007158                HAL_TIM_Encoder_Init
 .text.HAL_TIM_Encoder_Start
                0x000000000800729c      0x11c ./Drivers/STM32F1xx_HAL_Driver/Src/stm32f1xx_hal_tim.o
                0x000000000800729c                HAL_TIM_Encoder_Start
 .text.TIM_Base_SetConfig
                0x00000000080073b8       0xc4 ./Drivers/STM32F1xx_HAL_Driver/Src/stm32f1xx_hal_tim.o
                0x00000000080073b8                TIM_Base_SetConfig
 .text.TIM_CCxChannelCmd
                0x000000000800747c       0x48 ./Drivers/STM32F1xx_HAL_Driver/Src/stm32f1xx_hal_tim.o
                0x000000000800747c                TIM_CCxChannelCmd
 .text.HAL_TIMEx_MasterConfigSynchronization
                0x00000000080074c4       0xbc ./Drivers/STM32F1xx_HAL_Driver/Src/stm32f1xx_hal_tim_ex.o
                0x00000000080074c4                HAL_TIMEx_MasterConfigSynchronization
 .text.HAL_UART_Init
                0x0000000008007580       0xa0 ./Drivers/STM32F1xx_HAL_Driver/Src/stm32f1xx_hal_uart.o
                0x0000000008007580                HAL_UART_Init
 .text.HAL_UART_Transmit
                0x0000000008007620      0x106 ./Drivers/STM32F1xx_HAL_Driver/Src/stm32f1xx_hal_uart.o
                0x0000000008007620                HAL_UART_Transmit
 .text.HAL_UARTEx_ReceiveToIdle_DMA
                0x0000000008007726       0xba ./Drivers/STM32F1xx_HAL_Driver/Src/stm32f1xx_hal_uart.o
                0x0000000008007726                HAL_UARTEx_ReceiveToIdle_DMA
 .text.HAL_UART_IRQHandler
                0x00000000080077e0      0x524 ./Drivers/STM32F1xx_HAL_Driver/Src/stm32f1xx_hal_uart.o
                0x00000000080077e0                HAL_UART_IRQHandler
 .text.HAL_UART_TxCpltCallback
                0x0000000008007d04       0x12 ./Drivers/STM32F1xx_HAL_Driver/Src/stm32f1xx_hal_uart.o
                0x0000000008007d04                HAL_UART_TxCpltCallback
 .text.HAL_UART_RxCpltCallback
                0x0000000008007d16       0x12 ./Drivers/STM32F1xx_HAL_Driver/Src/stm32f1xx_hal_uart.o
                0x0000000008007d16                HAL_UART_RxCpltCallback
 .text.HAL_UART_RxHalfCpltCallback
                0x0000000008007d28       0x12 ./Drivers/STM32F1xx_HAL_Driver/Src/stm32f1xx_hal_uart.o
                0x0000000008007d28                HAL_UART_RxHalfCpltCallback
 .text.HAL_UART_GetError
                0x0000000008007d3a       0x16 ./Drivers/STM32F1xx_HAL_Driver/Src/stm32f1xx_hal_uart.o
                0x0000000008007d3a                HAL_UART_GetError
 .text.UART_DMAReceiveCplt
                0x0000000008007d50      0x12c ./Drivers/STM32F1xx_HAL_Driver/Src/stm32f1xx_hal_uart.o
 .text.UART_DMARxHalfCplt
                0x0000000008007e7c       0x3c ./Drivers/STM32F1xx_HAL_Driver/Src/stm32f1xx_hal_uart.o
 .text.UART_DMAError
                0x0000000008007eb8       0x94 ./Drivers/STM32F1xx_HAL_Driver/Src/stm32f1xx_hal_uart.o
 .text.UART_WaitOnFlagUntilTimeout
                0x0000000008007f4c       0xdc ./Drivers/STM32F1xx_HAL_Driver/Src/stm32f1xx_hal_uart.o
 .text.UART_Start_Receive_DMA
                0x0000000008008028      0x134 ./Drivers/STM32F1xx_HAL_Driver/Src/stm32f1xx_hal_uart.o
                0x0000000008008028                UART_Start_Receive_DMA
 .text.UART_EndTxTransfer
                0x000000000800815c       0x4e ./Drivers/STM32F1xx_HAL_Driver/Src/stm32f1xx_hal_uart.o
 .text.UART_EndRxTransfer
                0x00000000080081aa       0xc4 ./Drivers/STM32F1xx_HAL_Driver/Src/stm32f1xx_hal_uart.o
 .text.UART_DMAAbortOnError
                0x000000000800826e       0x28 ./Drivers/STM32F1xx_HAL_Driver/Src/stm32f1xx_hal_uart.o
 .text.UART_Transmit_IT
                0x0000000008008296       0x9e ./Drivers/STM32F1xx_HAL_Driver/Src/stm32f1xx_hal_uart.o
 .text.UART_EndTransmit_IT
                0x0000000008008334       0x30 ./Drivers/STM32F1xx_HAL_Driver/Src/stm32f1xx_hal_uart.o
 .text.UART_Receive_IT
                0x0000000008008364      0x17c ./Drivers/STM32F1xx_HAL_Driver/Src/stm32f1xx_hal_uart.o
 .text.UART_SetConfig
                0x00000000080084e0      0x11c ./Drivers/STM32F1xx_HAL_Driver/Src/stm32f1xx_hal_uart.o
 .text.__libc_init_array
                0x00000000080085fc       0x48 c:/st/stm32cubeide_1.9.0/stm32cubeide/plugins/com.st.stm32cube.ide.mcu.externaltools.gnu-tools-for-stm32.10.3-2021.10.win32_1.0.100.202210260954/tools/bin/../lib/gcc/arm-none-eabi/10.3.1/../../../../arm-none-eabi/lib/thumb/v7-m/nofp\libc_nano.a(lib_a-init.o)
                0x00000000080085fc                __libc_init_array
 .text.memset   0x0000000008008644       0x10 c:/st/stm32cubeide_1.9.0/stm32cubeide/plugins/com.st.stm32cube.ide.mcu.externaltools.gnu-tools-for-stm32.10.3-2021.10.win32_1.0.100.202210260954/tools/bin/../lib/gcc/arm-none-eabi/10.3.1/../../../../arm-none-eabi/lib/thumb/v7-m/nofp\libc_nano.a(lib_a-memset.o)
                0x0000000008008644                memset
 *(.glue_7)
 .glue_7        0x0000000008008654        0x0 linker stubs
 *(.glue_7t)
 .glue_7t       0x0000000008008654        0x0 linker stubs
 *(.eh_frame)
 .eh_frame      0x0000000008008654        0x0 c:/st/stm32cubeide_1.9.0/stm32cubeide/plugins/com.st.stm32cube.ide.mcu.externaltools.gnu-tools-for-stm32.10.3-2021.10.win32_1.0.100.202210260954/tools/bin/../lib/gcc/arm-none-eabi/10.3.1/thumb/v7-m/nofp/crtbegin.o
 *(.init)
 .init          0x0000000008008654        0x4 c:/st/stm32cubeide_1.9.0/stm32cubeide/plugins/com.st.stm32cube.ide.mcu.externaltools.gnu-tools-for-stm32.10.3-2021.10.win32_1.0.100.202210260954/tools/bin/../lib/gcc/arm-none-eabi/10.3.1/thumb/v7-m/nofp/crti.o
                0x0000000008008654                _init
 .init          0x0000000008008658        0x8 c:/st/stm32cubeide_1.9.0/stm32cubeide/plugins/com.st.stm32cube.ide.mcu.externaltools.gnu-tools-for-stm32.10.3-2021.10.win32_1.0.100.202210260954/tools/bin/../lib/gcc/arm-none-eabi/10.3.1/thumb/v7-m/nofp/crtn.o
 *(.fini)
 .fini          0x0000000008008660        0x4 c:/st/stm32cubeide_1.9.0/stm32cubeide/plugins/com.st.stm32cube.ide.mcu.externaltools.gnu-tools-for-stm32.10.3-2021.10.win32_1.0.100.202210260954/tools/bin/../lib/gcc/arm-none-eabi/10.3.1/thumb/v7-m/nofp/crti.o
                0x0000000008008660                _fini
 .fini          0x0000000008008664        0x8 c:/st/stm32cubeide_1.9.0/stm32cubeide/plugins/com.st.stm32cube.ide.mcu.externaltools.gnu-tools-for-stm32.10.3-2021.10.win32_1.0.100.202210260954/tools/bin/../lib/gcc/arm-none-eabi/10.3.1/thumb/v7-m/nofp/crtn.o
                0x000000000800866c                . = ALIGN (0x4)
                0x000000000800866c                _etext = .

.vfp11_veneer   0x000000000800866c        0x0
 .vfp11_veneer  0x000000000800866c        0x0 linker stubs

.v4_bx          0x000000000800866c        0x0
 .v4_bx         0x000000000800866c        0x0 linker stubs

.iplt           0x000000000800866c        0x0
 .iplt          0x000000000800866c        0x0 c:/st/stm32cubeide_1.9.0/stm32cubeide/plugins/com.st.stm32cube.ide.mcu.externaltools.gnu-tools-for-stm32.10.3-2021.10.win32_1.0.100.202210260954/tools/bin/../lib/gcc/arm-none-eabi/10.3.1/thumb/v7-m/nofp/crtbegin.o

.rodata         0x0000000008008670     0x4170
                0x0000000008008670                . = ALIGN (0x4)
 *(.rodata)
 .rodata        0x0000000008008670      0x107 ./Core/Src/main.o
 *fill*         0x0000000008008777        0x1 
 .rodata        0x0000000008008778       0x18 ./Core/Src/printf/printf.o
 *(.rodata*)
 .rodata.AHBPrescTable
                0x0000000008008790       0x10 ./Core/Src/system_stm32f1xx.o
                0x0000000008008790                AHBPrescTable
 .rodata.APBPrescTable
                0x00000000080087a0        0x8 ./Core/Src/system_stm32f1xx.o
                0x00000000080087a0                APBPrescTable
 .rodata.pow10.0
                0x00000000080087a8       0x50 ./Core/Src/printf/printf.o
 .rodata.Font7x10
                0x00000000080087f8      0x76c ./Core/Src/ssd1306/ssd1306_fonts.o
 .rodata.Font11x18
                0x0000000008008f64      0xd5c ./Core/Src/ssd1306/ssd1306_fonts.o
 .rodata.Font16x26
                0x0000000008009cc0     0x134c ./Core/Src/ssd1306/ssd1306_fonts.o
 .rodata.Font6x8
                0x000000000800b00c      0x5f0 ./Core/Src/ssd1306/ssd1306_fonts.o
 .rodata.Font16x24
                0x000000000800b5fc     0x11d0 ./Core/Src/ssd1306/ssd1306_fonts.o
 .rodata.aPLLMULFactorTable.1
                0x000000000800c7cc       0x10 ./Drivers/STM32F1xx_HAL_Driver/Src/stm32f1xx_hal_rcc.o
 .rodata.aPredivFactorTable.0
                0x000000000800c7dc        0x2 ./Drivers/STM32F1xx_HAL_Driver/Src/stm32f1xx_hal_rcc.o
                0x000000000800c7e0                . = ALIGN (0x4)
 *fill*         0x000000000800c7de        0x2 

.ARM.extab      0x000000000800c7e0        0x0
                0x000000000800c7e0                . = ALIGN (0x4)
 *(.ARM.extab* .gnu.linkonce.armextab.*)
                0x000000000800c7e0                . = ALIGN (0x4)

.ARM            0x000000000800c7e0        0x8
                0x000000000800c7e0                . = ALIGN (0x4)
                0x000000000800c7e0                __exidx_start = .
 *(.ARM.exidx*)
 .ARM.exidx     0x000000000800c7e0        0x8 c:/st/stm32cubeide_1.9.0/stm32cubeide/plugins/com.st.stm32cube.ide.mcu.externaltools.gnu-tools-for-stm32.10.3-2021.10.win32_1.0.100.202210260954/tools/bin/../lib/gcc/arm-none-eabi/10.3.1/thumb/v7-m/nofp\libgcc.a(_udivmoddi4.o)
                0x000000000800c7e8                __exidx_end = .
                0x000000000800c7e8                . = ALIGN (0x4)

.rel.dyn        0x000000000800c7e8        0x0
 .rel.iplt      0x000000000800c7e8        0x0 c:/st/stm32cubeide_1.9.0/stm32cubeide/plugins/com.st.stm32cube.ide.mcu.externaltools.gnu-tools-for-stm32.10.3-2021.10.win32_1.0.100.202210260954/tools/bin/../lib/gcc/arm-none-eabi/10.3.1/thumb/v7-m/nofp/crtbegin.o

.preinit_array  0x000000000800c7e8        0x0
                0x000000000800c7e8                . = ALIGN (0x4)
                0x000000000800c7e8                PROVIDE (__preinit_array_start = .)
 *(.preinit_array*)
                0x000000000800c7e8                PROVIDE (__preinit_array_end = .)
                0x000000000800c7e8                . = ALIGN (0x4)

.init_array     0x000000000800c7e8        0x4
                0x000000000800c7e8                . = ALIGN (0x4)
                0x000000000800c7e8                PROVIDE (__init_array_start = .)
 *(SORT_BY_NAME(.init_array.*))
 *(.init_array*)
 .init_array    0x000000000800c7e8        0x4 c:/st/stm32cubeide_1.9.0/stm32cubeide/plugins/com.st.stm32cube.ide.mcu.externaltools.gnu-tools-for-stm32.10.3-2021.10.win32_1.0.100.202210260954/tools/bin/../lib/gcc/arm-none-eabi/10.3.1/thumb/v7-m/nofp/crtbegin.o
                0x000000000800c7ec                PROVIDE (__init_array_end = .)
                0x000000000800c7ec                . = ALIGN (0x4)

.fini_array     0x000000000800c7ec        0x4
                0x000000000800c7ec                . = ALIGN (0x4)
                [!provide]                        PROVIDE (__fini_array_start = .)
 *(SORT_BY_NAME(.fini_array.*))
 *(.fini_array*)
 .fini_array    0x000000000800c7ec        0x4 c:/st/stm32cubeide_1.9.0/stm32cubeide/plugins/com.st.stm32cube.ide.mcu.externaltools.gnu-tools-for-stm32.10.3-2021.10.win32_1.0.100.202210260954/tools/bin/../lib/gcc/arm-none-eabi/10.3.1/thumb/v7-m/nofp/crtbegin.o
                [!provide]                        PROVIDE (__fini_array_end = .)
                0x000000000800c7f0                . = ALIGN (0x4)
                0x000000000800c7f0                _sidata = LOADADDR (.data)

.data           0x0000000020000000       0x54 load address 0x000000000800c7f0
                0x0000000020000000                . = ALIGN (0x4)
                0x0000000020000000                _sdata = .
 *(.data)
 *(.data*)
 .data.bms_jbd_request_msg0
                0x0000000020000000        0x7 ./Core/Src/main.o
                0x0000000020000000                bms_jbd_request_msg0
 *fill*         0x0000000020000007        0x1 
 .data.bms_jbd_request_msg1
                0x0000000020000008        0x7 ./Core/Src/main.o
                0x0000000020000008                bms_jbd_request_msg1
 *fill*         0x000000002000000f        0x1 
 .data.bms_smart_request_msg
                0x0000000020000010        0xd ./Core/Src/main.o
                0x0000000020000010                bms_smart_request_msg
 *fill*         0x000000002000001d        0x3 
 .data.SystemCoreClock
                0x0000000020000020        0x4 ./Core/Src/system_stm32f1xx.o
                0x0000000020000020                SystemCoreClock
 .data.Font_6x8
                0x0000000020000024        0x8 ./Core/Src/ssd1306/ssd1306_fonts.o
                0x0000000020000024                Font_6x8
 .data.Font_7x10
                0x000000002000002c        0x8 ./Core/Src/ssd1306/ssd1306_fonts.o
                0x000000002000002c                Font_7x10
 .data.Font_11x18
                0x0000000020000034        0x8 ./Core/Src/ssd1306/ssd1306_fonts.o
                0x0000000020000034                Font_11x18
 .data.Font_16x26
                0x000000002000003c        0x8 ./Core/Src/ssd1306/ssd1306_fonts.o
                0x000000002000003c                Font_16x26
 .data.Font_16x24
                0x0000000020000044        0x8 ./Core/Src/ssd1306/ssd1306_fonts.o
                0x0000000020000044                Font_16x24
 .data.uwTickPrio
                0x000000002000004c        0x4 ./Drivers/STM32F1xx_HAL_Driver/Src/stm32f1xx_hal.o
                0x000000002000004c                uwTickPrio
 .data.uwTickFreq
                0x0000000020000050        0x1 ./Drivers/STM32F1xx_HAL_Driver/Src/stm32f1xx_hal.o
                0x0000000020000050                uwTickFreq
 *(.RamFunc)
 *(.RamFunc*)
                0x0000000020000054                . = ALIGN (0x4)
 *fill*         0x0000000020000051        0x3 
                0x0000000020000054                _edata = .

.igot.plt       0x0000000020000054        0x0 load address 0x000000000800c844
 .igot.plt      0x0000000020000054        0x0 c:/st/stm32cubeide_1.9.0/stm32cubeide/plugins/com.st.stm32cube.ide.mcu.externaltools.gnu-tools-for-stm32.10.3-2021.10.win32_1.0.100.202210260954/tools/bin/../lib/gcc/arm-none-eabi/10.3.1/thumb/v7-m/nofp/crtbegin.o
                0x0000000020000054                . = ALIGN (0x4)

.bss            0x0000000020000054      0x760 load address 0x000000000800c844
                0x0000000020000054                _sbss = .
                0x0000000020000054                __bss_start__ = _sbss
 *(.bss)
 .bss           0x0000000020000054       0x1c c:/st/stm32cubeide_1.9.0/stm32cubeide/plugins/com.st.stm32cube.ide.mcu.externaltools.gnu-tools-for-stm32.10.3-2021.10.win32_1.0.100.202210260954/tools/bin/../lib/gcc/arm-none-eabi/10.3.1/thumb/v7-m/nofp/crtbegin.o
 *(.bss*)
 .bss.hcan      0x0000000020000070       0x28 ./Core/Src/main.o
                0x0000000020000070                hcan
 .bss.hspi1     0x0000000020000098       0x58 ./Core/Src/main.o
                0x0000000020000098                hspi1
 .bss.htim4     0x00000000200000f0       0x48 ./Core/Src/main.o
                0x00000000200000f0                htim4
 .bss.huart1    0x0000000020000138       0x48 ./Core/Src/main.o
                0x0000000020000138                huart1
 .bss.hdma_usart1_rx
                0x0000000020000180       0x44 ./Core/Src/main.o
                0x0000000020000180                hdma_usart1_rx
 .bss.enc_prev  0x00000000200001c4        0x4 ./Core/Src/main.o
                0x00000000200001c4                enc_prev
 .bss.enc_idle_tick
                0x00000000200001c8        0x4 ./Core/Src/main.o
                0x00000000200001c8                enc_idle_tick
 .bss.bms_uart_buff
                0x00000000200001cc       0x64 ./Core/Src/main.o
                0x00000000200001cc                bms_uart_buff
 .bss.new_bms_data
                0x0000000020000230        0x1 ./Core/Src/main.o
                0x0000000020000230                new_bms_data
 *fill*         0x0000000020000231        0x1 
 .bss.data_size
                0x0000000020000232        0x2 ./Core/Src/main.o
                0x0000000020000232                data_size
 .bss.smart_buff
                0x0000000020000234       0x64 ./Core/Src/main.o
                0x0000000020000234                smart_buff
 .bss.size_recv_buff
                0x0000000020000298        0x4 ./Core/Src/main.o
                0x0000000020000298                size_recv_buff
 .bss.bms_req_time
                0x000000002000029c        0x4 ./Core/Src/main.o
                0x000000002000029c                bms_req_time
 .bss.battery_capacity
                0x00000000200002a0        0x4 ./Core/Src/main.o
                0x00000000200002a0                battery_capacity
 .bss.check_bms_i
                0x00000000200002a4        0x4 ./Core/Src/main.o
                0x00000000200002a4                check_bms_i
 .bss.screen_bms
                0x00000000200002a8        0x4 ./Core/Src/main.o
                0x00000000200002a8                screen_bms
 .bss.start_stop
                0x00000000200002ac        0x4 ./Core/Src/main.o
                0x00000000200002ac                start_stop
 .bss.motor_speed
                0x00000000200002b0        0x4 ./Core/Src/main.o
                0x00000000200002b0                motor_speed
 .bss.TxHeader  0x00000000200002b4       0x18 ./Core/Src/main.o
                0x00000000200002b4                TxHeader
 .bss.RxHeader  0x00000000200002cc       0x1c ./Core/Src/main.o
                0x00000000200002cc                RxHeader
 .bss.TxData    0x00000000200002e8        0x8 ./Core/Src/main.o
                0x00000000200002e8                TxData
 .bss.RxData    0x00000000200002f0        0x8 ./Core/Src/main.o
                0x00000000200002f0                RxData
 .bss.TxMailbox
                0x00000000200002f8        0x4 ./Core/Src/main.o
                0x00000000200002f8                TxMailbox
 .bss.NewCanMsg
                0x00000000200002fc        0x1 ./Core/Src/main.o
                0x00000000200002fc                NewCanMsg
 *fill*         0x00000000200002fd        0x3 
 .bss.curr_menu
                0x0000000020000300        0x4 ./Core/Src/main.o
                0x0000000020000300                curr_menu
 .bss.batteryMsg
                0x0000000020000304       0x50 ./Core/Src/main.o
                0x0000000020000304                batteryMsg
 .bss.stButtons
                0x0000000020000354       0x30 ./Core/Src/main.o
                0x0000000020000354                stButtons
 .bss.move_axis_en.4
                0x0000000020000384        0x4 ./Core/Src/main.o
 .bss.lift_axis_en.3
                0x0000000020000388        0x4 ./Core/Src/main.o
 .bss.ch_velocity.2
                0x000000002000038c        0x4 ./Core/Src/main.o
 .bss.a.1       0x0000000020000390        0x1 ./Core/Src/main.o
 *fill*         0x0000000020000391        0x3 
 .bss.blink_t.0
                0x0000000020000394        0x4 ./Core/Src/main.o
 .bss.SSD1306_Buffer
                0x0000000020000398      0x410 ./Core/Src/ssd1306/ssd1306.o
 .bss.SSD1306   0x00000000200007a8        0x6 ./Core/Src/ssd1306/ssd1306.o
 *fill*         0x00000000200007ae        0x2 
 .bss.uwTick    0x00000000200007b0        0x4 ./Drivers/STM32F1xx_HAL_Driver/Src/stm32f1xx_hal.o
                0x00000000200007b0                uwTick
 *(COMMON)
                0x00000000200007b4                . = ALIGN (0x4)
                0x00000000200007b4                _ebss = .
                0x00000000200007b4                __bss_end__ = _ebss

._user_heap_stack
                0x00000000200007b4      0x604 load address 0x000000000800c844
                0x00000000200007b8                . = ALIGN (0x8)
 *fill*         0x00000000200007b4        0x4 
                [!provide]                        PROVIDE (end = .)
                0x00000000200007b8                PROVIDE (_end = .)
                0x00000000200009b8                . = (. + _Min_Heap_Size)
 *fill*         0x00000000200007b8      0x200 
                0x0000000020000db8                . = (. + _Min_Stack_Size)
 *fill*         0x00000000200009b8      0x400 
                0x0000000020000db8                . = ALIGN (0x8)

/DISCARD/
 libc.a(*)
 libm.a(*)
 libgcc.a(*)

.ARM.attributes
                0x0000000000000000       0x29
 *(.ARM.attributes)
 .ARM.attributes
                0x0000000000000000       0x1d c:/st/stm32cubeide_1.9.0/stm32cubeide/plugins/com.st.stm32cube.ide.mcu.externaltools.gnu-tools-for-stm32.10.3-2021.10.win32_1.0.100.202210260954/tools/bin/../lib/gcc/arm-none-eabi/10.3.1/thumb/v7-m/nofp/crti.o
 .ARM.attributes
                0x000000000000001d       0x2d c:/st/stm32cubeide_1.9.0/stm32cubeide/plugins/com.st.stm32cube.ide.mcu.externaltools.gnu-tools-for-stm32.10.3-2021.10.win32_1.0.100.202210260954/tools/bin/../lib/gcc/arm-none-eabi/10.3.1/thumb/v7-m/nofp/crtbegin.o
 .ARM.attributes
                0x000000000000004a       0x2d ./Core/Src/main.o
 .ARM.attributes
                0x0000000000000077       0x2d ./Core/Src/stm32f1xx_hal_msp.o
 .ARM.attributes
                0x00000000000000a4       0x2d ./Core/Src/stm32f1xx_it.o
 .ARM.attributes
                0x00000000000000d1       0x2d ./Core/Src/system_stm32f1xx.o
 .ARM.attributes
                0x00000000000000fe       0x2d ./Core/Src/printf/printf.o
 .ARM.attributes
                0x000000000000012b       0x2d ./Core/Src/ssd1306/ssd1306.o
 .ARM.attributes
                0x0000000000000158       0x2d ./Core/Src/ssd1306/ssd1306_fonts.o
 .ARM.attributes
                0x0000000000000185       0x21 ./Core/Startup/startup_stm32f103c8tx.o
 .ARM.attributes
                0x00000000000001a6       0x2d ./Drivers/STM32F1xx_HAL_Driver/Src/stm32f1xx_hal.o
 .ARM.attributes
                0x00000000000001d3       0x2d ./Drivers/STM32F1xx_HAL_Driver/Src/stm32f1xx_hal_can.o
 .ARM.attributes
                0x0000000000000200       0x2d ./Drivers/STM32F1xx_HAL_Driver/Src/stm32f1xx_hal_cortex.o
 .ARM.attributes
                0x000000000000022d       0x2d ./Drivers/STM32F1xx_HAL_Driver/Src/stm32f1xx_hal_dma.o
 .ARM.attributes
                0x000000000000025a       0x2d ./Drivers/STM32F1xx_HAL_Driver/Src/stm32f1xx_hal_gpio.o
 .ARM.attributes
                0x0000000000000287       0x2d ./Drivers/STM32F1xx_HAL_Driver/Src/stm32f1xx_hal_rcc.o
 .ARM.attributes
                0x00000000000002b4       0x2d ./Drivers/STM32F1xx_HAL_Driver/Src/stm32f1xx_hal_spi.o
 .ARM.attributes
                0x00000000000002e1       0x2d ./Drivers/STM32F1xx_HAL_Driver/Src/stm32f1xx_hal_tim.o
 .ARM.attributes
                0x000000000000030e       0x2d ./Drivers/STM32F1xx_HAL_Driver/Src/stm32f1xx_hal_tim_ex.o
 .ARM.attributes
                0x000000000000033b       0x2d ./Drivers/STM32F1xx_HAL_Driver/Src/stm32f1xx_hal_uart.o
 .ARM.attributes
                0x0000000000000368       0x2d c:/st/stm32cubeide_1.9.0/stm32cubeide/plugins/com.st.stm32cube.ide.mcu.externaltools.gnu-tools-for-stm32.10.3-2021.10.win32_1.0.100.202210260954/tools/bin/../lib/gcc/arm-none-eabi/10.3.1/../../../../arm-none-eabi/lib/thumb/v7-m/nofp\libc_nano.a(lib_a-init.o)
 .ARM.attributes
                0x0000000000000395       0x2d c:/st/stm32cubeide_1.9.0/stm32cubeide/plugins/com.st.stm32cube.ide.mcu.externaltools.gnu-tools-for-stm32.10.3-2021.10.win32_1.0.100.202210260954/tools/bin/../lib/gcc/arm-none-eabi/10.3.1/../../../../arm-none-eabi/lib/thumb/v7-m/nofp\libc_nano.a(lib_a-memset.o)
 .ARM.attributes
                0x00000000000003c2       0x1d c:/st/stm32cubeide_1.9.0/stm32cubeide/plugins/com.st.stm32cube.ide.mcu.externaltools.gnu-tools-for-stm32.10.3-2021.10.win32_1.0.100.202210260954/tools/bin/../lib/gcc/arm-none-eabi/10.3.1/thumb/v7-m/nofp\libgcc.a(_arm_addsubdf3.o)
 .ARM.attributes
                0x00000000000003df       0x1d c:/st/stm32cubeide_1.9.0/stm32cubeide/plugins/com.st.stm32cube.ide.mcu.externaltools.gnu-tools-for-stm32.10.3-2021.10.win32_1.0.100.202210260954/tools/bin/../lib/gcc/arm-none-eabi/10.3.1/thumb/v7-m/nofp\libgcc.a(_arm_muldivdf3.o)
 .ARM.attributes
                0x00000000000003fc       0x1d c:/st/stm32cubeide_1.9.0/stm32cubeide/plugins/com.st.stm32cube.ide.mcu.externaltools.gnu-tools-for-stm32.10.3-2021.10.win32_1.0.100.202210260954/tools/bin/../lib/gcc/arm-none-eabi/10.3.1/thumb/v7-m/nofp\libgcc.a(_arm_cmpdf2.o)
 .ARM.attributes
                0x0000000000000419       0x1d c:/st/stm32cubeide_1.9.0/stm32cubeide/plugins/com.st.stm32cube.ide.mcu.externaltools.gnu-tools-for-stm32.10.3-2021.10.win32_1.0.100.202210260954/tools/bin/../lib/gcc/arm-none-eabi/10.3.1/thumb/v7-m/nofp\libgcc.a(_arm_fixdfsi.o)
 .ARM.attributes
                0x0000000000000436       0x1d c:/st/stm32cubeide_1.9.0/stm32cubeide/plugins/com.st.stm32cube.ide.mcu.externaltools.gnu-tools-for-stm32.10.3-2021.10.win32_1.0.100.202210260954/tools/bin/../lib/gcc/arm-none-eabi/10.3.1/thumb/v7-m/nofp\libgcc.a(_arm_fixunsdfsi.o)
 .ARM.attributes
                0x0000000000000453       0x1d c:/st/stm32cubeide_1.9.0/stm32cubeide/plugins/com.st.stm32cube.ide.mcu.externaltools.gnu-tools-for-stm32.10.3-2021.10.win32_1.0.100.202210260954/tools/bin/../lib/gcc/arm-none-eabi/10.3.1/thumb/v7-m/nofp\libgcc.a(_arm_truncdfsf2.o)
 .ARM.attributes
                0x0000000000000470       0x1d c:/st/stm32cubeide_1.9.0/stm32cubeide/plugins/com.st.stm32cube.ide.mcu.externaltools.gnu-tools-for-stm32.10.3-2021.10.win32_1.0.100.202210260954/tools/bin/../lib/gcc/arm-none-eabi/10.3.1/thumb/v7-m/nofp\libgcc.a(_aeabi_uldivmod.o)
 .ARM.attributes
                0x000000000000048d       0x2d c:/st/stm32cubeide_1.9.0/stm32cubeide/plugins/com.st.stm32cube.ide.mcu.externaltools.gnu-tools-for-stm32.10.3-2021.10.win32_1.0.100.202210260954/tools/bin/../lib/gcc/arm-none-eabi/10.3.1/thumb/v7-m/nofp\libgcc.a(_udivmoddi4.o)
 .ARM.attributes
                0x00000000000004ba       0x1d c:/st/stm32cubeide_1.9.0/stm32cubeide/plugins/com.st.stm32cube.ide.mcu.externaltools.gnu-tools-for-stm32.10.3-2021.10.win32_1.0.100.202210260954/tools/bin/../lib/gcc/arm-none-eabi/10.3.1/thumb/v7-m/nofp\libgcc.a(_dvmd_tls.o)
 .ARM.attributes
                0x00000000000004d7       0x1d c:/st/stm32cubeide_1.9.0/stm32cubeide/plugins/com.st.stm32cube.ide.mcu.externaltools.gnu-tools-for-stm32.10.3-2021.10.win32_1.0.100.202210260954/tools/bin/../lib/gcc/arm-none-eabi/10.3.1/thumb/v7-m/nofp/crtn.o
OUTPUT(motor_tester_stm32.elf elf32-littlearm)
LOAD linker stubs
LOAD c:/st/stm32cubeide_1.9.0/stm32cubeide/plugins/com.st.stm32cube.ide.mcu.externaltools.gnu-tools-for-stm32.10.3-2021.10.win32_1.0.100.202210260954/tools/bin/../lib/gcc/arm-none-eabi/10.3.1/../../../../arm-none-eabi/lib/thumb/v7-m/nofp\libc.a
LOAD c:/st/stm32cubeide_1.9.0/stm32cubeide/plugins/com.st.stm32cube.ide.mcu.externaltools.gnu-tools-for-stm32.10.3-2021.10.win32_1.0.100.202210260954/tools/bin/../lib/gcc/arm-none-eabi/10.3.1/../../../../arm-none-eabi/lib/thumb/v7-m/nofp\libm.a
LOAD c:/st/stm32cubeide_1.9.0/stm32cubeide/plugins/com.st.stm32cube.ide.mcu.externaltools.gnu-tools-for-stm32.10.3-2021.10.win32_1.0.100.202210260954/tools/bin/../lib/gcc/arm-none-eabi/10.3.1/thumb/v7-m/nofp\libgcc.a

.debug_info     0x0000000000000000    0x12f7c
 .debug_info    0x0000000000000000     0x2827 ./Core/Src/main.o
 .debug_info    0x0000000000002827     0x15e9 ./Core/Src/stm32f1xx_hal_msp.o
 .debug_info    0x0000000000003e10      0xa85 ./Core/Src/stm32f1xx_it.o
 .debug_info    0x0000000000004895      0x23d ./Core/Src/system_stm32f1xx.o
 .debug_info    0x0000000000004ad2      0xe0d ./Core/Src/printf/printf.o
 .debug_info    0x00000000000058df     0x12d4 ./Core/Src/ssd1306/ssd1306.o
 .debug_info    0x0000000000006bb3      0x23d ./Core/Src/ssd1306/ssd1306_fonts.o
 .debug_info    0x0000000000006df0       0x22 ./Core/Startup/startup_stm32f103c8tx.o
 .debug_info    0x0000000000006e12      0x734 ./Drivers/STM32F1xx_HAL_Driver/Src/stm32f1xx_hal.o
 .debug_info    0x0000000000007546      0xfd7 ./Drivers/STM32F1xx_HAL_Driver/Src/stm32f1xx_hal_can.o
 .debug_info    0x000000000000851d      0xb20 ./Drivers/STM32F1xx_HAL_Driver/Src/stm32f1xx_hal_cortex.o
 .debug_info    0x000000000000903d      0x744 ./Drivers/STM32F1xx_HAL_Driver/Src/stm32f1xx_hal_dma.o
 .debug_info    0x0000000000009781      0x615 ./Drivers/STM32F1xx_HAL_Driver/Src/stm32f1xx_hal_gpio.o
 .debug_info    0x0000000000009d96      0x865 ./Drivers/STM32F1xx_HAL_Driver/Src/stm32f1xx_hal_rcc.o
 .debug_info    0x000000000000a5fb     0x165d ./Drivers/STM32F1xx_HAL_Driver/Src/stm32f1xx_hal_spi.o
 .debug_info    0x000000000000bc58     0x2bab ./Drivers/STM32F1xx_HAL_Driver/Src/stm32f1xx_hal_tim.o
 .debug_info    0x000000000000e803     0x15c7 ./Drivers/STM32F1xx_HAL_Driver/Src/stm32f1xx_hal_tim_ex.o
 .debug_info    0x000000000000fdca     0x31b2 ./Drivers/STM32F1xx_HAL_Driver/Src/stm32f1xx_hal_uart.o

.debug_abbrev   0x0000000000000000     0x27b5
 .debug_abbrev  0x0000000000000000      0x43f ./Core/Src/main.o
 .debug_abbrev  0x000000000000043f      0x289 ./Core/Src/stm32f1xx_hal_msp.o
 .debug_abbrev  0x00000000000006c8      0x1cb ./Core/Src/stm32f1xx_it.o
 .debug_abbrev  0x0000000000000893      0x13b ./Core/Src/system_stm32f1xx.o
 .debug_abbrev  0x00000000000009ce      0x243 ./Core/Src/printf/printf.o
 .debug_abbrev  0x0000000000000c11      0x34a ./Core/Src/ssd1306/ssd1306.o
 .debug_abbrev  0x0000000000000f5b       0xbe ./Core/Src/ssd1306/ssd1306_fonts.o
 .debug_abbrev  0x0000000000001019       0x12 ./Core/Startup/startup_stm32f103c8tx.o
 .debug_abbrev  0x000000000000102b      0x1fb ./Drivers/STM32F1xx_HAL_Driver/Src/stm32f1xx_hal.o
 .debug_abbrev  0x0000000000001226      0x224 ./Drivers/STM32F1xx_HAL_Driver/Src/stm32f1xx_hal_can.o
 .debug_abbrev  0x000000000000144a      0x2ed ./Drivers/STM32F1xx_HAL_Driver/Src/stm32f1xx_hal_cortex.o
 .debug_abbrev  0x0000000000001737      0x1fe ./Drivers/STM32F1xx_HAL_Driver/Src/stm32f1xx_hal_dma.o
 .debug_abbrev  0x0000000000001935      0x1bb ./Drivers/STM32F1xx_HAL_Driver/Src/stm32f1xx_hal_gpio.o
 .debug_abbrev  0x0000000000001af0      0x2a8 ./Drivers/STM32F1xx_HAL_Driver/Src/stm32f1xx_hal_rcc.o
 .debug_abbrev  0x0000000000001d98      0x26e ./Drivers/STM32F1xx_HAL_Driver/Src/stm32f1xx_hal_spi.o
 .debug_abbrev  0x0000000000002006      0x264 ./Drivers/STM32F1xx_HAL_Driver/Src/stm32f1xx_hal_tim.o
 .debug_abbrev  0x000000000000226a      0x26c ./Drivers/STM32F1xx_HAL_Driver/Src/stm32f1xx_hal_tim_ex.o
 .debug_abbrev  0x00000000000024d6      0x2df ./Drivers/STM32F1xx_HAL_Driver/Src/stm32f1xx_hal_uart.o

.debug_aranges  0x0000000000000000     0x1140
 .debug_aranges
                0x0000000000000000       0xd0 ./Core/Src/main.o
 .debug_aranges
                0x00000000000000d0       0x60 ./Core/Src/stm32f1xx_hal_msp.o
 .debug_aranges
                0x0000000000000130       0x80 ./Core/Src/stm32f1xx_it.o
 .debug_aranges
                0x00000000000001b0       0x28 ./Core/Src/system_stm32f1xx.o
 .debug_aranges
                0x00000000000001d8       0xb8 ./Core/Src/printf/printf.o
 .debug_aranges
                0x0000000000000290       0xe0 ./Core/Src/ssd1306/ssd1306.o
 .debug_aranges
                0x0000000000000370       0x18 ./Core/Src/ssd1306/ssd1306_fonts.o
 .debug_aranges
                0x0000000000000388       0x28 ./Core/Startup/startup_stm32f103c8tx.o
 .debug_aranges
                0x00000000000003b0       0xe0 ./Drivers/STM32F1xx_HAL_Driver/Src/stm32f1xx_hal.o
 .debug_aranges
                0x0000000000000490      0x138 ./Drivers/STM32F1xx_HAL_Driver/Src/stm32f1xx_hal_can.o
 .debug_aranges
                0x00000000000005c8      0x100 ./Drivers/STM32F1xx_HAL_Driver/Src/stm32f1xx_hal_cortex.o
 .debug_aranges
                0x00000000000006c8       0x80 ./Drivers/STM32F1xx_HAL_Driver/Src/stm32f1xx_hal_dma.o
 .debug_aranges
                0x0000000000000748       0x58 ./Drivers/STM32F1xx_HAL_Driver/Src/stm32f1xx_hal_gpio.o
 .debug_aranges
                0x00000000000007a0       0x90 ./Drivers/STM32F1xx_HAL_Driver/Src/stm32f1xx_hal_rcc.o
 .debug_aranges
                0x0000000000000830      0x1d0 ./Drivers/STM32F1xx_HAL_Driver/Src/stm32f1xx_hal_spi.o
 .debug_aranges
                0x0000000000000a00      0x3d0 ./Drivers/STM32F1xx_HAL_Driver/Src/stm32f1xx_hal_tim.o
 .debug_aranges
                0x0000000000000dd0      0x168 ./Drivers/STM32F1xx_HAL_Driver/Src/stm32f1xx_hal_tim_ex.o
 .debug_aranges
                0x0000000000000f38      0x208 ./Drivers/STM32F1xx_HAL_Driver/Src/stm32f1xx_hal_uart.o

.debug_ranges   0x0000000000000000     0x1098
 .debug_ranges  0x0000000000000000      0x108 ./Core/Src/main.o
 .debug_ranges  0x0000000000000108       0x50 ./Core/Src/stm32f1xx_hal_msp.o
 .debug_ranges  0x0000000000000158       0x70 ./Core/Src/stm32f1xx_it.o
 .debug_ranges  0x00000000000001c8       0x18 ./Core/Src/system_stm32f1xx.o
 .debug_ranges  0x00000000000001e0       0xa8 ./Core/Src/printf/printf.o
 .debug_ranges  0x0000000000000288       0xd0 ./Core/Src/ssd1306/ssd1306.o
 .debug_ranges  0x0000000000000358       0x20 ./Core/Startup/startup_stm32f103c8tx.o
 .debug_ranges  0x0000000000000378       0xd0 ./Drivers/STM32F1xx_HAL_Driver/Src/stm32f1xx_hal.o
 .debug_ranges  0x0000000000000448      0x128 ./Drivers/STM32F1xx_HAL_Driver/Src/stm32f1xx_hal_can.o
 .debug_ranges  0x0000000000000570       0xf0 ./Drivers/STM32F1xx_HAL_Driver/Src/stm32f1xx_hal_cortex.o
 .debug_ranges  0x0000000000000660       0x70 ./Drivers/STM32F1xx_HAL_Driver/Src/stm32f1xx_hal_dma.o
 .debug_ranges  0x00000000000006d0       0x48 ./Drivers/STM32F1xx_HAL_Driver/Src/stm32f1xx_hal_gpio.o
 .debug_ranges  0x0000000000000718       0x80 ./Drivers/STM32F1xx_HAL_Driver/Src/stm32f1xx_hal_rcc.o
 .debug_ranges  0x0000000000000798      0x1c0 ./Drivers/STM32F1xx_HAL_Driver/Src/stm32f1xx_hal_spi.o
 .debug_ranges  0x0000000000000958      0x3c0 ./Drivers/STM32F1xx_HAL_Driver/Src/stm32f1xx_hal_tim.o
 .debug_ranges  0x0000000000000d18      0x158 ./Drivers/STM32F1xx_HAL_Driver/Src/stm32f1xx_hal_tim_ex.o
 .debug_ranges  0x0000000000000e70      0x228 ./Drivers/STM32F1xx_HAL_Driver/Src/stm32f1xx_hal_uart.o

.debug_macro    0x0000000000000000    0x183ae
 .debug_macro   0x0000000000000000      0x253 ./Core/Src/main.o
 .debug_macro   0x0000000000000253      0xa6c ./Core/Src/main.o
 .debug_macro   0x0000000000000cbf      0x22d ./Core/Src/main.o
 .debug_macro   0x0000000000000eec       0x2e ./Core/Src/main.o
 .debug_macro   0x0000000000000f1a       0x22 ./Core/Src/main.o
 .debug_macro   0x0000000000000f3c       0x22 ./Core/Src/main.o
 .debug_macro   0x0000000000000f5e       0x8e ./Core/Src/main.o
 .debug_macro   0x0000000000000fec       0x51 ./Core/Src/main.o
 .debug_macro   0x000000000000103d      0x103 ./Core/Src/main.o
 .debug_macro   0x0000000000001140       0x6a ./Core/Src/main.o
 .debug_macro   0x00000000000011aa      0x1df ./Core/Src/main.o
 .debug_macro   0x0000000000001389       0x1c ./Core/Src/main.o
 .debug_macro   0x00000000000013a5       0x22 ./Core/Src/main.o
 .debug_macro   0x00000000000013c7       0xbd ./Core/Src/main.o
 .debug_macro   0x0000000000001484      0xd23 ./Core/Src/main.o
 .debug_macro   0x00000000000021a7     0xe09e ./Core/Src/main.o
 .debug_macro   0x0000000000010245       0x6d ./Core/Src/main.o
 .debug_macro   0x00000000000102b2     0x348d ./Core/Src/main.o
 .debug_macro   0x000000000001373f      0x174 ./Core/Src/main.o
 .debug_macro   0x00000000000138b3       0x5c ./Core/Src/main.o
 .debug_macro   0x000000000001390f      0x5bc ./Core/Src/main.o
 .debug_macro   0x0000000000013ecb      0x289 ./Core/Src/main.o
 .debug_macro   0x0000000000014154      0x1cb ./Core/Src/main.o
 .debug_macro   0x000000000001431f      0x114 ./Core/Src/main.o
 .debug_macro   0x0000000000014433      0x1b2 ./Core/Src/main.o
 .debug_macro   0x00000000000145e5       0x27 ./Core/Src/main.o
 .debug_macro   0x000000000001460c      0x136 ./Core/Src/main.o
 .debug_macro   0x0000000000014742      0x1bc ./Core/Src/main.o
 .debug_macro   0x00000000000148fe       0x34 ./Core/Src/main.o
 .debug_macro   0x0000000000014932       0x3c ./Core/Src/main.o
 .debug_macro   0x000000000001496e      0x408 ./Core/Src/main.o
 .debug_macro   0x0000000000014d76       0x57 ./Core/Src/main.o
 .debug_macro   0x0000000000014dcd       0x87 ./Core/Src/main.o
 .debug_macro   0x0000000000014e54      0x240 ./Core/Src/main.o
 .debug_macro   0x0000000000015094      0x140 ./Core/Src/main.o
 .debug_macro   0x00000000000151d4      0x217 ./Core/Src/main.o
 .debug_macro   0x00000000000153eb      0x8ed ./Core/Src/main.o
 .debug_macro   0x0000000000015cd8      0x28e ./Core/Src/main.o
 .debug_macro   0x0000000000015f66       0x83 ./Core/Src/main.o
 .debug_macro   0x0000000000015fe9       0x7c ./Core/Src/main.o
 .debug_macro   0x0000000000016065       0x52 ./Core/Src/main.o
 .debug_macro   0x00000000000160b7       0x18 ./Core/Src/main.o
 .debug_macro   0x00000000000160cf       0x3c ./Core/Src/main.o
 .debug_macro   0x000000000001610b       0x34 ./Core/Src/main.o
 .debug_macro   0x000000000001613f       0x64 ./Core/Src/main.o
 .debug_macro   0x00000000000161a3       0x10 ./Core/Src/main.o
 .debug_macro   0x00000000000161b3       0x1c ./Core/Src/main.o
 .debug_macro   0x00000000000161cf       0x58 ./Core/Src/main.o
 .debug_macro   0x0000000000016227       0x22 ./Core/Src/main.o
 .debug_macro   0x0000000000016249      0x1c6 ./Core/Src/stm32f1xx_hal_msp.o
 .debug_macro   0x000000000001640f      0x1d0 ./Core/Src/stm32f1xx_it.o
 .debug_macro   0x00000000000165df      0x1b7 ./Core/Src/system_stm32f1xx.o
 .debug_macro   0x0000000000016796      0x10e ./Core/Src/printf/printf.o
 .debug_macro   0x00000000000168a4       0x22 ./Core/Src/printf/printf.o
 .debug_macro   0x00000000000168c6      0x201 ./Core/Src/printf/printf.o
 .debug_macro   0x0000000000016ac7      0x300 ./Core/Src/ssd1306/ssd1306.o
 .debug_macro   0x0000000000016dc7       0x5e ./Core/Src/ssd1306/ssd1306.o
 .debug_macro   0x0000000000016e25      0x19b ./Core/Src/ssd1306/ssd1306.o
 .debug_macro   0x0000000000016fc0       0x16 ./Core/Src/ssd1306/ssd1306.o
 .debug_macro   0x0000000000016fd6       0x20 ./Core/Src/ssd1306/ssd1306.o
 .debug_macro   0x0000000000016ff6      0x1df ./Core/Src/ssd1306/ssd1306_fonts.o
 .debug_macro   0x00000000000171d5      0x1db ./Drivers/STM32F1xx_HAL_Driver/Src/stm32f1xx_hal.o
 .debug_macro   0x00000000000173b0      0x1bf ./Drivers/STM32F1xx_HAL_Driver/Src/stm32f1xx_hal_can.o
 .debug_macro   0x000000000001756f      0x1b7 ./Drivers/STM32F1xx_HAL_Driver/Src/stm32f1xx_hal_cortex.o
 .debug_macro   0x0000000000017726      0x1b7 ./Drivers/STM32F1xx_HAL_Driver/Src/stm32f1xx_hal_dma.o
 .debug_macro   0x00000000000178dd      0x222 ./Drivers/STM32F1xx_HAL_Driver/Src/stm32f1xx_hal_gpio.o
 .debug_macro   0x0000000000017aff      0x1c9 ./Drivers/STM32F1xx_HAL_Driver/Src/stm32f1xx_hal_rcc.o
 .debug_macro   0x0000000000017cc8      0x1bf ./Drivers/STM32F1xx_HAL_Driver/Src/stm32f1xx_hal_spi.o
 .debug_macro   0x0000000000017e87      0x1b8 ./Drivers/STM32F1xx_HAL_Driver/Src/stm32f1xx_hal_tim.o
 .debug_macro   0x000000000001803f      0x1b7 ./Drivers/STM32F1xx_HAL_Driver/Src/stm32f1xx_hal_tim_ex.o
 .debug_macro   0x00000000000181f6      0x1b8 ./Drivers/STM32F1xx_HAL_Driver/Src/stm32f1xx_hal_uart.o

.debug_line     0x0000000000000000    0x12d45
 .debug_line    0x0000000000000000     0x14d0 ./Core/Src/main.o
 .debug_line    0x00000000000014d0      0x809 ./Core/Src/stm32f1xx_hal_msp.o
 .debug_line    0x0000000000001cd9      0x7c6 ./Core/Src/stm32f1xx_it.o
 .debug_line    0x000000000000249f      0x722 ./Core/Src/system_stm32f1xx.o
 .debug_line    0x0000000000002bc1      0xf5a ./Core/Src/printf/printf.o
 .debug_line    0x0000000000003b1b      0xfba ./Core/Src/ssd1306/ssd1306.o
 .debug_line    0x0000000000004ad5      0x6b4 ./Core/Src/ssd1306/ssd1306_fonts.o
 .debug_line    0x0000000000005189       0x86 ./Core/Startup/startup_stm32f103c8tx.o
 .debug_line    0x000000000000520f      0x94f ./Drivers/STM32F1xx_HAL_Driver/Src/stm32f1xx_hal.o
 .debug_line    0x0000000000005b5e     0x10f6 ./Drivers/STM32F1xx_HAL_Driver/Src/stm32f1xx_hal_can.o
 .debug_line    0x0000000000006c54      0xb37 ./Drivers/STM32F1xx_HAL_Driver/Src/stm32f1xx_hal_cortex.o
 .debug_line    0x000000000000778b      0xda8 ./Drivers/STM32F1xx_HAL_Driver/Src/stm32f1xx_hal_dma.o
 .debug_line    0x0000000000008533      0x9e8 ./Drivers/STM32F1xx_HAL_Driver/Src/stm32f1xx_hal_gpio.o
 .debug_line    0x0000000000008f1b      0xd5b ./Drivers/STM32F1xx_HAL_Driver/Src/stm32f1xx_hal_rcc.o
 .debug_line    0x0000000000009c76     0x1bd0 ./Drivers/STM32F1xx_HAL_Driver/Src/stm32f1xx_hal_spi.o
 .debug_line    0x000000000000b846     0x33da ./Drivers/STM32F1xx_HAL_Driver/Src/stm32f1xx_hal_tim.o
 .debug_line    0x000000000000ec20     0x18a5 ./Drivers/STM32F1xx_HAL_Driver/Src/stm32f1xx_hal_tim_ex.o
 .debug_line    0x00000000000104c5     0x2880 ./Drivers/STM32F1xx_HAL_Driver/Src/stm32f1xx_hal_uart.o

.debug_str      0x0000000000000000    0x8faae
 .debug_str     0x0000000000000000    0x88901 ./Core/Src/main.o
                                      0x88e7a (size before relaxing)
 .debug_str     0x0000000000088901      0x13c ./Core/Src/stm32f1xx_hal_msp.o
                                      0x87c5b (size before relaxing)
 .debug_str     0x0000000000088a3d      0x142 ./Core/Src/stm32f1xx_it.o
                                      0x87442 (size before relaxing)
 .debug_str     0x0000000000088b7f       0x7e ./Core/Src/system_stm32f1xx.o
                                      0x86ad5 (size before relaxing)
 .debug_str     0x0000000000088bfd      0x9bb ./Core/Src/printf/printf.o
                                       0x4b1c (size before relaxing)
 .debug_str     0x00000000000895b8     0x3750 ./Core/Src/ssd1306/ssd1306.o
                                      0x8ae99 (size before relaxing)
 .debug_str     0x000000000008cd08       0x53 ./Core/Src/ssd1306/ssd1306_fonts.o
                                      0x86ebf (size before relaxing)
 .debug_str     0x000000000008cd5b       0x36 ./Core/Startup/startup_stm32f103c8tx.o
                                         0x5a (size before relaxing)
 .debug_str     0x000000000008cd91      0x36e ./Drivers/STM32F1xx_HAL_Driver/Src/stm32f1xx_hal.o
                                      0x87208 (size before relaxing)
 .debug_str     0x000000000008d0ff      0x387 ./Drivers/STM32F1xx_HAL_Driver/Src/stm32f1xx_hal_can.o
                                      0x872d5 (size before relaxing)
 .debug_str     0x000000000008d486      0x262 ./Drivers/STM32F1xx_HAL_Driver/Src/stm32f1xx_hal_cortex.o
                                      0x87154 (size before relaxing)
 .debug_str     0x000000000008d6e8      0x206 ./Drivers/STM32F1xx_HAL_Driver/Src/stm32f1xx_hal_dma.o
                                      0x86e7e (size before relaxing)
 .debug_str     0x000000000008d8ee      0x2d0 ./Drivers/STM32F1xx_HAL_Driver/Src/stm32f1xx_hal_gpio.o
                                      0x86e5b (size before relaxing)
 .debug_str     0x000000000008dbbe      0x229 ./Drivers/STM32F1xx_HAL_Driver/Src/stm32f1xx_hal_rcc.o
                                      0x86f04 (size before relaxing)
 .debug_str     0x000000000008dde7      0x51b ./Drivers/STM32F1xx_HAL_Driver/Src/stm32f1xx_hal_spi.o
                                      0x87401 (size before relaxing)
 .debug_str     0x000000000008e302      0xda5 ./Drivers/STM32F1xx_HAL_Driver/Src/stm32f1xx_hal_tim.o
                                      0x87ef6 (size before relaxing)
 .debug_str     0x000000000008f0a7      0x493 ./Drivers/STM32F1xx_HAL_Driver/Src/stm32f1xx_hal_tim_ex.o
                                      0x87712 (size before relaxing)
 .debug_str     0x000000000008f53a      0x574 ./Drivers/STM32F1xx_HAL_Driver/Src/stm32f1xx_hal_uart.o
                                      0x87575 (size before relaxing)

.comment        0x0000000000000000       0x50
 .comment       0x0000000000000000       0x50 ./Core/Src/main.o
                                         0x51 (size before relaxing)
 .comment       0x0000000000000050       0x51 ./Core/Src/stm32f1xx_hal_msp.o
 .comment       0x0000000000000050       0x51 ./Core/Src/stm32f1xx_it.o
 .comment       0x0000000000000050       0x51 ./Core/Src/system_stm32f1xx.o
 .comment       0x0000000000000050       0x51 ./Core/Src/printf/printf.o
 .comment       0x0000000000000050       0x51 ./Core/Src/ssd1306/ssd1306.o
 .comment       0x0000000000000050       0x51 ./Core/Src/ssd1306/ssd1306_fonts.o
 .comment       0x0000000000000050       0x51 ./Drivers/STM32F1xx_HAL_Driver/Src/stm32f1xx_hal.o
 .comment       0x0000000000000050       0x51 ./Drivers/STM32F1xx_HAL_Driver/Src/stm32f1xx_hal_can.o
 .comment       0x0000000000000050       0x51 ./Drivers/STM32F1xx_HAL_Driver/Src/stm32f1xx_hal_cortex.o
 .comment       0x0000000000000050       0x51 ./Drivers/STM32F1xx_HAL_Driver/Src/stm32f1xx_hal_dma.o
 .comment       0x0000000000000050       0x51 ./Drivers/STM32F1xx_HAL_Driver/Src/stm32f1xx_hal_gpio.o
 .comment       0x0000000000000050       0x51 ./Drivers/STM32F1xx_HAL_Driver/Src/stm32f1xx_hal_rcc.o
 .comment       0x0000000000000050       0x51 ./Drivers/STM32F1xx_HAL_Driver/Src/stm32f1xx_hal_spi.o
 .comment       0x0000000000000050       0x51 ./Drivers/STM32F1xx_HAL_Driver/Src/stm32f1xx_hal_tim.o
 .comment       0x0000000000000050       0x51 ./Drivers/STM32F1xx_HAL_Driver/Src/stm32f1xx_hal_tim_ex.o
 .comment       0x0000000000000050       0x51 ./Drivers/STM32F1xx_HAL_Driver/Src/stm32f1xx_hal_uart.o

.debug_frame    0x0000000000000000     0x4c3c
 .debug_frame   0x0000000000000000      0x338 ./Core/Src/main.o
 .debug_frame   0x0000000000000338      0x158 ./Core/Src/stm32f1xx_hal_msp.o
 .debug_frame   0x0000000000000490      0x174 ./Core/Src/stm32f1xx_it.o
 .debug_frame   0x0000000000000604       0x58 ./Core/Src/system_stm32f1xx.o
 .debug_frame   0x000000000000065c      0x384 ./Core/Src/printf/printf.o
 .debug_frame   0x00000000000009e0      0x3c0 ./Core/Src/ssd1306/ssd1306.o
 .debug_frame   0x0000000000000da0      0x334 ./Drivers/STM32F1xx_HAL_Driver/Src/stm32f1xx_hal.o
 .debug_frame   0x00000000000010d4      0x5a0 ./Drivers/STM32F1xx_HAL_Driver/Src/stm32f1xx_hal_can.o
 .debug_frame   0x0000000000001674      0x428 ./Drivers/STM32F1xx_HAL_Driver/Src/stm32f1xx_hal_cortex.o
 .debug_frame   0x0000000000001a9c      0x208 ./Drivers/STM32F1xx_HAL_Driver/Src/stm32f1xx_hal_dma.o
 .debug_frame   0x0000000000001ca4      0x14c ./Drivers/STM32F1xx_HAL_Driver/Src/stm32f1xx_hal_gpio.o
 .debug_frame   0x0000000000001df0      0x218 ./Drivers/STM32F1xx_HAL_Driver/Src/stm32f1xx_hal_rcc.o
 .debug_frame   0x0000000000002008      0x824 ./Drivers/STM32F1xx_HAL_Driver/Src/stm32f1xx_hal_spi.o
 .debug_frame   0x000000000000282c     0x11bc ./Drivers/STM32F1xx_HAL_Driver/Src/stm32f1xx_hal_tim.o
 .debug_frame   0x00000000000039e8      0x638 ./Drivers/STM32F1xx_HAL_Driver/Src/stm32f1xx_hal_tim_ex.o
 .debug_frame   0x0000000000004020      0x944 ./Drivers/STM32F1xx_HAL_Driver/Src/stm32f1xx_hal_uart.o
 .debug_frame   0x0000000000004964       0x2c c:/st/stm32cubeide_1.9.0/stm32cubeide/plugins/com.st.stm32cube.ide.mcu.externaltools.gnu-tools-for-stm32.10.3-2021.10.win32_1.0.100.202210260954/tools/bin/../lib/gcc/arm-none-eabi/10.3.1/../../../../arm-none-eabi/lib/thumb/v7-m/nofp\libc_nano.a(lib_a-init.o)
 .debug_frame   0x0000000000004990       0x20 c:/st/stm32cubeide_1.9.0/stm32cubeide/plugins/com.st.stm32cube.ide.mcu.externaltools.gnu-tools-for-stm32.10.3-2021.10.win32_1.0.100.202210260954/tools/bin/../lib/gcc/arm-none-eabi/10.3.1/../../../../arm-none-eabi/lib/thumb/v7-m/nofp\libc_nano.a(lib_a-memset.o)
 .debug_frame   0x00000000000049b0       0xac c:/st/stm32cubeide_1.9.0/stm32cubeide/plugins/com.st.stm32cube.ide.mcu.externaltools.gnu-tools-for-stm32.10.3-2021.10.win32_1.0.100.202210260954/tools/bin/../lib/gcc/arm-none-eabi/10.3.1/thumb/v7-m/nofp\libgcc.a(_arm_addsubdf3.o)
 .debug_frame   0x0000000000004a5c       0x50 c:/st/stm32cubeide_1.9.0/stm32cubeide/plugins/com.st.stm32cube.ide.mcu.externaltools.gnu-tools-for-stm32.10.3-2021.10.win32_1.0.100.202210260954/tools/bin/../lib/gcc/arm-none-eabi/10.3.1/thumb/v7-m/nofp\libgcc.a(_arm_muldivdf3.o)
 .debug_frame   0x0000000000004aac       0xc4 c:/st/stm32cubeide_1.9.0/stm32cubeide/plugins/com.st.stm32cube.ide.mcu.externaltools.gnu-tools-for-stm32.10.3-2021.10.win32_1.0.100.202210260954/tools/bin/../lib/gcc/arm-none-eabi/10.3.1/thumb/v7-m/nofp\libgcc.a(_arm_cmpdf2.o)
 .debug_frame   0x0000000000004b70       0x24 c:/st/stm32cubeide_1.9.0/stm32cubeide/plugins/com.st.stm32cube.ide.mcu.externaltools.gnu-tools-for-stm32.10.3-2021.10.win32_1.0.100.202210260954/tools/bin/../lib/gcc/arm-none-eabi/10.3.1/thumb/v7-m/nofp\libgcc.a(_arm_fixdfsi.o)
 .debug_frame   0x0000000000004b94       0x24 c:/st/stm32cubeide_1.9.0/stm32cubeide/plugins/com.st.stm32cube.ide.mcu.externaltools.gnu-tools-for-stm32.10.3-2021.10.win32_1.0.100.202210260954/tools/bin/../lib/gcc/arm-none-eabi/10.3.1/thumb/v7-m/nofp\libgcc.a(_arm_fixunsdfsi.o)
 .debug_frame   0x0000000000004bb8       0x24 c:/st/stm32cubeide_1.9.0/stm32cubeide/plugins/com.st.stm32cube.ide.mcu.externaltools.gnu-tools-for-stm32.10.3-2021.10.win32_1.0.100.202210260954/tools/bin/../lib/gcc/arm-none-eabi/10.3.1/thumb/v7-m/nofp\libgcc.a(_arm_truncdfsf2.o)
 .debug_frame   0x0000000000004bdc       0x2c c:/st/stm32cubeide_1.9.0/stm32cubeide/plugins/com.st.stm32cube.ide.mcu.externaltools.gnu-tools-for-stm32.10.3-2021.10.win32_1.0.100.202210260954/tools/bin/../lib/gcc/arm-none-eabi/10.3.1/thumb/v7-m/nofp\libgcc.a(_aeabi_uldivmod.o)
 .debug_frame   0x0000000000004c08       0x34 c:/st/stm32cubeide_1.9.0/stm32cubeide/plugins/com.st.stm32cube.ide.mcu.externaltools.gnu-tools-for-stm32.10.3-2021.10.win32_1.0.100.202210260954/tools/bin/../lib/gcc/arm-none-eabi/10.3.1/thumb/v7-m/nofp\libgcc.a(_udivmoddi4.o)
