Archive member included to satisfy reference by file (symbol)

c:/st/stm32cubeide_1.9.0/stm32cubeide/plugins/com.st.stm32cube.ide.mcu.externaltools.gnu-tools-for-stm32.10.3-2021.10.win32_1.0.100.202210260954/tools/bin/../lib/gcc/arm-none-eabi/10.3.1/../../../../arm-none-eabi/lib/thumb/v7-m/nofp\libm.a(lib_a-s_cos.o)
                              ./Core/Src/ssd1306/ssd1306.o (cos)
c:/st/stm32cubeide_1.9.0/stm32cubeide/plugins/com.st.stm32cube.ide.mcu.externaltools.gnu-tools-for-stm32.10.3-2021.10.win32_1.0.100.202210260954/tools/bin/../lib/gcc/arm-none-eabi/10.3.1/../../../../arm-none-eabi/lib/thumb/v7-m/nofp\libm.a(lib_a-s_sin.o)
                              ./Core/Src/ssd1306/ssd1306.o (sin)
c:/st/stm32cubeide_1.9.0/stm32cubeide/plugins/com.st.stm32cube.ide.mcu.externaltools.gnu-tools-for-stm32.10.3-2021.10.win32_1.0.100.202210260954/tools/bin/../lib/gcc/arm-none-eabi/10.3.1/../../../../arm-none-eabi/lib/thumb/v7-m/nofp\libm.a(lib_a-e_rem_pio2.o)
                              c:/st/stm32cubeide_1.9.0/stm32cubeide/plugins/com.st.stm32cube.ide.mcu.externaltools.gnu-tools-for-stm32.10.3-2021.10.win32_1.0.100.202210260954/tools/bin/../lib/gcc/arm-none-eabi/10.3.1/../../../../arm-none-eabi/lib/thumb/v7-m/nofp\libm.a(lib_a-s_cos.o) (__ieee754_rem_pio2)
c:/st/stm32cubeide_1.9.0/stm32cubeide/plugins/com.st.stm32cube.ide.mcu.externaltools.gnu-tools-for-stm32.10.3-2021.10.win32_1.0.100.202210260954/tools/bin/../lib/gcc/arm-none-eabi/10.3.1/../../../../arm-none-eabi/lib/thumb/v7-m/nofp\libm.a(lib_a-k_cos.o)
                              c:/st/stm32cubeide_1.9.0/stm32cubeide/plugins/com.st.stm32cube.ide.mcu.externaltools.gnu-tools-for-stm32.10.3-2021.10.win32_1.0.100.202210260954/tools/bin/../lib/gcc/arm-none-eabi/10.3.1/../../../../arm-none-eabi/lib/thumb/v7-m/nofp\libm.a(lib_a-s_cos.o) (__kernel_cos)
c:/st/stm32cubeide_1.9.0/stm32cubeide/plugins/com.st.stm32cube.ide.mcu.externaltools.gnu-tools-for-stm32.10.3-2021.10.win32_1.0.100.202210260954/tools/bin/../lib/gcc/arm-none-eabi/10.3.1/../../../../arm-none-eabi/lib/thumb/v7-m/nofp\libm.a(lib_a-k_rem_pio2.o)
                              c:/st/stm32cubeide_1.9.0/stm32cubeide/plugins/com.st.stm32cube.ide.mcu.externaltools.gnu-tools-for-stm32.10.3-2021.10.win32_1.0.100.202210260954/tools/bin/../lib/gcc/arm-none-eabi/10.3.1/../../../../arm-none-eabi/lib/thumb/v7-m/nofp\libm.a(lib_a-e_rem_pio2.o) (__kernel_rem_pio2)
c:/st/stm32cubeide_1.9.0/stm32cubeide/plugins/com.st.stm32cube.ide.mcu.externaltools.gnu-tools-for-stm32.10.3-2021.10.win32_1.0.100.202210260954/tools/bin/../lib/gcc/arm-none-eabi/10.3.1/../../../../arm-none-eabi/lib/thumb/v7-m/nofp\libm.a(lib_a-k_sin.o)
                              c:/st/stm32cubeide_1.9.0/stm32cubeide/plugins/com.st.stm32cube.ide.mcu.externaltools.gnu-tools-for-stm32.10.3-2021.10.win32_1.0.100.202210260954/tools/bin/../lib/gcc/arm-none-eabi/10.3.1/../../../../arm-none-eabi/lib/thumb/v7-m/nofp\libm.a(lib_a-s_cos.o) (__kernel_sin)
c:/st/stm32cubeide_1.9.0/stm32cubeide/plugins/com.st.stm32cube.ide.mcu.externaltools.gnu-tools-for-stm32.10.3-2021.10.win32_1.0.100.202210260954/tools/bin/../lib/gcc/arm-none-eabi/10.3.1/../../../../arm-none-eabi/lib/thumb/v7-m/nofp\libm.a(lib_a-s_fabs.o)
                              c:/st/stm32cubeide_1.9.0/stm32cubeide/plugins/com.st.stm32cube.ide.mcu.externaltools.gnu-tools-for-stm32.10.3-2021.10.win32_1.0.100.202210260954/tools/bin/../lib/gcc/arm-none-eabi/10.3.1/../../../../arm-none-eabi/lib/thumb/v7-m/nofp\libm.a(lib_a-e_rem_pio2.o) (fabs)
c:/st/stm32cubeide_1.9.0/stm32cubeide/plugins/com.st.stm32cube.ide.mcu.externaltools.gnu-tools-for-stm32.10.3-2021.10.win32_1.0.100.202210260954/tools/bin/../lib/gcc/arm-none-eabi/10.3.1/../../../../arm-none-eabi/lib/thumb/v7-m/nofp\libm.a(lib_a-s_floor.o)
                              c:/st/stm32cubeide_1.9.0/stm32cubeide/plugins/com.st.stm32cube.ide.mcu.externaltools.gnu-tools-for-stm32.10.3-2021.10.win32_1.0.100.202210260954/tools/bin/../lib/gcc/arm-none-eabi/10.3.1/../../../../arm-none-eabi/lib/thumb/v7-m/nofp\libm.a(lib_a-k_rem_pio2.o) (floor)
c:/st/stm32cubeide_1.9.0/stm32cubeide/plugins/com.st.stm32cube.ide.mcu.externaltools.gnu-tools-for-stm32.10.3-2021.10.win32_1.0.100.202210260954/tools/bin/../lib/gcc/arm-none-eabi/10.3.1/../../../../arm-none-eabi/lib/thumb/v7-m/nofp\libm.a(lib_a-s_scalbn.o)
                              c:/st/stm32cubeide_1.9.0/stm32cubeide/plugins/com.st.stm32cube.ide.mcu.externaltools.gnu-tools-for-stm32.10.3-2021.10.win32_1.0.100.202210260954/tools/bin/../lib/gcc/arm-none-eabi/10.3.1/../../../../arm-none-eabi/lib/thumb/v7-m/nofp\libm.a(lib_a-k_rem_pio2.o) (scalbn)
c:/st/stm32cubeide_1.9.0/stm32cubeide/plugins/com.st.stm32cube.ide.mcu.externaltools.gnu-tools-for-stm32.10.3-2021.10.win32_1.0.100.202210260954/tools/bin/../lib/gcc/arm-none-eabi/10.3.1/../../../../arm-none-eabi/lib/thumb/v7-m/nofp\libc_nano.a(lib_a-errno.o)
                              ./Core/Src/syscalls.o (__errno)
[...]
Memory Configuration

Name             Origin             Length             Attributes
RAM              0x0000000020000000 0x0000000000005000 xrw
FLASH            0x0000000008000000 0x0000000000010000 xr
*default*        0x0000000000000000 0xffffffffffffffff

Linker script and memory map

LOAD c:/st/stm32cubeide_1.9.0/stm32cubeide/plugins/com.st.stm32cube.ide.mcu.externaltools.gnu-tools-for-stm32.10.3-2021.10.win32_1.0.100.202210260954/tools/bin/../lib/gcc/arm-none-eabi/10.3.1/thumb/v7-m/nofp/crti.o
LOAD c:/st/stm32cubeide_1.9.0/stm32cubeide/plugins/com.st.stm32cube.ide.mcu.externaltools.gnu-tools-for-stm32.10.3-2021.10.win32_1.0.100.202210260954/tools/bin/../lib/gcc/arm-none-eabi/10.3.1/thumb/v7-m/nofp/crtbegin.o
LOAD c:/st/stm32cubeide_1.9.0/stm32cubeide/plugins/com.st.stm32cube.ide.mcu.externaltools.gnu-tools-for-stm32.10.3-2021.10.win32_1.0.100.202210260954/tools/bin/../lib/gcc/arm-none-eabi/10.3.1/../../../../arm-none-eabi/lib/thumb/v7-m/nofp/crt0.o
LOAD ./Core/Src/main.o
LOAD ./Core/Src/stm32f1xx_hal_msp.o
LOAD ./Core/Src/stm32f1xx_it.o
LOAD ./Core/Src/syscalls.o
LOAD ./Core/Src/sysmem.o
LOAD ./Core/Src/system_stm32f1xx.o
LOAD ./Core/Src/ssd1306/ssd1306.o
LOAD ./Core/Src/ssd1306/ssd1306_fonts.o
LOAD ./Core/Src/ssd1306/ssd1306_tests.o
LOAD ./Core/Startup/startup_stm32f103c8tx.o
LOAD ./Drivers/STM32F1xx_HAL_Driver/Src/stm32f1xx_hal.o
LOAD ./Drivers/STM32F1xx_HAL_Driver/Src/stm32f1xx_hal_can.o
LOAD ./Drivers/STM32F1xx_HAL_Driver/Src/stm32f1xx_hal_cortex.o
LOAD ./Drivers/STM32F1xx_HAL_Driver/Src/stm32f1xx_hal_dma.o
LOAD ./Drivers/STM32F1xx_HAL_Driver/Src/stm32f1xx_hal_exti.o
LOAD ./Drivers/STM32F1xx_HAL_Driver/Src/stm32f1xx_hal_flash.o
LOAD ./Drivers/STM32F1xx_HAL_Driver/Src/stm32f1xx_hal_flash_ex.o
LOAD ./Drivers/STM32F1xx_HAL_Driver/Src/stm32f1xx_hal_gpio.o
LOAD ./Drivers/STM32F1xx_HAL_Driver/Src/stm32f1xx_hal_gpio_ex.o
LOAD ./Drivers/STM32F1xx_HAL_Driver/Src/stm32f1xx_hal_pwr.o
LOAD ./Drivers/STM32F1xx_HAL_Driver/Src/stm32f1xx_hal_rcc.o
LOAD ./Drivers/STM32F1xx_HAL_Driver/Src/stm32f1xx_hal_rcc_ex.o
LOAD ./Drivers/STM32F1xx_HAL_Driver/Src/stm32f1xx_hal_spi.o
LOAD ./Drivers/STM32F1xx_HAL_Driver/Src/stm32f1xx_hal_tim.o
LOAD ./Drivers/STM32F1xx_HAL_Driver/Src/stm32f1xx_hal_tim_ex.o
LOAD ./Drivers/STM32F1xx_HAL_Driver/Src/stm32f1xx_hal_uart.o
START GROUP
LOAD c:/st/stm32cubeide_1.9.0/stm32cubeide/plugins/com.st.stm32cube.ide.mcu.externaltools.gnu-tools-for-stm32.10.3-2021.10.win32_1.0.100.202210260954/tools/bin/../lib/gcc/arm-none-eabi/10.3.1/../../../../arm-none-eabi/lib/thumb/v7-m/nofp\libstdc++_nano.a
LOAD c:/st/stm32cubeide_1.9.0/stm32cubeide/plugins/com.st.stm32cube.ide.mcu.externaltools.gnu-tools-for-stm32.10.3-2021.10.win32_1.0.100.202210260954/tools/bin/../lib/gcc/arm-none-eabi/10.3.1/../../../../arm-none-eabi/lib/thumb/v7-m/nofp\libsupc++_nano.a
END GROUP
LOAD c:/st/stm32cubeide_1.9.0/stm32cubeide/plugins/com.st.stm32cube.ide.mcu.externaltools.gnu-tools-for-stm32.10.3-2021.10.win32_1.0.100.202210260954/tools/bin/../lib/gcc/arm-none-eabi/10.3.1/../../../../arm-none-eabi/lib/thumb/v7-m/nofp\libstdc++_nano.a
LOAD c:/st/stm32cubeide_1.9.0/stm32cubeide/plugins/com.st.stm32cube.ide.mcu.externaltools.gnu-tools-for-stm32.10.3-2021.10.win32_1.0.100.202210260954/tools/bin/../lib/gcc/arm-none-eabi/10.3.1/../../../../arm-none-eabi/lib/thumb/v7-m/nofp\libm.a
LOAD c:/st/stm32cubeide_1.9.0/stm32cubeide/plugins/com.st.stm32cube.ide.mcu.externaltools.gnu-tools-for-stm32.10.3-2021.10.win32_1.0.100.202210260954/tools/bin/../lib/gcc/arm-none-eabi/10.3.1/../../../../arm-none-eabi/lib/thumb/v7-m/nofp\libc_nano.a
START GROUP
LOAD c:/st/stm32cubeide_1.9.0/stm32cubeide/plugins/com.st.stm32cube.ide.mcu.externaltools.gnu-tools-for-stm32.10.3-2021.10.win32_1.0.100.202210260954/tools/bin/../lib/gcc/arm-none-eabi/10.3.1/thumb/v7-m/nofp\libgcc.a
LOAD c:/st/stm32cubeide_1.9.0/stm32cubeide/plugins/com.st.stm32cube.ide.mcu.externaltools.gnu-tools-for-stm32.10.3-2021.10.win32_1.0.100.202210260954/tools/bin/../lib/gcc/arm-none-eabi/10.3.1/../../../../arm-none-eabi/lib/thumb/v7-m/nofp\libc_nano.a
END GROUP
START GROUP
LOAD c:/st/stm32cubeide_1.9.0/stm32cubeide/plugins/com.st.stm32cube.ide.mcu.externaltools.gnu-tools-for-stm32.10.3-2021.10.win32_1.0.100.202210260954/tools/bin/../lib/gcc/arm-none-eabi/10.3.1/thumb/v7-m/nofp\libgcc.a
LOAD c:/st/stm32cubeide_1.9.0/stm32cubeide/plugins/com.st.stm32cube.ide.mcu.externaltools.gnu-tools-for-stm32.10.3-2021.10.win32_1.0.100.202210260954/tools/bin/../lib/gcc/arm-none-eabi/10.3.1/../../../../arm-none-eabi/lib/thumb/v7-m/nofp\libc_nano.a
LOAD c:/st/stm32cubeide_1.9.0/stm32cubeide/plugins/com.st.stm32cube.ide.mcu.externaltools.gnu-tools-for-stm32.10.3-2021.10.win32_1.0.100.202210260954/tools/bin/../lib/gcc/arm-none-eabi/10.3.1/../../../../arm-none-eabi/lib/thumb/v7-m/nofp\libnosys.a
END GROUP
START GROUP
LOAD c:/st/stm32cubeide_1.9.0/stm32cubeide/plugins/com.st.stm32cube.ide.mcu.externaltools.gnu-tools-for-stm32.10.3-2021.10.win32_1.0.100.202210260954/tools/bin/../lib/gcc/arm-none-eabi/10.3.1/thumb/v7-m/nofp\libgcc.a
LOAD c:/st/stm32cubeide_1.9.0/stm32cubeide/plugins/com.st.stm32cube.ide.mcu.externaltools.gnu-tools-for-stm32.10.3-2021.10.win32_1.0.100.202210260954/tools/bin/../lib/gcc/arm-none-eabi/10.3.1/../../../../arm-none-eabi/lib/thumb/v7-m/nofp\libc_nano.a
LOAD c:/st/stm32cubeide_1.9.0/stm32cubeide/plugins/com.st.stm32cube.ide.mcu.externaltools.gnu-tools-for-stm32.10.3-2021.10.win32_1.0.100.202210260954/tools/bin/../lib/gcc/arm-none-eabi/10.3.1/../../../../arm-none-eabi/lib/thumb/v7-m/nofp\libnosys.a
END GROUP
LOAD c:/st/stm32cubeide_1.9.0/stm32cubeide/plugins/com.st.stm32cube.ide.mcu.externaltools.gnu-tools-for-stm32.10.3-2021.10.win32_1.0.100.202210260954/tools/bin/../lib/gcc/arm-none-eabi/10.3.1/thumb/v7-m/nofp/crtend.o
LOAD c:/st/stm32cubeide_1.9.0/stm32cubeide/plugins/com.st.stm32cube.ide.mcu.externaltools.gnu-tools-for-stm32.10.3-2021.10.win32_1.0.100.202210260954/tools/bin/../lib/gcc/arm-none-eabi/10.3.1/thumb/v7-m/nofp/crtn.o
                0x0000000020005000                _estack = (ORIGIN (RAM) + LENGTH (RAM))
                0x0000000000000200                _Min_Heap_Size = 0x200
                0x0000000000000400                _Min_Stack_Size = 0x400

.isr_vector     0x0000000008000000      0x10c
                0x0000000008000000                . = ALIGN (0x4)
 *(.isr_vector)
 .isr_vector    0x0000000008000000      0x10c ./Core/Startup/startup_stm32f103c8tx.o
                0x0000000008000000                g_pfnVectors
                0x000000000800010c                . = ALIGN (0x4)

.text           0x000000000800010c     0x5f28
                0x000000000800010c                . = ALIGN (0x4)
 *(.text)
 .text          0x000000000800010c       0x40 c:/st/stm32cubeide_1.9.0/stm32cubeide/plugins/com.st.stm32cube.ide.mcu.externaltools.gnu-tools-for-stm32.10.3-2021.10.win32_1.0.100.202210260954/tools/bin/../lib/gcc/arm-none-eabi/10.3.1/thumb/v7-m/nofp/crtbegin.o
 *(.text*)
 .text.HAL_UART_ErrorCallback
                0x000000000800014c      0x128 ./Core/Src/main.o
                0x000000000800014c                HAL_UART_ErrorCallback
 .text.HAL_UARTEx_RxEventCallback
                0x0000000008000274       0x54 ./Core/Src/main.o
                0x0000000008000274                HAL_UARTEx_RxEventCallback
 .text.CanMsgSend
                0x00000000080002c8       0x98 ./Core/Src/main.o
                0x00000000080002c8                CanMsgSend
 .text.Moving   0x0000000008000360      0x1ac ./Core/Src/main.o
                0x0000000008000360                Moving
 .text.get_bms_data
                0x000000000800050c       0xd8 ./Core/Src/main.o
                0x000000000800050c                get_bms_data
 .text.read_bms_uart
                0x00000000080005e4       0xe8 ./Core/Src/main.o
                0x00000000080005e4                read_bms_uart
 .text.rcGetBattery
                0x00000000080006cc      0x6a8 ./Core/Src/main.o
                0x00000000080006cc                rcGetBattery
 .text.unwrap_encoder
                0x0000000008000d74       0x64 ./Core/Src/main.o
                0x0000000008000d74                unwrap_encoder
 .text.getEncoder
                0x0000000008000dd8       0x34 ./Core/Src/main.o
                0x0000000008000dd8                getEncoder
 .text.buttons_Init
                0x0000000008000e0c       0x4c ./Core/Src/main.o
                0x0000000008000e0c                buttons_Init
 .text.getButton
                0x0000000008000e58      0x29c ./Core/Src/main.o
                0x0000000008000e58                getButton
 .text.menu_update
                0x00000000080010f4      0x36c ./Core/Src/main.o
                0x00000000080010f4                menu_update
 .text.main     0x0000000008001460       0xfc ./Core/Src/main.o
                0x0000000008001460                main
 .text.SystemClock_Config
                0x000000000800155c       0x8a ./Core/Src/main.o
                0x000000000800155c                SystemClock_Config
 *fill*         0x00000000080015e6        0x2 
 .text.MX_CAN_Init
                0x00000000080015e8       0xd0 ./Core/Src/main.o
 .text.MX_SPI1_Init
                0x00000000080016b8       0x70 ./Core/Src/main.o
 .text.MX_TIM4_Init
                0x0000000008001728       0xa8 ./Core/Src/main.o
 .text.MX_USART1_UART_Init
                0x00000000080017d0       0x54 ./Core/Src/main.o
 .text.MX_DMA_Init
                0x0000000008001824       0x3c ./Core/Src/main.o
 .text.MX_GPIO_Init
                0x0000000008001860      0x11c ./Core/Src/main.o
 .text.Error_Handler
                0x000000000800197c        0xa ./Core/Src/main.o
                0x000000000800197c                Error_Handler
 *fill*         0x0000000008001986        0x2 
 .text.HAL_MspInit
                0x0000000008001988       0x64 ./Core/Src/stm32f1xx_hal_msp.o
                0x0000000008001988                HAL_MspInit
 .text.HAL_CAN_MspInit
                0x00000000080019ec       0xc0 ./Core/Src/stm32f1xx_hal_msp.o
                0x00000000080019ec                HAL_CAN_MspInit
 .text.HAL_SPI_MspInit
                0x0000000008001aac       0x7c ./Core/Src/stm32f1xx_hal_msp.o
                0x0000000008001aac                HAL_SPI_MspInit
 .text.HAL_TIM_Encoder_MspInit
                0x0000000008001b28       0x7c ./Core/Src/stm32f1xx_hal_msp.o
                0x0000000008001b28                HAL_TIM_Encoder_MspInit
 .text.HAL_UART_MspInit
                0x0000000008001ba4       0xfc ./Core/Src/stm32f1xx_hal_msp.o
                0x0000000008001ba4                HAL_UART_MspInit
 .text.NMI_Handler
                0x0000000008001ca0        0x6 ./Core/Src/stm32f1xx_it.o
                0x0000000008001ca0                NMI_Handler
 .text.HardFault_Handler
                0x0000000008001ca6        0x6 ./Core/Src/stm32f1xx_it.o
                0x0000000008001ca6                HardFault_Handler
 .text.MemManage_Handler
                0x0000000008001cac        0x6 ./Core/Src/stm32f1xx_it.o
                0x0000000008001cac                MemManage_Handler
 .text.BusFault_Handler
                0x0000000008001cb2        0x6 ./Core/Src/stm32f1xx_it.o
                0x0000000008001cb2                BusFault_Handler
 .text.UsageFault_Handler
                0x0000000008001cb8        0x6 ./Core/Src/stm32f1xx_it.o
                0x0000000008001cb8                UsageFault_Handler
 .text.SVC_Handler
                0x0000000008001cbe        0xc ./Core/Src/stm32f1xx_it.o
                0x0000000008001cbe                SVC_Handler
 .text.DebugMon_Handler
                0x0000000008001cca        0xc ./Core/Src/stm32f1xx_it.o
                0x0000000008001cca                DebugMon_Handler
 .text.PendSV_Handler
                0x0000000008001cd6        0xc ./Core/Src/stm32f1xx_it.o
                0x0000000008001cd6                PendSV_Handler
 .text.SysTick_Handler
                0x0000000008001ce2        0xc ./Core/Src/stm32f1xx_it.o
                0x0000000008001ce2                SysTick_Handler
 *fill*         0x0000000008001cee        0x2 
 .text.DMA1_Channel5_IRQHandler
                0x0000000008001cf0       0x14 ./Core/Src/stm32f1xx_it.o
                0x0000000008001cf0                DMA1_Channel5_IRQHandler
 .text.USART1_IRQHandler
                0x0000000008001d04       0x14 ./Core/Src/stm32f1xx_it.o
                0x0000000008001d04                USART1_IRQHandler
 .text._sbrk    0x0000000008001d18       0x6c ./Core/Src/sysmem.o
                0x0000000008001d18                _sbrk
 .text.SystemInit
                0x0000000008001d84        0xc ./Core/Src/system_stm32f1xx.o
                0x0000000008001d84                SystemInit
 .text.ssd1306_Reset
                0x0000000008001d90       0x38 ./Core/Src/ssd1306/ssd1306.o
                0x0000000008001d90                ssd1306_Reset
 .text.ssd1306_WriteCommand
                0x0000000008001dc8       0x4c ./Core/Src/ssd1306/ssd1306.o
                0x0000000008001dc8                ssd1306_WriteCommand
 .text.ssd1306_WriteData
                0x0000000008001e14       0x4c ./Core/Src/ssd1306/ssd1306.o
                0x0000000008001e14                ssd1306_WriteData
 .text.ssd1306_Init
                0x0000000008001e60       0xd4 ./Core/Src/ssd1306/ssd1306.o
                0x0000000008001e60                ssd1306_Init
 .text.ssd1306_Fill
                0x0000000008001f34       0x44 ./Core/Src/ssd1306/ssd1306.o
                0x0000000008001f34                ssd1306_Fill
 .text.ssd1306_UpdateScreen
                0x0000000008001f78       0x58 ./Core/Src/ssd1306/ssd1306.o
                0x0000000008001f78                ssd1306_UpdateScreen
 .text.ssd1306_DrawPixel
                0x0000000008001fd0       0xbc ./Core/Src/ssd1306/ssd1306.o
                0x0000000008001fd0                ssd1306_DrawPixel
 .text.ssd1306_WriteChar
                0x000000000800208c      0x110 ./Core/Src/ssd1306/ssd1306.o
                0x000000000800208c                ssd1306_WriteChar
 .text.ssd1306_WriteString
                0x000000000800219c       0x4c ./Core/Src/ssd1306/ssd1306.o
                0x000000000800219c                ssd1306_WriteString
 .text.ssd1306_SetCursor
                0x00000000080021e8       0x30 ./Core/Src/ssd1306/ssd1306.o
                0x00000000080021e8                ssd1306_SetCursor
 .text.ssd1306_SetContrast
                0x0000000008002218       0x26 ./Core/Src/ssd1306/ssd1306.o
                0x0000000008002218                ssd1306_SetContrast
 *fill*         0x000000000800223e        0x2 
 .text.ssd1306_SetDisplayOn
                0x0000000008002240       0x3c ./Core/Src/ssd1306/ssd1306.o
                0x0000000008002240                ssd1306_SetDisplayOn
 .text.Reset_Handler
                0x000000000800227c       0x48 ./Core/Startup/startup_stm32f103c8tx.o
                0x000000000800227c                Reset_Handler
 .text.Default_Handler
                0x00000000080022c4        0x2 ./Core/Startup/startup_stm32f103c8tx.o
                0x00000000080022c4                RTC_Alarm_IRQHandler
                0x00000000080022c4                EXTI2_IRQHandler
                0x00000000080022c4                TIM1_CC_IRQHandler
                0x00000000080022c4                PVD_IRQHandler
                0x00000000080022c4                EXTI3_IRQHandler
                0x00000000080022c4                EXTI0_IRQHandler
                0x00000000080022c4                I2C2_EV_IRQHandler
                0x00000000080022c4                ADC1_2_IRQHandler
                0x00000000080022c4                SPI1_IRQHandler
                0x00000000080022c4                TAMPER_IRQHandler
                0x00000000080022c4                DMA1_Channel4_IRQHandler
                0x00000000080022c4                USART3_IRQHandler
                0x00000000080022c4                RTC_IRQHandler
                0x00000000080022c4                DMA1_Channel7_IRQHandler
                0x00000000080022c4                CAN1_RX1_IRQHandler
                0x00000000080022c4                TIM4_IRQHandler
                0x00000000080022c4                I2C1_EV_IRQHandler
                0x00000000080022c4                DMA1_Channel6_IRQHandler
                0x00000000080022c4                TIM3_IRQHandler
                0x00000000080022c4                RCC_IRQHandler
                0x00000000080022c4                TIM1_TRG_COM_IRQHandler
                0x00000000080022c4                DMA1_Channel1_IRQHandler
                0x00000000080022c4                Default_Handler
                0x00000000080022c4                EXTI15_10_IRQHandler
                0x00000000080022c4                EXTI9_5_IRQHandler
                0x00000000080022c4                SPI2_IRQHandler
                0x00000000080022c4                EXTI4_IRQHandler
                0x00000000080022c4                USB_LP_CAN1_RX0_IRQHandler
                0x00000000080022c4                USB_HP_CAN1_TX_IRQHandler
                0x00000000080022c4                DMA1_Channel3_IRQHandler
                0x00000000080022c4                TIM1_UP_IRQHandler
                0x00000000080022c4                WWDG_IRQHandler
                0x00000000080022c4                TIM2_IRQHandler
                0x00000000080022c4                TIM1_BRK_IRQHandler
                0x00000000080022c4                EXTI1_IRQHandler
                0x00000000080022c4                USART2_IRQHandler
                0x00000000080022c4                I2C2_ER_IRQHandler
                0x00000000080022c4                DMA1_Channel2_IRQHandler
                0x00000000080022c4                CAN1_SCE_IRQHandler
                0x00000000080022c4                FLASH_IRQHandler
                0x00000000080022c4                I2C1_ER_IRQHandler
                0x00000000080022c4                USBWakeUp_IRQHandler
 *fill*         0x00000000080022c6        0x2 
 .text.HAL_Init
                0x00000000080022c8       0x2c ./Drivers/STM32F1xx_HAL_Driver/Src/stm32f1xx_hal.o
                0x00000000080022c8                HAL_Init
 .text.HAL_InitTick
                0x00000000080022f4       0x60 ./Drivers/STM32F1xx_HAL_Driver/Src/stm32f1xx_hal.o
                0x00000000080022f4                HAL_InitTick
 .text.HAL_IncTick
                0x0000000008002354       0x24 ./Drivers/STM32F1xx_HAL_Driver/Src/stm32f1xx_hal.o
                0x0000000008002354                HAL_IncTick
 .text.HAL_GetTick
                0x0000000008002378       0x14 ./Drivers/STM32F1xx_HAL_Driver/Src/stm32f1xx_hal.o
                0x0000000008002378                HAL_GetTick
 .text.HAL_Delay
                0x000000000800238c       0x48 ./Drivers/STM32F1xx_HAL_Driver/Src/stm32f1xx_hal.o
                0x000000000800238c                HAL_Delay
 .text.HAL_CAN_Init
                0x00000000080023d4      0x1f6 ./Drivers/STM32F1xx_HAL_Driver/Src/stm32f1xx_hal_can.o
                0x00000000080023d4                HAL_CAN_Init
 .text.HAL_CAN_ConfigFilter
                0x00000000080025ca      0x192 ./Drivers/STM32F1xx_HAL_Driver/Src/stm32f1xx_hal_can.o
                0x00000000080025ca                HAL_CAN_ConfigFilter
 .text.HAL_CAN_Start
                0x000000000800275c       0x88 ./Drivers/STM32F1xx_HAL_Driver/Src/stm32f1xx_hal_can.o
                0x000000000800275c                HAL_CAN_Start
 .text.HAL_CAN_AddTxMessage
                0x00000000080027e4      0x19e ./Drivers/STM32F1xx_HAL_Driver/Src/stm32f1xx_hal_can.o
                0x00000000080027e4                HAL_CAN_AddTxMessage
 .text.HAL_CAN_GetTxMailboxesFreeLevel
                0x0000000008002982       0x68 ./Drivers/STM32F1xx_HAL_Driver/Src/stm32f1xx_hal_can.o
                0x0000000008002982                HAL_CAN_GetTxMailboxesFreeLevel
 .text.HAL_CAN_ActivateNotification
                0x00000000080029ea       0x4a ./Drivers/STM32F1xx_HAL_Driver/Src/stm32f1xx_hal_can.o
                0x00000000080029ea                HAL_CAN_ActivateNotification
 .text.__NVIC_SetPriorityGrouping
                0x0000000008002a34       0x48 ./Drivers/STM32F1xx_HAL_Driver/Src/stm32f1xx_hal_cortex.o
 .text.__NVIC_GetPriorityGrouping
                0x0000000008002a7c       0x1c ./Drivers/STM32F1xx_HAL_Driver/Src/stm32f1xx_hal_cortex.o
 .text.__NVIC_EnableIRQ
                0x0000000008002a98       0x38 ./Drivers/STM32F1xx_HAL_Driver/Src/stm32f1xx_hal_cortex.o
 .text.__NVIC_SetPriority
                0x0000000008002ad0       0x54 ./Drivers/STM32F1xx_HAL_Driver/Src/stm32f1xx_hal_cortex.o
 .text.NVIC_EncodePriority
                0x0000000008002b24       0x64 ./Drivers/STM32F1xx_HAL_Driver/Src/stm32f1xx_hal_cortex.o
 .text.SysTick_Config
                0x0000000008002b88       0x44 ./Drivers/STM32F1xx_HAL_Driver/Src/stm32f1xx_hal_cortex.o
 .text.HAL_NVIC_SetPriorityGrouping
                0x0000000008002bcc       0x16 ./Drivers/STM32F1xx_HAL_Driver/Src/stm32f1xx_hal_cortex.o
                0x0000000008002bcc                HAL_NVIC_SetPriorityGrouping
 .text.HAL_NVIC_SetPriority
                0x0000000008002be2       0x38 ./Drivers/STM32F1xx_HAL_Driver/Src/stm32f1xx_hal_cortex.o
                0x0000000008002be2                HAL_NVIC_SetPriority
 .text.HAL_NVIC_EnableIRQ
                0x0000000008002c1a       0x1c ./Drivers/STM32F1xx_HAL_Driver/Src/stm32f1xx_hal_cortex.o
                0x0000000008002c1a                HAL_NVIC_EnableIRQ
 .text.HAL_SYSTICK_Config
                0x0000000008002c36       0x18 ./Drivers/STM32F1xx_HAL_Driver/Src/stm32f1xx_hal_cortex.o
                0x0000000008002c36                HAL_SYSTICK_Config
 *fill*         0x0000000008002c4e        0x2 
 .text.HAL_DMA_Init
                0x0000000008002c50       0xb4 ./Drivers/STM32F1xx_HAL_Driver/Src/stm32f1xx_hal_dma.o
                0x0000000008002c50                HAL_DMA_Init
 .text.HAL_DMA_Start_IT
                0x0000000008002d04       0xc0 ./Drivers/STM32F1xx_HAL_Driver/Src/stm32f1xx_hal_dma.o
                0x0000000008002d04                HAL_DMA_Start_IT
 .text.HAL_DMA_Abort
                0x0000000008002dc4       0x76 ./Drivers/STM32F1xx_HAL_Driver/Src/stm32f1xx_hal_dma.o
                0x0000000008002dc4                HAL_DMA_Abort
 *fill*         0x0000000008002e3a        0x2 
 .text.HAL_DMA_Abort_IT
                0x0000000008002e3c       0xf0 ./Drivers/STM32F1xx_HAL_Driver/Src/stm32f1xx_hal_dma.o
                0x0000000008002e3c                HAL_DMA_Abort_IT
 .text.HAL_DMA_IRQHandler
                0x0000000008002f2c      0x20c ./Drivers/STM32F1xx_HAL_Driver/Src/stm32f1xx_hal_dma.o
                0x0000000008002f2c                HAL_DMA_IRQHandler
 .text.DMA_SetConfig
                0x0000000008003138       0x5a ./Drivers/STM32F1xx_HAL_Driver/Src/stm32f1xx_hal_dma.o
 *fill*         0x0000000008003192        0x2 
 .text.HAL_GPIO_Init
                0x0000000008003194      0x308 ./Drivers/STM32F1xx_HAL_Driver/Src/stm32f1xx_hal_gpio.o
                0x0000000008003194                HAL_GPIO_Init
 .text.HAL_GPIO_ReadPin
                0x000000000800349c       0x2e ./Drivers/STM32F1xx_HAL_Driver/Src/stm32f1xx_hal_gpio.o
                0x000000000800349c                HAL_GPIO_ReadPin
 .text.HAL_GPIO_WritePin
                0x00000000080034ca       0x30 ./Drivers/STM32F1xx_HAL_Driver/Src/stm32f1xx_hal_gpio.o
                0x00000000080034ca                HAL_GPIO_WritePin
 *fill*         0x00000000080034fa        0x2 
 .text.HAL_RCC_OscConfig
                0x00000000080034fc      0x504 ./Drivers/STM32F1xx_HAL_Driver/Src/stm32f1xx_hal_rcc.o
                0x00000000080034fc                HAL_RCC_OscConfig
 .text.HAL_RCC_ClockConfig
                0x0000000008003a00      0x1d4 ./Drivers/STM32F1xx_HAL_Driver/Src/stm32f1xx_hal_rcc.o
                0x0000000008003a00                HAL_RCC_ClockConfig
 .text.HAL_RCC_GetSysClockFreq
                0x0000000008003bd4       0xa8 ./Drivers/STM32F1xx_HAL_Driver/Src/stm32f1xx_hal_rcc.o
                0x0000000008003bd4                HAL_RCC_GetSysClockFreq
 .text.HAL_RCC_GetHCLKFreq
                0x0000000008003c7c       0x14 ./Drivers/STM32F1xx_HAL_Driver/Src/stm32f1xx_hal_rcc.o
                0x0000000008003c7c                HAL_RCC_GetHCLKFreq
 .text.HAL_RCC_GetPCLK1Freq
                0x0000000008003c90       0x28 ./Drivers/STM32F1xx_HAL_Driver/Src/stm32f1xx_hal_rcc.o
                0x0000000008003c90                HAL_RCC_GetPCLK1Freq
 .text.HAL_RCC_GetPCLK2Freq
                0x0000000008003cb8       0x28 ./Drivers/STM32F1xx_HAL_Driver/Src/stm32f1xx_hal_rcc.o
                0x0000000008003cb8                HAL_RCC_GetPCLK2Freq
 .text.RCC_Delay
                0x0000000008003ce0       0x3c ./Drivers/STM32F1xx_HAL_Driver/Src/stm32f1xx_hal_rcc.o
 .text.HAL_SPI_Init
                0x0000000008003d1c      0x108 ./Drivers/STM32F1xx_HAL_Driver/Src/stm32f1xx_hal_spi.o
                0x0000000008003d1c                HAL_SPI_Init
 .text.HAL_SPI_Transmit
                0x0000000008003e24      0x286 ./Drivers/STM32F1xx_HAL_Driver/Src/stm32f1xx_hal_spi.o
                0x0000000008003e24                HAL_SPI_Transmit
 *fill*         0x00000000080040aa        0x2 
 .text.SPI_WaitFlagStateUntilTimeout
                0x00000000080040ac      0x110 ./Drivers/STM32F1xx_HAL_Driver/Src/stm32f1xx_hal_spi.o
 .text.SPI_EndRxTxTransaction
                0x00000000080041bc       0x3c ./Drivers/STM32F1xx_HAL_Driver/Src/stm32f1xx_hal_spi.o
 .text.HAL_TIM_Encoder_Init
                0x00000000080041f8      0x144 ./Drivers/STM32F1xx_HAL_Driver/Src/stm32f1xx_hal_tim.o
                0x00000000080041f8                HAL_TIM_Encoder_Init
 .text.HAL_TIM_Encoder_Start
                0x000000000800433c      0x11c ./Drivers/STM32F1xx_HAL_Driver/Src/stm32f1xx_hal_tim.o
                0x000000000800433c                HAL_TIM_Encoder_Start
 .text.TIM_Base_SetConfig
                0x0000000008004458       0xc4 ./Drivers/STM32F1xx_HAL_Driver/Src/stm32f1xx_hal_tim.o
                0x0000000008004458                TIM_Base_SetConfig
 .text.TIM_CCxChannelCmd
                0x000000000800451c       0x48 ./Drivers/STM32F1xx_HAL_Driver/Src/stm32f1xx_hal_tim.o
                0x000000000800451c                TIM_CCxChannelCmd
 .text.HAL_TIMEx_MasterConfigSynchronization
                0x0000000008004564       0xbc ./Drivers/STM32F1xx_HAL_Driver/Src/stm32f1xx_hal_tim_ex.o
                0x0000000008004564                HAL_TIMEx_MasterConfigSynchronization
 .text.HAL_UART_Init
                0x0000000008004620       0xa0 ./Drivers/STM32F1xx_HAL_Driver/Src/stm32f1xx_hal_uart.o
                0x0000000008004620                HAL_UART_Init
 .text.HAL_UART_Transmit
                0x00000000080046c0      0x106 ./Drivers/STM32F1xx_HAL_Driver/Src/stm32f1xx_hal_uart.o
                0x00000000080046c0                HAL_UART_Transmit
 .text.HAL_UARTEx_ReceiveToIdle_DMA
                0x00000000080047c6       0xba ./Drivers/STM32F1xx_HAL_Driver/Src/stm32f1xx_hal_uart.o
                0x00000000080047c6                HAL_UARTEx_ReceiveToIdle_DMA
 .text.HAL_UART_IRQHandler
                0x0000000008004880      0x524 ./Drivers/STM32F1xx_HAL_Driver/Src/stm32f1xx_hal_uart.o
                0x0000000008004880                HAL_UART_IRQHandler
 .text.HAL_UART_TxCpltCallback
                0x0000000008004da4       0x12 ./Drivers/STM32F1xx_HAL_Driver/Src/stm32f1xx_hal_uart.o
                0x0000000008004da4                HAL_UART_TxCpltCallback
 .text.HAL_UART_RxCpltCallback
                0x0000000008004db6       0x12 ./Drivers/STM32F1xx_HAL_Driver/Src/stm32f1xx_hal_uart.o
                0x0000000008004db6                HAL_UART_RxCpltCallback
 .text.HAL_UART_RxHalfCpltCallback
                0x0000000008004dc8       0x12 ./Drivers/STM32F1xx_HAL_Driver/Src/stm32f1xx_hal_uart.o
                0x0000000008004dc8                HAL_UART_RxHalfCpltCallback
 .text.HAL_UART_GetError
                0x0000000008004dda       0x16 ./Drivers/STM32F1xx_HAL_Driver/Src/stm32f1xx_hal_uart.o
                0x0000000008004dda                HAL_UART_GetError
 .text.UART_DMAReceiveCplt
                0x0000000008004df0      0x12c ./Drivers/STM32F1xx_HAL_Driver/Src/stm32f1xx_hal_uart.o
 .text.UART_DMARxHalfCplt
                0x0000000008004f1c       0x3c ./Drivers/STM32F1xx_HAL_Driver/Src/stm32f1xx_hal_uart.o
 .text.UART_DMAError
                0x0000000008004f58       0x94 ./Drivers/STM32F1xx_HAL_Driver/Src/stm32f1xx_hal_uart.o
 .text.UART_WaitOnFlagUntilTimeout
                0x0000000008004fec       0xdc ./Drivers/STM32F1xx_HAL_Driver/Src/stm32f1xx_hal_uart.o
 .text.UART_Start_Receive_DMA
                0x00000000080050c8      0x134 ./Drivers/STM32F1xx_HAL_Driver/Src/stm32f1xx_hal_uart.o
                0x00000000080050c8                UART_Start_Receive_DMA
 .text.UART_EndTxTransfer
                0x00000000080051fc       0x4e ./Drivers/STM32F1xx_HAL_Driver/Src/stm32f1xx_hal_uart.o
 .text.UART_EndRxTransfer
                0x000000000800524a       0xc4 ./Drivers/STM32F1xx_HAL_Driver/Src/stm32f1xx_hal_uart.o
 .text.UART_DMAAbortOnError
                0x000000000800530e       0x28 ./Drivers/STM32F1xx_HAL_Driver/Src/stm32f1xx_hal_uart.o
 .text.UART_Transmit_IT
                0x0000000008005336       0x9e ./Drivers/STM32F1xx_HAL_Driver/Src/stm32f1xx_hal_uart.o
 .text.UART_EndTransmit_IT
                0x00000000080053d4       0x30 ./Drivers/STM32F1xx_HAL_Driver/Src/stm32f1xx_hal_uart.o
 .text.UART_Receive_IT
                0x0000000008005404      0x17c ./Drivers/STM32F1xx_HAL_Driver/Src/stm32f1xx_hal_uart.o
 .text.UART_SetConfig
                0x0000000008005580      0x11c ./Drivers/STM32F1xx_HAL_Driver/Src/stm32f1xx_hal_uart.o
 .text.__errno  0x000000000800569c        0xc c:/st/stm32cubeide_1.9.0/stm32cubeide/plugins/com.st.stm32cube.ide.mcu.externaltools.gnu-tools-for-stm32.10.3-2021.10.win32_1.0.100.202210260954/tools/bin/../lib/gcc/arm-none-eabi/10.3.1/../../../../arm-none-eabi/lib/thumb/v7-m/nofp\libc_nano.a(lib_a-errno.o)
                0x000000000800569c                __errno
 .text.__libc_init_array
                0x00000000080056a8       0x48 c:/st/stm32cubeide_1.9.0/stm32cubeide/plugins/com.st.stm32cube.ide.mcu.externaltools.gnu-tools-for-stm32.10.3-2021.10.win32_1.0.100.202210260954/tools/bin/../lib/gcc/arm-none-eabi/10.3.1/../../../../arm-none-eabi/lib/thumb/v7-m/nofp\libc_nano.a(lib_a-init.o)
                0x00000000080056a8                __libc_init_array
 .text.memcpy   0x00000000080056f0       0x1c c:/st/stm32cubeide_1.9.0/stm32cubeide/plugins/com.st.stm32cube.ide.mcu.externaltools.gnu-tools-for-stm32.10.3-2021.10.win32_1.0.100.202210260954/tools/bin/../lib/gcc/arm-none-eabi/10.3.1/../../../../arm-none-eabi/lib/thumb/v7-m/nofp\libc_nano.a(lib_a-memcpy-stub.o)
                0x00000000080056f0                memcpy
 .text.memmove  0x000000000800570c       0x34 c:/st/stm32cubeide_1.9.0/stm32cubeide/plugins/com.st.stm32cube.ide.mcu.externaltools.gnu-tools-for-stm32.10.3-2021.10.win32_1.0.100.202210260954/tools/bin/../lib/gcc/arm-none-eabi/10.3.1/../../../../arm-none-eabi/lib/thumb/v7-m/nofp\libc_nano.a(lib_a-memmove.o)
                0x000000000800570c                memmove
 .text.memset   0x0000000008005740       0x10 c:/st/stm32cubeide_1.9.0/stm32cubeide/plugins/com.st.stm32cube.ide.mcu.externaltools.gnu-tools-for-stm32.10.3-2021.10.win32_1.0.100.202210260954/tools/bin/../lib/gcc/arm-none-eabi/10.3.1/../../../../arm-none-eabi/lib/thumb/v7-m/nofp\libc_nano.a(lib_a-memset.o)
                0x0000000008005740                memset
 .text.snprintf
                0x0000000008005750       0x68 c:/st/stm32cubeide_1.9.0/stm32cubeide/plugins/com.st.stm32cube.ide.mcu.externaltools.gnu-tools-for-stm32.10.3-2021.10.win32_1.0.100.202210260954/tools/bin/../lib/gcc/arm-none-eabi/10.3.1/../../../../arm-none-eabi/lib/thumb/v7-m/nofp\libc_nano.a(lib_a-snprintf.o)
                0x0000000008005750                sniprintf
                0x0000000008005750                snprintf
 .text.__ssputs_r
                0x00000000080057b8       0xb6 c:/st/stm32cubeide_1.9.0/stm32cubeide/plugins/com.st.stm32cube.ide.mcu.externaltools.gnu-tools-for-stm32.10.3-2021.10.win32_1.0.100.202210260954/tools/bin/../lib/gcc/arm-none-eabi/10.3.1/../../../../arm-none-eabi/lib/thumb/v7-m/nofp\libc_nano.a(lib_a-nano-svfprintf.o)
                0x00000000080057b8                __ssputs_r
 *fill*         0x000000000800586e        0x2 
 .text._svfprintf_r
                0x0000000008005870      0x200 c:/st/stm32cubeide_1.9.0/stm32cubeide/plugins/com.st.stm32cube.ide.mcu.externaltools.gnu-tools-for-stm32.10.3-2021.10.win32_1.0.100.202210260954/tools/bin/../lib/gcc/arm-none-eabi/10.3.1/../../../../arm-none-eabi/lib/thumb/v7-m/nofp\libc_nano.a(lib_a-nano-svfprintf.o)
                0x0000000008005870                _svfiprintf_r
                0x0000000008005870                _svfprintf_r
 .text._printf_common
                0x0000000008005a70       0xde c:/st/stm32cubeide_1.9.0/stm32cubeide/plugins/com.st.stm32cube.ide.mcu.externaltools.gnu-tools-for-stm32.10.3-2021.10.win32_1.0.100.202210260954/tools/bin/../lib/gcc/arm-none-eabi/10.3.1/../../../../arm-none-eabi/lib/thumb/v7-m/nofp\libc_nano.a(lib_a-nano-vfprintf_i.o)
                0x0000000008005a70                _printf_common
 *fill*         0x0000000008005b4e        0x2 
 .text._printf_i
                0x0000000008005b50      0x24c c:/st/stm32cubeide_1.9.0/stm32cubeide/plugins/com.st.stm32cube.ide.mcu.externaltools.gnu-tools-for-stm32.10.3-2021.10.win32_1.0.100.202210260954/tools/bin/../lib/gcc/arm-none-eabi/10.3.1/../../../../arm-none-eabi/lib/thumb/v7-m/nofp\libc_nano.a(lib_a-nano-vfprintf_i.o)
                0x0000000008005b50                _printf_i
 .text.memchr   0x0000000008005d9c       0x1c c:/st/stm32cubeide_1.9.0/stm32cubeide/plugins/com.st.stm32cube.ide.mcu.externaltools.gnu-tools-for-stm32.10.3-2021.10.win32_1.0.100.202210260954/tools/bin/../lib/gcc/arm-none-eabi/10.3.1/../../../../arm-none-eabi/lib/thumb/v7-m/nofp\libc_nano.a(lib_a-memchr-stub.o)
                0x0000000008005d9c                memchr
 .text._free_r  0x0000000008005db8       0x90 c:/st/stm32cubeide_1.9.0/stm32cubeide/plugins/com.st.stm32cube.ide.mcu.externaltools.gnu-tools-for-stm32.10.3-2021.10.win32_1.0.100.202210260954/tools/bin/../lib/gcc/arm-none-eabi/10.3.1/../../../../arm-none-eabi/lib/thumb/v7-m/nofp\libc_nano.a(lib_a-nano-freer.o)
                0x0000000008005db8                _free_r
 .text.sbrk_aligned
                0x0000000008005e48       0x40 c:/st/stm32cubeide_1.9.0/stm32cubeide/plugins/com.st.stm32cube.ide.mcu.externaltools.gnu-tools-for-stm32.10.3-2021.10.win32_1.0.100.202210260954/tools/bin/../lib/gcc/arm-none-eabi/10.3.1/../../../../arm-none-eabi/lib/thumb/v7-m/nofp\libc_nano.a(lib_a-nano-mallocr.o)
 .text._malloc_r
                0x0000000008005e88       0xe8 c:/st/stm32cubeide_1.9.0/stm32cubeide/plugins/com.st.stm32cube.ide.mcu.externaltools.gnu-tools-for-stm32.10.3-2021.10.win32_1.0.100.202210260954/tools/bin/../lib/gcc/arm-none-eabi/10.3.1/../../../../arm-none-eabi/lib/thumb/v7-m/nofp\libc_nano.a(lib_a-nano-mallocr.o)
                0x0000000008005e88                _malloc_r
 .text._realloc_r
                0x0000000008005f70       0x5e c:/st/stm32cubeide_1.9.0/stm32cubeide/plugins/com.st.stm32cube.ide.mcu.externaltools.gnu-tools-for-stm32.10.3-2021.10.win32_1.0.100.202210260954/tools/bin/../lib/gcc/arm-none-eabi/10.3.1/../../../../arm-none-eabi/lib/thumb/v7-m/nofp\libc_nano.a(lib_a-nano-reallocr.o)
                0x0000000008005f70                _realloc_r
 *fill*         0x0000000008005fce        0x2 
 .text._sbrk_r  0x0000000008005fd0       0x20 c:/st/stm32cubeide_1.9.0/stm32cubeide/plugins/com.st.stm32cube.ide.mcu.externaltools.gnu-tools-for-stm32.10.3-2021.10.win32_1.0.100.202210260954/tools/bin/../lib/gcc/arm-none-eabi/10.3.1/../../../../arm-none-eabi/lib/thumb/v7-m/nofp\libc_nano.a(lib_a-sbrkr.o)
                0x0000000008005fd0                _sbrk_r
 .text.__malloc_lock
                0x0000000008005ff0        0xc c:/st/stm32cubeide_1.9.0/stm32cubeide/plugins/com.st.stm32cube.ide.mcu.externaltools.gnu-tools-for-stm32.10.3-2021.10.win32_1.0.100.202210260954/tools/bin/../lib/gcc/arm-none-eabi/10.3.1/../../../../arm-none-eabi/lib/thumb/v7-m/nofp\libc_nano.a(lib_a-mlock.o)
                0x0000000008005ff0                __malloc_lock
 .text.__malloc_unlock
                0x0000000008005ffc        0xc c:/st/stm32cubeide_1.9.0/stm32cubeide/plugins/com.st.stm32cube.ide.mcu.externaltools.gnu-tools-for-stm32.10.3-2021.10.win32_1.0.100.202210260954/tools/bin/../lib/gcc/arm-none-eabi/10.3.1/../../../../arm-none-eabi/lib/thumb/v7-m/nofp\libc_nano.a(lib_a-mlock.o)
                0x0000000008005ffc                __malloc_unlock
 .text._malloc_usable_size_r
                0x0000000008006008       0x10 c:/st/stm32cubeide_1.9.0/stm32cubeide/plugins/com.st.stm32cube.ide.mcu.externaltools.gnu-tools-for-stm32.10.3-2021.10.win32_1.0.100.202210260954/tools/bin/../lib/gcc/arm-none-eabi/10.3.1/../../../../arm-none-eabi/lib/thumb/v7-m/nofp\libc_nano.a(lib_a-nano-msizer.o)
                0x0000000008006008                _malloc_usable_size_r
 .text.__retarget_lock_acquire_recursive
                0x0000000008006018        0x2 c:/st/stm32cubeide_1.9.0/stm32cubeide/plugins/com.st.stm32cube.ide.mcu.externaltools.gnu-tools-for-stm32.10.3-2021.10.win32_1.0.100.202210260954/tools/bin/../lib/gcc/arm-none-eabi/10.3.1/../../../../arm-none-eabi/lib/thumb/v7-m/nofp\libc_nano.a(lib_a-lock.o)
                0x0000000008006018                __retarget_lock_acquire_recursive
 .text.__retarget_lock_release_recursive
                0x000000000800601a        0x2 c:/st/stm32cubeide_1.9.0/stm32cubeide/plugins/com.st.stm32cube.ide.mcu.externaltools.gnu-tools-for-stm32.10.3-2021.10.win32_1.0.100.202210260954/tools/bin/../lib/gcc/arm-none-eabi/10.3.1/../../../../arm-none-eabi/lib/thumb/v7-m/nofp\libc_nano.a(lib_a-lock.o)
                0x000000000800601a                __retarget_lock_release_recursive
 *(.glue_7)
 .glue_7        0x000000000800601c        0x0 linker stubs
 *(.glue_7t)
 .glue_7t       0x000000000800601c        0x0 linker stubs
 *(.eh_frame)
 .eh_frame      0x000000000800601c        0x0 c:/st/stm32cubeide_1.9.0/stm32cubeide/plugins/com.st.stm32cube.ide.mcu.externaltools.gnu-tools-for-stm32.10.3-2021.10.win32_1.0.100.202210260954/tools/bin/../lib/gcc/arm-none-eabi/10.3.1/thumb/v7-m/nofp/crtbegin.o
 *(.init)
 .init          0x000000000800601c        0x4 c:/st/stm32cubeide_1.9.0/stm32cubeide/plugins/com.st.stm32cube.ide.mcu.externaltools.gnu-tools-for-stm32.10.3-2021.10.win32_1.0.100.202210260954/tools/bin/../lib/gcc/arm-none-eabi/10.3.1/thumb/v7-m/nofp/crti.o
                0x000000000800601c                _init
 .init          0x0000000008006020        0x8 c:/st/stm32cubeide_1.9.0/stm32cubeide/plugins/com.st.stm32cube.ide.mcu.externaltools.gnu-tools-for-stm32.10.3-2021.10.win32_1.0.100.202210260954/tools/bin/../lib/gcc/arm-none-eabi/10.3.1/thumb/v7-m/nofp/crtn.o
 *(.fini)
 .fini          0x0000000008006028        0x4 c:/st/stm32cubeide_1.9.0/stm32cubeide/plugins/com.st.stm32cube.ide.mcu.externaltools.gnu-tools-for-stm32.10.3-2021.10.win32_1.0.100.202210260954/tools/bin/../lib/gcc/arm-none-eabi/10.3.1/thumb/v7-m/nofp/crti.o
                0x0000000008006028                _fini
 .fini          0x000000000800602c        0x8 c:/st/stm32cubeide_1.9.0/stm32cubeide/plugins/com.st.stm32cube.ide.mcu.externaltools.gnu-tools-for-stm32.10.3-2021.10.win32_1.0.100.202210260954/tools/bin/../lib/gcc/arm-none-eabi/10.3.1/thumb/v7-m/nofp/crtn.o
                0x0000000008006034                . = ALIGN (0x4)
                0x0000000008006034                _etext = .

.vfp11_veneer   0x0000000008006034        0x0
 .vfp11_veneer  0x0000000008006034        0x0 linker stubs

.v4_bx          0x0000000008006034        0x0
 .v4_bx         0x0000000008006034        0x0 linker stubs

.iplt           0x0000000008006034        0x0
 .iplt          0x0000000008006034        0x0 c:/st/stm32cubeide_1.9.0/stm32cubeide/plugins/com.st.stm32cube.ide.mcu.externaltools.gnu-tools-for-stm32.10.3-2021.10.win32_1.0.100.202210260954/tools/bin/../lib/gcc/arm-none-eabi/10.3.1/thumb/v7-m/nofp/crtbegin.o

.rodata         0x0000000008006034     0x4118
                0x0000000008006034                . = ALIGN (0x4)
 *(.rodata)
 .rodata        0x0000000008006034       0xe3 ./Core/Src/main.o
 *(.rodata*)
 *fill*         0x0000000008006117        0x1 
 .rodata.AHBPrescTable
                0x0000000008006118       0x10 ./Core/Src/system_stm32f1xx.o
                0x0000000008006118                AHBPrescTable
 .rodata.APBPrescTable
                0x0000000008006128        0x8 ./Core/Src/system_stm32f1xx.o
                0x0000000008006128                APBPrescTable
 .rodata.Font7x10
                0x0000000008006130      0x76c ./Core/Src/ssd1306/ssd1306_fonts.o
 .rodata.Font11x18
                0x000000000800689c      0xd5c ./Core/Src/ssd1306/ssd1306_fonts.o
 .rodata.Font16x26
                0x00000000080075f8     0x134c ./Core/Src/ssd1306/ssd1306_fonts.o
 .rodata.Font6x8
                0x0000000008008944      0x5f0 ./Core/Src/ssd1306/ssd1306_fonts.o
 .rodata.Font16x24
                0x0000000008008f34     0x11d0 ./Core/Src/ssd1306/ssd1306_fonts.o
 .rodata.aPLLMULFactorTable.1
                0x000000000800a104       0x10 ./Drivers/STM32F1xx_HAL_Driver/Src/stm32f1xx_hal_rcc.o
 .rodata.aPredivFactorTable.0
                0x000000000800a114        0x2 ./Drivers/STM32F1xx_HAL_Driver/Src/stm32f1xx_hal_rcc.o
 .rodata._svfprintf_r.str1.1
                0x000000000800a116       0x11 c:/st/stm32cubeide_1.9.0/stm32cubeide/plugins/com.st.stm32cube.ide.mcu.externaltools.gnu-tools-for-stm32.10.3-2021.10.win32_1.0.100.202210260954/tools/bin/../lib/gcc/arm-none-eabi/10.3.1/../../../../arm-none-eabi/lib/thumb/v7-m/nofp\libc_nano.a(lib_a-nano-svfprintf.o)
 .rodata._printf_i.str1.1
                0x000000000800a127       0x22 c:/st/stm32cubeide_1.9.0/stm32cubeide/plugins/com.st.stm32cube.ide.mcu.externaltools.gnu-tools-for-stm32.10.3-2021.10.win32_1.0.100.202210260954/tools/bin/../lib/gcc/arm-none-eabi/10.3.1/../../../../arm-none-eabi/lib/thumb/v7-m/nofp\libc_nano.a(lib_a-nano-vfprintf_i.o)
                0x000000000800a14c                . = ALIGN (0x4)
 *fill*         0x000000000800a149        0x3 

.rel.dyn        0x000000000800a14c        0x0
 .rel.iplt      0x000000000800a14c        0x0 c:/st/stm32cubeide_1.9.0/stm32cubeide/plugins/com.st.stm32cube.ide.mcu.externaltools.gnu-tools-for-stm32.10.3-2021.10.win32_1.0.100.202210260954/tools/bin/../lib/gcc/arm-none-eabi/10.3.1/thumb/v7-m/nofp/crtbegin.o

.ARM.extab      0x000000000800a14c        0x0
                0x000000000800a14c                . = ALIGN (0x4)
 *(.ARM.extab* .gnu.linkonce.armextab.*)
                0x000000000800a14c                . = ALIGN (0x4)

.ARM            0x000000000800a14c        0x0
                0x000000000800a14c                . = ALIGN (0x4)
                0x000000000800a14c                __exidx_start = .
 *(.ARM.exidx*)
                0x000000000800a14c                __exidx_end = .
                0x000000000800a14c                . = ALIGN (0x4)

.preinit_array  0x000000000800a14c        0x0
                0x000000000800a14c                . = ALIGN (0x4)
                0x000000000800a14c                PROVIDE (__preinit_array_start = .)
 *(.preinit_array*)
                0x000000000800a14c                PROVIDE (__preinit_array_end = .)
                0x000000000800a14c                . = ALIGN (0x4)

.init_array     0x000000000800a14c        0x4
                0x000000000800a14c                . = ALIGN (0x4)
                0x000000000800a14c                PROVIDE (__init_array_start = .)
 *(SORT_BY_NAME(.init_array.*))
 *(.init_array*)
 .init_array    0x000000000800a14c        0x4 c:/st/stm32cubeide_1.9.0/stm32cubeide/plugins/com.st.stm32cube.ide.mcu.externaltools.gnu-tools-for-stm32.10.3-2021.10.win32_1.0.100.202210260954/tools/bin/../lib/gcc/arm-none-eabi/10.3.1/thumb/v7-m/nofp/crtbegin.o
                0x000000000800a150                PROVIDE (__init_array_end = .)
                0x000000000800a150                . = ALIGN (0x4)

.fini_array     0x000000000800a150        0x4
                0x000000000800a150                . = ALIGN (0x4)
                [!provide]                        PROVIDE (__fini_array_start = .)
 *(SORT_BY_NAME(.fini_array.*))
 *(.fini_array*)
 .fini_array    0x000000000800a150        0x4 c:/st/stm32cubeide_1.9.0/stm32cubeide/plugins/com.st.stm32cube.ide.mcu.externaltools.gnu-tools-for-stm32.10.3-2021.10.win32_1.0.100.202210260954/tools/bin/../lib/gcc/arm-none-eabi/10.3.1/thumb/v7-m/nofp/crtbegin.o
                [!provide]                        PROVIDE (__fini_array_end = .)
                0x000000000800a154                . = ALIGN (0x4)
                0x000000000800a154                _sidata = LOADADDR (.data)

.data           0x0000000020000000       0xb8 load address 0x000000000800a154
                0x0000000020000000                . = ALIGN (0x4)
                0x0000000020000000                _sdata = .
 *(.data)
 *(.data*)
 .data.bms_jbd_request_msg0
                0x0000000020000000        0x7 ./Core/Src/main.o
                0x0000000020000000                bms_jbd_request_msg0
 *fill*         0x0000000020000007        0x1 
 .data.bms_jbd_request_msg1
                0x0000000020000008        0x7 ./Core/Src/main.o
                0x0000000020000008                bms_jbd_request_msg1
 *fill*         0x000000002000000f        0x1 
 .data.bms_smart_request_msg
                0x0000000020000010        0xd ./Core/Src/main.o
                0x0000000020000010                bms_smart_request_msg
 *fill*         0x000000002000001d        0x3 
 .data.SystemCoreClock
                0x0000000020000020        0x4 ./Core/Src/system_stm32f1xx.o
                0x0000000020000020                SystemCoreClock
 .data.Font_6x8
                0x0000000020000024        0x8 ./Core/Src/ssd1306/ssd1306_fonts.o
                0x0000000020000024                Font_6x8
 .data.Font_7x10
                0x000000002000002c        0x8 ./Core/Src/ssd1306/ssd1306_fonts.o
                0x000000002000002c                Font_7x10
 .data.Font_11x18
                0x0000000020000034        0x8 ./Core/Src/ssd1306/ssd1306_fonts.o
                0x0000000020000034                Font_11x18
 .data.Font_16x26
                0x000000002000003c        0x8 ./Core/Src/ssd1306/ssd1306_fonts.o
                0x000000002000003c                Font_16x26
 .data.Font_16x24
                0x0000000020000044        0x8 ./Core/Src/ssd1306/ssd1306_fonts.o
                0x0000000020000044                Font_16x24
 .data.uwTickPrio
                0x000000002000004c        0x4 ./Drivers/STM32F1xx_HAL_Driver/Src/stm32f1xx_hal.o
                0x000000002000004c                uwTickPrio
 .data.uwTickFreq
                0x0000000020000050        0x1 ./Drivers/STM32F1xx_HAL_Driver/Src/stm32f1xx_hal.o
                0x0000000020000050                uwTickFreq
 *fill*         0x0000000020000051        0x3 
 .data._impure_ptr
                0x0000000020000054        0x4 c:/st/stm32cubeide_1.9.0/stm32cubeide/plugins/com.st.stm32cube.ide.mcu.externaltools.gnu-tools-for-stm32.10.3-2021.10.win32_1.0.100.202210260954/tools/bin/../lib/gcc/arm-none-eabi/10.3.1/../../../../arm-none-eabi/lib/thumb/v7-m/nofp\libc_nano.a(lib_a-impure.o)
                0x0000000020000054                _impure_ptr
 .data.impure_data
                0x0000000020000058       0x60 c:/st/stm32cubeide_1.9.0/stm32cubeide/plugins/com.st.stm32cube.ide.mcu.externaltools.gnu-tools-for-stm32.10.3-2021.10.win32_1.0.100.202210260954/tools/bin/../lib/gcc/arm-none-eabi/10.3.1/../../../../arm-none-eabi/lib/thumb/v7-m/nofp\libc_nano.a(lib_a-impure.o)
 *(.RamFunc)
 *(.RamFunc*)
                0x00000000200000b8                . = ALIGN (0x4)
                0x00000000200000b8                _edata = .

.igot.plt       0x00000000200000b8        0x0 load address 0x000000000800a20c
 .igot.plt      0x00000000200000b8        0x0 c:/st/stm32cubeide_1.9.0/stm32cubeide/plugins/com.st.stm32cube.ide.mcu.externaltools.gnu-tools-for-stm32.10.3-2021.10.win32_1.0.100.202210260954/tools/bin/../lib/gcc/arm-none-eabi/10.3.1/thumb/v7-m/nofp/crtbegin.o
                0x00000000200000b8                . = ALIGN (0x4)

.bss            0x00000000200000b8      0x6dc load address 0x000000000800a20c
                0x00000000200000b8                _sbss = .
                0x00000000200000b8                __bss_start__ = _sbss
 *(.bss)
 .bss           0x00000000200000b8       0x1c c:/st/stm32cubeide_1.9.0/stm32cubeide/plugins/com.st.stm32cube.ide.mcu.externaltools.gnu-tools-for-stm32.10.3-2021.10.win32_1.0.100.202210260954/tools/bin/../lib/gcc/arm-none-eabi/10.3.1/thumb/v7-m/nofp/crtbegin.o
 *(.bss*)
 .bss.hcan      0x00000000200000d4       0x28 ./Core/Src/main.o
                0x00000000200000d4                hcan
 .bss.hspi1     0x00000000200000fc       0x58 ./Core/Src/main.o
                0x00000000200000fc                hspi1
 .bss.htim4     0x0000000020000154       0x48 ./Core/Src/main.o
                0x0000000020000154                htim4
 .bss.huart1    0x000000002000019c       0x48 ./Core/Src/main.o
                0x000000002000019c                huart1
 .bss.hdma_usart1_rx
                0x00000000200001e4       0x44 ./Core/Src/main.o
                0x00000000200001e4                hdma_usart1_rx
 .bss.enc_prev  0x0000000020000228        0x4 ./Core/Src/main.o
                0x0000000020000228                enc_prev
 .bss.enc_idle_tick
                0x000000002000022c        0x4 ./Core/Src/main.o
                0x000000002000022c                enc_idle_tick
 .bss.bms_uart_buff
                0x0000000020000230       0x64 ./Core/Src/main.o
                0x0000000020000230                bms_uart_buff
 .bss.new_bms_data
                0x0000000020000294        0x1 ./Core/Src/main.o
                0x0000000020000294                new_bms_data
 .bss.bms_detected
                0x0000000020000295        0x1 ./Core/Src/main.o
                0x0000000020000295                bms_detected
 .bss.smart_bms
                0x0000000020000296        0x1 ./Core/Src/main.o
                0x0000000020000296                smart_bms
 *fill*         0x0000000020000297        0x1 
 .bss.bms_req_time
                0x0000000020000298        0x4 ./Core/Src/main.o
                0x0000000020000298                bms_req_time
 .bss.battery_capacity
                0x000000002000029c        0x4 ./Core/Src/main.o
                0x000000002000029c                battery_capacity
 .bss.start_stop
                0x00000000200002a0        0x4 ./Core/Src/main.o
                0x00000000200002a0                start_stop
 .bss.motor_speed
                0x00000000200002a4        0x4 ./Core/Src/main.o
                0x00000000200002a4                motor_speed
 .bss.TxHeader  0x00000000200002a8       0x18 ./Core/Src/main.o
                0x00000000200002a8                TxHeader
 .bss.TxData    0x00000000200002c0        0x8 ./Core/Src/main.o
                0x00000000200002c0                TxData
 .bss.TxMailbox
                0x00000000200002c8        0x4 ./Core/Src/main.o
                0x00000000200002c8                TxMailbox
 .bss.curr_menu
                0x00000000200002cc        0x4 ./Core/Src/main.o
                0x00000000200002cc                curr_menu
 .bss.batteryMsg
                0x00000000200002d0       0x50 ./Core/Src/main.o
                0x00000000200002d0                batteryMsg
 .bss.stButtons
                0x0000000020000320       0x30 ./Core/Src/main.o
                0x0000000020000320                stButtons
 .bss.move_axis_en.4
                0x0000000020000350        0x4 ./Core/Src/main.o
 .bss.lift_axis_en.3
                0x0000000020000354        0x4 ./Core/Src/main.o
 .bss.ch_velocity.2
                0x0000000020000358        0x4 ./Core/Src/main.o
 .bss.a.1       0x000000002000035c        0x1 ./Core/Src/main.o
 *fill*         0x000000002000035d        0x3 
 .bss.blink_t.0
                0x0000000020000360        0x4 ./Core/Src/main.o
 .bss.__sbrk_heap_end
                0x0000000020000364        0x4 ./Core/Src/sysmem.o
 .bss.SSD1306_Buffer
                0x0000000020000368      0x410 ./Core/Src/ssd1306/ssd1306.o
 .bss.SSD1306   0x0000000020000778        0x6 ./Core/Src/ssd1306/ssd1306.o
 *fill*         0x000000002000077e        0x2 
 .bss.uwTick    0x0000000020000780        0x4 ./Drivers/STM32F1xx_HAL_Driver/Src/stm32f1xx_hal.o
                0x0000000020000780                uwTick
 .bss.__malloc_free_list
                0x0000000020000784        0x4 c:/st/stm32cubeide_1.9.0/stm32cubeide/plugins/com.st.stm32cube.ide.mcu.externaltools.gnu-tools-for-stm32.10.3-2021.10.win32_1.0.100.202210260954/tools/bin/../lib/gcc/arm-none-eabi/10.3.1/../../../../arm-none-eabi/lib/thumb/v7-m/nofp\libc_nano.a(lib_a-nano-mallocr.o)
                0x0000000020000784                __malloc_free_list
 .bss.__malloc_sbrk_start
                0x0000000020000788        0x4 c:/st/stm32cubeide_1.9.0/stm32cubeide/plugins/com.st.stm32cube.ide.mcu.externaltools.gnu-tools-for-stm32.10.3-2021.10.win32_1.0.100.202210260954/tools/bin/../lib/gcc/arm-none-eabi/10.3.1/../../../../arm-none-eabi/lib/thumb/v7-m/nofp\libc_nano.a(lib_a-nano-mallocr.o)
                0x0000000020000788                __malloc_sbrk_start
 .bss.errno     0x000000002000078c        0x4 c:/st/stm32cubeide_1.9.0/stm32cubeide/plugins/com.st.stm32cube.ide.mcu.externaltools.gnu-tools-for-stm32.10.3-2021.10.win32_1.0.100.202210260954/tools/bin/../lib/gcc/arm-none-eabi/10.3.1/../../../../arm-none-eabi/lib/thumb/v7-m/nofp\libc_nano.a(lib_a-reent.o)
                0x000000002000078c                errno
 .bss.__lock___malloc_recursive_mutex
                0x0000000020000790        0x1 c:/st/stm32cubeide_1.9.0/stm32cubeide/plugins/com.st.stm32cube.ide.mcu.externaltools.gnu-tools-for-stm32.10.3-2021.10.win32_1.0.100.202210260954/tools/bin/../lib/gcc/arm-none-eabi/10.3.1/../../../../arm-none-eabi/lib/thumb/v7-m/nofp\libc_nano.a(lib_a-lock.o)
                0x0000000020000790                __lock___malloc_recursive_mutex
 *(COMMON)
                0x0000000020000794                . = ALIGN (0x4)
 *fill*         0x0000000020000791        0x3 
                0x0000000020000794                _ebss = .
                0x0000000020000794                __bss_end__ = _ebss

._user_heap_stack
                0x0000000020000794      0x604 load address 0x000000000800a20c
                0x0000000020000798                . = ALIGN (0x8)
 *fill*         0x0000000020000794        0x4 
                [!provide]                        PROVIDE (end = .)
                0x0000000020000798                PROVIDE (_end = .)
                0x0000000020000998                . = (. + _Min_Heap_Size)
 *fill*         0x0000000020000798      0x200 
                0x0000000020000d98                . = (. + _Min_Stack_Size)
 *fill*         0x0000000020000998      0x400 
                0x0000000020000d98                . = ALIGN (0x8)

/DISCARD/
 libc.a(*)
 libm.a(*)
 libgcc.a(*)

.ARM.attributes
                0x0000000000000000       0x29
 *(.ARM.attributes)
 .ARM.attributes
                0x0000000000000000       0x1d c:/st/stm32cubeide_1.9.0/stm32cubeide/plugins/com.st.stm32cube.ide.mcu.externaltools.gnu-tools-for-stm32.10.3-2021.10.win32_1.0.100.202210260954/tools/bin/../lib/gcc/arm-none-eabi/10.3.1/thumb/v7-m/nofp/crti.o
 .ARM.attributes
                0x000000000000001d       0x2d c:/st/stm32cubeide_1.9.0/stm32cubeide/plugins/com.st.stm32cube.ide.mcu.externaltools.gnu-tools-for-stm32.10.3-2021.10.win32_1.0.100.202210260954/tools/bin/../lib/gcc/arm-none-eabi/10.3.1/thumb/v7-m/nofp/crtbegin.o
 .ARM.attributes
                0x000000000000004a       0x2d ./Core/Src/main.o
 .ARM.attributes
                0x0000000000000077       0x2d ./Core/Src/stm32f1xx_hal_msp.o
 .ARM.attributes
                0x00000000000000a4       0x2d ./Core/Src/stm32f1xx_it.o
 .ARM.attributes
                0x00000000000000d1       0x2d ./Core/Src/sysmem.o
 .ARM.attributes
                0x00000000000000fe       0x2d ./Core/Src/system_stm32f1xx.o
 .ARM.attributes
                0x000000000000012b       0x2d ./Core/Src/ssd1306/ssd1306.o
 .ARM.attributes
                0x0000000000000158       0x2d ./Core/Src/ssd1306/ssd1306_fonts.o
 .ARM.attributes
                0x0000000000000185       0x21 ./Core/Startup/startup_stm32f103c8tx.o
 .ARM.attributes
                0x00000000000001a6       0x2d ./Drivers/STM32F1xx_HAL_Driver/Src/stm32f1xx_hal.o
 .ARM.attributes
                0x00000000000001d3       0x2d ./Drivers/STM32F1xx_HAL_Driver/Src/stm32f1xx_hal_can.o
 .ARM.attributes
                0x0000000000000200       0x2d ./Drivers/STM32F1xx_HAL_Driver/Src/stm32f1xx_hal_cortex.o
 .ARM.attributes
                0x000000000000022d       0x2d ./Drivers/STM32F1xx_HAL_Driver/Src/stm32f1xx_hal_dma.o
 .ARM.attributes
                0x000000000000025a       0x2d ./Drivers/STM32F1xx_HAL_Driver/Src/stm32f1xx_hal_gpio.o
 .ARM.attributes
                0x0000000000000287       0x2d ./Drivers/STM32F1xx_HAL_Driver/Src/stm32f1xx_hal_rcc.o
 .ARM.attributes
                0x00000000000002b4       0x2d ./Drivers/STM32F1xx_HAL_Driver/Src/stm32f1xx_hal_spi.o
 .ARM.attributes
                0x00000000000002e1       0x2d ./Drivers/STM32F1xx_HAL_Driver/Src/stm32f1xx_hal_tim.o
 .ARM.attributes
                0x000000000000030e       0x2d ./Drivers/STM32F1xx_HAL_Driver/Src/stm32f1xx_hal_tim_ex.o
 .ARM.attributes
                0x000000000000033b       0x2d ./Drivers/STM32F1xx_HAL_Driver/Src/stm32f1xx_hal_uart.o
 .ARM.attributes
                0x0000000000000368       0x2d c:/st/stm32cubeide_1.9.0/stm32cubeide/plugins/com.st.stm32cube.ide.mcu.externaltools.gnu-tools-for-stm32.10.3-2021.10.win32_1.0.100.202210260954/tools/bin/../lib/gcc/arm-none-eabi/10.3.1/../../../../arm-none-eabi/lib/thumb/v7-m/nofp\libc_nano.a(lib_a-errno.o)
 .ARM.attributes
                0x0000000000000395       0x2d c:/st/stm32cubeide_1.9.0/stm32cubeide/plugins/com.st.stm32cube.ide.mcu.externaltools.gnu-tools-for-stm32.10.3-2021.10.win32_1.0.100.202210260954/tools/bin/../lib/gcc/arm-none-eabi/10.3.1/../../../../arm-none-eabi/lib/thumb/v7-m/nofp\libc_nano.a(lib_a-impure.o)
 .ARM.attributes
                0x00000000000003c2       0x2d c:/st/stm32cubeide_1.9.0/stm32cubeide/plugins/com.st.stm32cube.ide.mcu.externaltools.gnu-tools-for-stm32.10.3-2021.10.win32_1.0.100.202210260954/tools/bin/../lib/gcc/arm-none-eabi/10.3.1/../../../../arm-none-eabi/lib/thumb/v7-m/nofp\libc_nano.a(lib_a-init.o)
 .ARM.attributes
                0x00000000000003ef       0x2d c:/st/stm32cubeide_1.9.0/stm32cubeide/plugins/com.st.stm32cube.ide.mcu.externaltools.gnu-tools-for-stm32.10.3-2021.10.win32_1.0.100.202210260954/tools/bin/../lib/gcc/arm-none-eabi/10.3.1/../../../../arm-none-eabi/lib/thumb/v7-m/nofp\libc_nano.a(lib_a-memcpy-stub.o)
 .ARM.attributes
                0x000000000000041c       0x2d c:/st/stm32cubeide_1.9.0/stm32cubeide/plugins/com.st.stm32cube.ide.mcu.externaltools.gnu-tools-for-stm32.10.3-2021.10.win32_1.0.100.202210260954/tools/bin/../lib/gcc/arm-none-eabi/10.3.1/../../../../arm-none-eabi/lib/thumb/v7-m/nofp\libc_nano.a(lib_a-memmove.o)
 .ARM.attributes
                0x0000000000000449       0x2d c:/st/stm32cubeide_1.9.0/stm32cubeide/plugins/com.st.stm32cube.ide.mcu.externaltools.gnu-tools-for-stm32.10.3-2021.10.win32_1.0.100.202210260954/tools/bin/../lib/gcc/arm-none-eabi/10.3.1/../../../../arm-none-eabi/lib/thumb/v7-m/nofp\libc_nano.a(lib_a-memset.o)
 .ARM.attributes
                0x0000000000000476       0x2d c:/st/stm32cubeide_1.9.0/stm32cubeide/plugins/com.st.stm32cube.ide.mcu.externaltools.gnu-tools-for-stm32.10.3-2021.10.win32_1.0.100.202210260954/tools/bin/../lib/gcc/arm-none-eabi/10.3.1/../../../../arm-none-eabi/lib/thumb/v7-m/nofp\libc_nano.a(lib_a-snprintf.o)
 .ARM.attributes
                0x00000000000004a3       0x2d c:/st/stm32cubeide_1.9.0/stm32cubeide/plugins/com.st.stm32cube.ide.mcu.externaltools.gnu-tools-for-stm32.10.3-2021.10.win32_1.0.100.202210260954/tools/bin/../lib/gcc/arm-none-eabi/10.3.1/../../../../arm-none-eabi/lib/thumb/v7-m/nofp\libc_nano.a(lib_a-nano-svfprintf.o)
 .ARM.attributes
                0x00000000000004d0       0x2d c:/st/stm32cubeide_1.9.0/stm32cubeide/plugins/com.st.stm32cube.ide.mcu.externaltools.gnu-tools-for-stm32.10.3-2021.10.win32_1.0.100.202210260954/tools/bin/../lib/gcc/arm-none-eabi/10.3.1/../../../../arm-none-eabi/lib/thumb/v7-m/nofp\libc_nano.a(lib_a-nano-vfprintf_i.o)
 .ARM.attributes
                0x00000000000004fd       0x2d c:/st/stm32cubeide_1.9.0/stm32cubeide/plugins/com.st.stm32cube.ide.mcu.externaltools.gnu-tools-for-stm32.10.3-2021.10.win32_1.0.100.202210260954/tools/bin/../lib/gcc/arm-none-eabi/10.3.1/../../../../arm-none-eabi/lib/thumb/v7-m/nofp\libc_nano.a(lib_a-memchr-stub.o)
 .ARM.attributes
                0x000000000000052a       0x2d c:/st/stm32cubeide_1.9.0/stm32cubeide/plugins/com.st.stm32cube.ide.mcu.externaltools.gnu-tools-for-stm32.10.3-2021.10.win32_1.0.100.202210260954/tools/bin/../lib/gcc/arm-none-eabi/10.3.1/../../../../arm-none-eabi/lib/thumb/v7-m/nofp\libc_nano.a(lib_a-nano-freer.o)
 .ARM.attributes
                0x0000000000000557       0x2d c:/st/stm32cubeide_1.9.0/stm32cubeide/plugins/com.st.stm32cube.ide.mcu.externaltools.gnu-tools-for-stm32.10.3-2021.10.win32_1.0.100.202210260954/tools/bin/../lib/gcc/arm-none-eabi/10.3.1/../../../../arm-none-eabi/lib/thumb/v7-m/nofp\libc_nano.a(lib_a-nano-mallocr.o)
 .ARM.attributes
                0x0000000000000584       0x2d c:/st/stm32cubeide_1.9.0/stm32cubeide/plugins/com.st.stm32cube.ide.mcu.externaltools.gnu-tools-for-stm32.10.3-2021.10.win32_1.0.100.202210260954/tools/bin/../lib/gcc/arm-none-eabi/10.3.1/../../../../arm-none-eabi/lib/thumb/v7-m/nofp\libc_nano.a(lib_a-nano-reallocr.o)
 .ARM.attributes
                0x00000000000005b1       0x2d c:/st/stm32cubeide_1.9.0/stm32cubeide/plugins/com.st.stm32cube.ide.mcu.externaltools.gnu-tools-for-stm32.10.3-2021.10.win32_1.0.100.202210260954/tools/bin/../lib/gcc/arm-none-eabi/10.3.1/../../../../arm-none-eabi/lib/thumb/v7-m/nofp\libc_nano.a(lib_a-sbrkr.o)
 .ARM.attributes
                0x00000000000005de       0x2d c:/st/stm32cubeide_1.9.0/stm32cubeide/plugins/com.st.stm32cube.ide.mcu.externaltools.gnu-tools-for-stm32.10.3-2021.10.win32_1.0.100.202210260954/tools/bin/../lib/gcc/arm-none-eabi/10.3.1/../../../../arm-none-eabi/lib/thumb/v7-m/nofp\libc_nano.a(lib_a-mlock.o)
 .ARM.attributes
                0x000000000000060b       0x2d c:/st/stm32cubeide_1.9.0/stm32cubeide/plugins/com.st.stm32cube.ide.mcu.externaltools.gnu-tools-for-stm32.10.3-2021.10.win32_1.0.100.202210260954/tools/bin/../lib/gcc/arm-none-eabi/10.3.1/../../../../arm-none-eabi/lib/thumb/v7-m/nofp\libc_nano.a(lib_a-nano-msizer.o)
 .ARM.attributes
                0x0000000000000638       0x2d c:/st/stm32cubeide_1.9.0/stm32cubeide/plugins/com.st.stm32cube.ide.mcu.externaltools.gnu-tools-for-stm32.10.3-2021.10.win32_1.0.100.202210260954/tools/bin/../lib/gcc/arm-none-eabi/10.3.1/../../../../arm-none-eabi/lib/thumb/v7-m/nofp\libc_nano.a(lib_a-reent.o)
 .ARM.attributes
                0x0000000000000665       0x2d c:/st/stm32cubeide_1.9.0/stm32cubeide/plugins/com.st.stm32cube.ide.mcu.externaltools.gnu-tools-for-stm32.10.3-2021.10.win32_1.0.100.202210260954/tools/bin/../lib/gcc/arm-none-eabi/10.3.1/../../../../arm-none-eabi/lib/thumb/v7-m/nofp\libc_nano.a(lib_a-lock.o)
 .ARM.attributes
                0x0000000000000692       0x1d c:/st/stm32cubeide_1.9.0/stm32cubeide/plugins/com.st.stm32cube.ide.mcu.externaltools.gnu-tools-for-stm32.10.3-2021.10.win32_1.0.100.202210260954/tools/bin/../lib/gcc/arm-none-eabi/10.3.1/thumb/v7-m/nofp/crtn.o
OUTPUT(motor_tester_stm32.elf elf32-littlearm)
LOAD linker stubs
LOAD c:/st/stm32cubeide_1.9.0/stm32cubeide/plugins/com.st.stm32cube.ide.mcu.externaltools.gnu-tools-for-stm32.10.3-2021.10.win32_1.0.100.202210260954/tools/bin/../lib/gcc/arm-none-eabi/10.3.1/../../../../arm-none-eabi/lib/thumb/v7-m/nofp\libc.a
LOAD c:/st/stm32cubeide_1.9.0/stm32cubeide/plugins/com.st.stm32cube.ide.mcu.externaltools.gnu-tools-for-stm32.10.3-2021.10.win32_1.0.100.202210260954/tools/bin/../lib/gcc/arm-none-eabi/10.3.1/../../../../arm-none-eabi/lib/thumb/v7-m/nofp\libm.a
LOAD c:/st/stm32cubeide_1.9.0/stm32cubeide/plugins/com.st.stm32cube.ide.mcu.externaltools.gnu-tools-for-stm32.10.3-2021.10.win32_1.0.100.202210260954/tools/bin/../lib/gcc/arm-none-eabi/10.3.1/thumb/v7-m/nofp\libgcc.a

.debug_info     0x0000000000000000    0x11d5f
 .debug_info    0x0000000000000000     0x26a9 ./Core/Src/main.o
 .debug_info    0x00000000000026a9     0x15f0 ./Core/Src/stm32f1xx_hal_msp.o
 .debug_info    0x0000000000003c99      0x674 ./Core/Src/stm32f1xx_it.o
 .debug_info    0x000000000000430d      0x171 ./Core/Src/sysmem.o
 .debug_info    0x000000000000447e      0x23d ./Core/Src/system_stm32f1xx.o
 .debug_info    0x00000000000046bb     0x12d4 ./Core/Src/ssd1306/ssd1306.o
 .debug_info    0x000000000000598f      0x244 ./Core/Src/ssd1306/ssd1306_fonts.o
 .debug_info    0x0000000000005bd3       0x22 ./Core/Startup/startup_stm32f103c8tx.o
 .debug_info    0x0000000000005bf5      0x734 ./Drivers/STM32F1xx_HAL_Driver/Src/stm32f1xx_hal.o
 .debug_info    0x0000000000006329      0xfd7 ./Drivers/STM32F1xx_HAL_Driver/Src/stm32f1xx_hal_can.o
 .debug_info    0x0000000000007300      0xb20 ./Drivers/STM32F1xx_HAL_Driver/Src/stm32f1xx_hal_cortex.o
 .debug_info    0x0000000000007e20      0x744 ./Drivers/STM32F1xx_HAL_Driver/Src/stm32f1xx_hal_dma.o
 .debug_info    0x0000000000008564      0x615 ./Drivers/STM32F1xx_HAL_Driver/Src/stm32f1xx_hal_gpio.o
 .debug_info    0x0000000000008b79      0x865 ./Drivers/STM32F1xx_HAL_Driver/Src/stm32f1xx_hal_rcc.o
 .debug_info    0x00000000000093de     0x165d ./Drivers/STM32F1xx_HAL_Driver/Src/stm32f1xx_hal_spi.o
 .debug_info    0x000000000000aa3b     0x2bab ./Drivers/STM32F1xx_HAL_Driver/Src/stm32f1xx_hal_tim.o
 .debug_info    0x000000000000d5e6     0x15c7 ./Drivers/STM32F1xx_HAL_Driver/Src/stm32f1xx_hal_tim_ex.o
 .debug_info    0x000000000000ebad     0x31b2 ./Drivers/STM32F1xx_HAL_Driver/Src/stm32f1xx_hal_uart.o

.debug_abbrev   0x0000000000000000     0x25db
 .debug_abbrev  0x0000000000000000      0x452 ./Core/Src/main.o
 .debug_abbrev  0x0000000000000452      0x289 ./Core/Src/stm32f1xx_hal_msp.o
 .debug_abbrev  0x00000000000006db      0x166 ./Core/Src/stm32f1xx_it.o
 .debug_abbrev  0x0000000000000841       0xbb ./Core/Src/sysmem.o
 .debug_abbrev  0x00000000000008fc      0x13b ./Core/Src/system_stm32f1xx.o
 .debug_abbrev  0x0000000000000a37      0x34a ./Core/Src/ssd1306/ssd1306.o
 .debug_abbrev  0x0000000000000d81       0xbe ./Core/Src/ssd1306/ssd1306_fonts.o
 .debug_abbrev  0x0000000000000e3f       0x12 ./Core/Startup/startup_stm32f103c8tx.o
 .debug_abbrev  0x0000000000000e51      0x1fb ./Drivers/STM32F1xx_HAL_Driver/Src/stm32f1xx_hal.o
 .debug_abbrev  0x000000000000104c      0x224 ./Drivers/STM32F1xx_HAL_Driver/Src/stm32f1xx_hal_can.o
 .debug_abbrev  0x0000000000001270      0x2ed ./Drivers/STM32F1xx_HAL_Driver/Src/stm32f1xx_hal_cortex.o
 .debug_abbrev  0x000000000000155d      0x1fe ./Drivers/STM32F1xx_HAL_Driver/Src/stm32f1xx_hal_dma.o
 .debug_abbrev  0x000000000000175b      0x1bb ./Drivers/STM32F1xx_HAL_Driver/Src/stm32f1xx_hal_gpio.o
 .debug_abbrev  0x0000000000001916      0x2a8 ./Drivers/STM32F1xx_HAL_Driver/Src/stm32f1xx_hal_rcc.o
 .debug_abbrev  0x0000000000001bbe      0x26e ./Drivers/STM32F1xx_HAL_Driver/Src/stm32f1xx_hal_spi.o
 .debug_abbrev  0x0000000000001e2c      0x264 ./Drivers/STM32F1xx_HAL_Driver/Src/stm32f1xx_hal_tim.o
 .debug_abbrev  0x0000000000002090      0x26c ./Drivers/STM32F1xx_HAL_Driver/Src/stm32f1xx_hal_tim_ex.o
 .debug_abbrev  0x00000000000022fc      0x2df ./Drivers/STM32F1xx_HAL_Driver/Src/stm32f1xx_hal_uart.o

.debug_aranges  0x0000000000000000     0x10a0
 .debug_aranges
                0x0000000000000000       0xd8 ./Core/Src/main.o
 .debug_aranges
                0x00000000000000d8       0x60 ./Core/Src/stm32f1xx_hal_msp.o
 .debug_aranges
                0x0000000000000138       0x70 ./Core/Src/stm32f1xx_it.o
 .debug_aranges
                0x00000000000001a8       0x20 ./Core/Src/sysmem.o
 .debug_aranges
                0x00000000000001c8       0x28 ./Core/Src/system_stm32f1xx.o
 .debug_aranges
                0x00000000000001f0       0xe0 ./Core/Src/ssd1306/ssd1306.o
 .debug_aranges
                0x00000000000002d0       0x18 ./Core/Src/ssd1306/ssd1306_fonts.o
 .debug_aranges
                0x00000000000002e8       0x28 ./Core/Startup/startup_stm32f103c8tx.o
 .debug_aranges
                0x0000000000000310       0xe0 ./Drivers/STM32F1xx_HAL_Driver/Src/stm32f1xx_hal.o
 .debug_aranges
                0x00000000000003f0      0x138 ./Drivers/STM32F1xx_HAL_Driver/Src/stm32f1xx_hal_can.o
 .debug_aranges
                0x0000000000000528      0x100 ./Drivers/STM32F1xx_HAL_Driver/Src/stm32f1xx_hal_cortex.o
 .debug_aranges
                0x0000000000000628       0x80 ./Drivers/STM32F1xx_HAL_Driver/Src/stm32f1xx_hal_dma.o
 .debug_aranges
                0x00000000000006a8       0x58 ./Drivers/STM32F1xx_HAL_Driver/Src/stm32f1xx_hal_gpio.o
 .debug_aranges
                0x0000000000000700       0x90 ./Drivers/STM32F1xx_HAL_Driver/Src/stm32f1xx_hal_rcc.o
 .debug_aranges
                0x0000000000000790      0x1d0 ./Drivers/STM32F1xx_HAL_Driver/Src/stm32f1xx_hal_spi.o
 .debug_aranges
                0x0000000000000960      0x3d0 ./Drivers/STM32F1xx_HAL_Driver/Src/stm32f1xx_hal_tim.o
 .debug_aranges
                0x0000000000000d30      0x168 ./Drivers/STM32F1xx_HAL_Driver/Src/stm32f1xx_hal_tim_ex.o
 .debug_aranges
                0x0000000000000e98      0x208 ./Drivers/STM32F1xx_HAL_Driver/Src/stm32f1xx_hal_uart.o

.debug_ranges   0x0000000000000000      0xfc8
 .debug_ranges  0x0000000000000000       0xe0 ./Core/Src/main.o
 .debug_ranges  0x00000000000000e0       0x50 ./Core/Src/stm32f1xx_hal_msp.o
 .debug_ranges  0x0000000000000130       0x60 ./Core/Src/stm32f1xx_it.o
 .debug_ranges  0x0000000000000190       0x10 ./Core/Src/sysmem.o
 .debug_ranges  0x00000000000001a0       0x18 ./Core/Src/system_stm32f1xx.o
 .debug_ranges  0x00000000000001b8       0xd0 ./Core/Src/ssd1306/ssd1306.o
 .debug_ranges  0x0000000000000288       0x20 ./Core/Startup/startup_stm32f103c8tx.o
 .debug_ranges  0x00000000000002a8       0xd0 ./Drivers/STM32F1xx_HAL_Driver/Src/stm32f1xx_hal.o
 .debug_ranges  0x0000000000000378      0x128 ./Drivers/STM32F1xx_HAL_Driver/Src/stm32f1xx_hal_can.o
 .debug_ranges  0x00000000000004a0       0xf0 ./Drivers/STM32F1xx_HAL_Driver/Src/stm32f1xx_hal_cortex.o
 .debug_ranges  0x0000000000000590       0x70 ./Drivers/STM32F1xx_HAL_Driver/Src/stm32f1xx_hal_dma.o
 .debug_ranges  0x0000000000000600       0x48 ./Drivers/STM32F1xx_HAL_Driver/Src/stm32f1xx_hal_gpio.o
 .debug_ranges  0x0000000000000648       0x80 ./Drivers/STM32F1xx_HAL_Driver/Src/stm32f1xx_hal_rcc.o
 .debug_ranges  0x00000000000006c8      0x1c0 ./Drivers/STM32F1xx_HAL_Driver/Src/stm32f1xx_hal_spi.o
 .debug_ranges  0x0000000000000888      0x3c0 ./Drivers/STM32F1xx_HAL_Driver/Src/stm32f1xx_hal_tim.o
 .debug_ranges  0x0000000000000c48      0x158 ./Drivers/STM32F1xx_HAL_Driver/Src/stm32f1xx_hal_tim_ex.o
 .debug_ranges  0x0000000000000da0      0x228 ./Drivers/STM32F1xx_HAL_Driver/Src/stm32f1xx_hal_uart.o

.debug_macro    0x0000000000000000    0x19332
 .debug_macro   0x0000000000000000      0x36f ./Core/Src/main.o
 .debug_macro   0x000000000000036f      0xa6c ./Core/Src/main.o
 .debug_macro   0x0000000000000ddb      0x22d ./Core/Src/main.o
 .debug_macro   0x0000000000001008       0x2e ./Core/Src/main.o
 .debug_macro   0x0000000000001036       0x22 ./Core/Src/main.o
 .debug_macro   0x0000000000001058       0x22 ./Core/Src/main.o
 .debug_macro   0x000000000000107a       0x8e ./Core/Src/main.o
 .debug_macro   0x0000000000001108       0x51 ./Core/Src/main.o
 .debug_macro   0x0000000000001159      0x103 ./Core/Src/main.o
 .debug_macro   0x000000000000125c       0x6a ./Core/Src/main.o
 .debug_macro   0x00000000000012c6      0x1df ./Core/Src/main.o
 .debug_macro   0x00000000000014a5       0x1c ./Core/Src/main.o
 .debug_macro   0x00000000000014c1       0x22 ./Core/Src/main.o
 .debug_macro   0x00000000000014e3       0xbd ./Core/Src/main.o
 .debug_macro   0x00000000000015a0      0xd23 ./Core/Src/main.o
 .debug_macro   0x00000000000022c3     0xe09e ./Core/Src/main.o
 .debug_macro   0x0000000000010361       0x6d ./Core/Src/main.o
 .debug_macro   0x00000000000103ce     0x348d ./Core/Src/main.o
 .debug_macro   0x000000000001385b      0x174 ./Core/Src/main.o
 .debug_macro   0x00000000000139cf       0x5c ./Core/Src/main.o
 .debug_macro   0x0000000000013a2b      0x5bc ./Core/Src/main.o
 .debug_macro   0x0000000000013fe7      0x289 ./Core/Src/main.o
 .debug_macro   0x0000000000014270      0x1cb ./Core/Src/main.o
 .debug_macro   0x000000000001443b      0x114 ./Core/Src/main.o
 .debug_macro   0x000000000001454f      0x1b2 ./Core/Src/main.o
 .debug_macro   0x0000000000014701       0x27 ./Core/Src/main.o
 .debug_macro   0x0000000000014728      0x136 ./Core/Src/main.o
 .debug_macro   0x000000000001485e      0x1bc ./Core/Src/main.o
 .debug_macro   0x0000000000014a1a       0x34 ./Core/Src/main.o
 .debug_macro   0x0000000000014a4e       0x3c ./Core/Src/main.o
 .debug_macro   0x0000000000014a8a      0x408 ./Core/Src/main.o
 .debug_macro   0x0000000000014e92       0x57 ./Core/Src/main.o
 .debug_macro   0x0000000000014ee9       0x87 ./Core/Src/main.o
 .debug_macro   0x0000000000014f70      0x240 ./Core/Src/main.o
 .debug_macro   0x00000000000151b0      0x140 ./Core/Src/main.o
 .debug_macro   0x00000000000152f0      0x217 ./Core/Src/main.o
 .debug_macro   0x0000000000015507      0x8ed ./Core/Src/main.o
 .debug_macro   0x0000000000015df4      0x28e ./Core/Src/main.o
 .debug_macro   0x0000000000016082       0x83 ./Core/Src/main.o
 .debug_macro   0x0000000000016105       0x52 ./Core/Src/main.o
 .debug_macro   0x0000000000016157       0x18 ./Core/Src/main.o
 .debug_macro   0x000000000001616f       0x3c ./Core/Src/main.o
 .debug_macro   0x00000000000161ab       0x34 ./Core/Src/main.o
 .debug_macro   0x00000000000161df       0x16 ./Core/Src/main.o
 .debug_macro   0x00000000000161f5       0x35 ./Core/Src/main.o
 .debug_macro   0x000000000001622a      0x341 ./Core/Src/main.o
 .debug_macro   0x000000000001656b       0x10 ./Core/Src/main.o
 .debug_macro   0x000000000001657b       0x16 ./Core/Src/main.o
 .debug_macro   0x0000000000016591       0x43 ./Core/Src/main.o
 .debug_macro   0x00000000000165d4       0x34 ./Core/Src/main.o
 .debug_macro   0x0000000000016608       0x10 ./Core/Src/main.o
 .debug_macro   0x0000000000016618       0x58 ./Core/Src/main.o
 .debug_macro   0x0000000000016670       0x71 ./Core/Src/main.o
 .debug_macro   0x00000000000166e1       0x1c ./Core/Src/main.o
 .debug_macro   0x00000000000166fd      0x12a ./Core/Src/main.o
 .debug_macro   0x0000000000016827       0x10 ./Core/Src/main.o
 .debug_macro   0x0000000000016837       0x1c ./Core/Src/main.o
 .debug_macro   0x0000000000016853       0x52 ./Core/Src/main.o
 .debug_macro   0x00000000000168a5       0x22 ./Core/Src/main.o
 .debug_macro   0x00000000000168c7       0x10 ./Core/Src/main.o
 .debug_macro   0x00000000000168d7       0x52 ./Core/Src/main.o
 .debug_macro   0x0000000000016929       0xd5 ./Core/Src/main.o
 .debug_macro   0x00000000000169fe       0x1c ./Core/Src/main.o
 .debug_macro   0x0000000000016a1a       0x3d ./Core/Src/main.o
 .debug_macro   0x0000000000016a57       0x16 ./Core/Src/main.o
 .debug_macro   0x0000000000016a6d      0x145 ./Core/Src/main.o
 .debug_macro   0x0000000000016bb2       0x7c ./Core/Src/main.o
 .debug_macro   0x0000000000016c2e       0x64 ./Core/Src/main.o
 .debug_macro   0x0000000000016c92       0x10 ./Core/Src/main.o
 .debug_macro   0x0000000000016ca2       0x1c ./Core/Src/main.o
 .debug_macro   0x0000000000016cbe       0x22 ./Core/Src/main.o
 .debug_macro   0x0000000000016ce0      0x325 ./Core/Src/stm32f1xx_hal_msp.o
 .debug_macro   0x0000000000017005      0x32f ./Core/Src/stm32f1xx_it.o
 .debug_macro   0x0000000000017334       0xff ./Core/Src/sysmem.o
 .debug_macro   0x0000000000017433      0x23b ./Core/Src/sysmem.o
 .debug_macro   0x000000000001766e      0x1b7 ./Core/Src/system_stm32f1xx.o
 .debug_macro   0x0000000000017825      0x3c7 ./Core/Src/ssd1306/ssd1306.o
 .debug_macro   0x0000000000017bec       0x5e ./Core/Src/ssd1306/ssd1306.o
 .debug_macro   0x0000000000017c4a      0x19b ./Core/Src/ssd1306/ssd1306.o
 .debug_macro   0x0000000000017de5       0x16 ./Core/Src/ssd1306/ssd1306.o
 .debug_macro   0x0000000000017dfb       0x20 ./Core/Src/ssd1306/ssd1306.o
 .debug_macro   0x0000000000017e1b      0x33e ./Core/Src/ssd1306/ssd1306_fonts.o
 .debug_macro   0x0000000000018159      0x1db ./Drivers/STM32F1xx_HAL_Driver/Src/stm32f1xx_hal.o
 .debug_macro   0x0000000000018334      0x1bf ./Drivers/STM32F1xx_HAL_Driver/Src/stm32f1xx_hal_can.o
 .debug_macro   0x00000000000184f3      0x1b7 ./Drivers/STM32F1xx_HAL_Driver/Src/stm32f1xx_hal_cortex.o
 .debug_macro   0x00000000000186aa      0x1b7 ./Drivers/STM32F1xx_HAL_Driver/Src/stm32f1xx_hal_dma.o
 .debug_macro   0x0000000000018861      0x222 ./Drivers/STM32F1xx_HAL_Driver/Src/stm32f1xx_hal_gpio.o
 .debug_macro   0x0000000000018a83      0x1c9 ./Drivers/STM32F1xx_HAL_Driver/Src/stm32f1xx_hal_rcc.o
 .debug_macro   0x0000000000018c4c      0x1bf ./Drivers/STM32F1xx_HAL_Driver/Src/stm32f1xx_hal_spi.o
 .debug_macro   0x0000000000018e0b      0x1b8 ./Drivers/STM32F1xx_HAL_Driver/Src/stm32f1xx_hal_tim.o
 .debug_macro   0x0000000000018fc3      0x1b7 ./Drivers/STM32F1xx_HAL_Driver/Src/stm32f1xx_hal_tim_ex.o
 .debug_macro   0x000000000001917a      0x1b8 ./Drivers/STM32F1xx_HAL_Driver/Src/stm32f1xx_hal_uart.o

.debug_line     0x0000000000000000    0x12899
 .debug_line    0x0000000000000000     0x1475 ./Core/Src/main.o
 .debug_line    0x0000000000001475      0x9e2 ./Core/Src/stm32f1xx_hal_msp.o
 .debug_line    0x0000000000001e57      0x975 ./Core/Src/stm32f1xx_it.o
 .debug_line    0x00000000000027cc      0x4ef ./Core/Src/sysmem.o
 .debug_line    0x0000000000002cbb      0x722 ./Core/Src/system_stm32f1xx.o
 .debug_line    0x00000000000033dd     0x106d ./Core/Src/ssd1306/ssd1306.o
 .debug_line    0x000000000000444a      0x893 ./Core/Src/ssd1306/ssd1306_fonts.o
 .debug_line    0x0000000000004cdd       0x86 ./Core/Startup/startup_stm32f103c8tx.o
 .debug_line    0x0000000000004d63      0x94f ./Drivers/STM32F1xx_HAL_Driver/Src/stm32f1xx_hal.o
 .debug_line    0x00000000000056b2     0x10f6 ./Drivers/STM32F1xx_HAL_Driver/Src/stm32f1xx_hal_can.o
 .debug_line    0x00000000000067a8      0xb37 ./Drivers/STM32F1xx_HAL_Driver/Src/stm32f1xx_hal_cortex.o
 .debug_line    0x00000000000072df      0xda8 ./Drivers/STM32F1xx_HAL_Driver/Src/stm32f1xx_hal_dma.o
 .debug_line    0x0000000000008087      0x9e8 ./Drivers/STM32F1xx_HAL_Driver/Src/stm32f1xx_hal_gpio.o
 .debug_line    0x0000000000008a6f      0xd5b ./Drivers/STM32F1xx_HAL_Driver/Src/stm32f1xx_hal_rcc.o
 .debug_line    0x00000000000097ca     0x1bd0 ./Drivers/STM32F1xx_HAL_Driver/Src/stm32f1xx_hal_spi.o
 .debug_line    0x000000000000b39a     0x33da ./Drivers/STM32F1xx_HAL_Driver/Src/stm32f1xx_hal_tim.o
 .debug_line    0x000000000000e774     0x18a5 ./Drivers/STM32F1xx_HAL_Driver/Src/stm32f1xx_hal_tim_ex.o
 .debug_line    0x0000000000010019     0x2880 ./Drivers/STM32F1xx_HAL_Driver/Src/stm32f1xx_hal_uart.o

.debug_str      0x0000000000000000    0x9043d
 .debug_str     0x0000000000000000    0x8c1fe ./Core/Src/main.o
                                      0x8c741 (size before relaxing)
 .debug_str     0x000000000008c1fe      0x13c ./Core/Src/stm32f1xx_hal_msp.o
                                      0x8b9a0 (size before relaxing)
 .debug_str     0x000000000008c33a      0x11b ./Core/Src/stm32f1xx_it.o
                                      0x8aec9 (size before relaxing)
 .debug_str     0x000000000008c455      0x4da ./Core/Src/sysmem.o
                                       0x5d40 (size before relaxing)
 .debug_str     0x000000000008c92f       0x7e ./Core/Src/system_stm32f1xx.o
                                      0x86ad5 (size before relaxing)
 .debug_str     0x000000000008c9ad      0xcd7 ./Core/Src/ssd1306/ssd1306.o
                                      0x8be3e (size before relaxing)
 .debug_str     0x000000000008d684       0x53 ./Core/Src/ssd1306/ssd1306_fonts.o
                                      0x8ac04 (size before relaxing)
 .debug_str     0x000000000008d6d7       0x36 ./Core/Startup/startup_stm32f103c8tx.o
                                         0x5a (size before relaxing)
 .debug_str     0x000000000008d70d      0x36e ./Drivers/STM32F1xx_HAL_Driver/Src/stm32f1xx_hal.o
                                      0x87208 (size before relaxing)
 .debug_str     0x000000000008da7b      0x39a ./Drivers/STM32F1xx_HAL_Driver/Src/stm32f1xx_hal_can.o
                                      0x872d5 (size before relaxing)
 .debug_str     0x000000000008de15      0x262 ./Drivers/STM32F1xx_HAL_Driver/Src/stm32f1xx_hal_cortex.o
                                      0x87154 (size before relaxing)
 .debug_str     0x000000000008e077      0x206 ./Drivers/STM32F1xx_HAL_Driver/Src/stm32f1xx_hal_dma.o
                                      0x86e7e (size before relaxing)
 .debug_str     0x000000000008e27d      0x2d0 ./Drivers/STM32F1xx_HAL_Driver/Src/stm32f1xx_hal_gpio.o
                                      0x86e5b (size before relaxing)
 .debug_str     0x000000000008e54d      0x229 ./Drivers/STM32F1xx_HAL_Driver/Src/stm32f1xx_hal_rcc.o
                                      0x86f04 (size before relaxing)
 .debug_str     0x000000000008e776      0x51b ./Drivers/STM32F1xx_HAL_Driver/Src/stm32f1xx_hal_spi.o
                                      0x87401 (size before relaxing)
 .debug_str     0x000000000008ec91      0xda5 ./Drivers/STM32F1xx_HAL_Driver/Src/stm32f1xx_hal_tim.o
                                      0x87ef6 (size before relaxing)
 .debug_str     0x000000000008fa36      0x493 ./Drivers/STM32F1xx_HAL_Driver/Src/stm32f1xx_hal_tim_ex.o
                                      0x87712 (size before relaxing)
 .debug_str     0x000000000008fec9      0x574 ./Drivers/STM32F1xx_HAL_Driver/Src/stm32f1xx_hal_uart.o
                                      0x87575 (size before relaxing)

.comment        0x0000000000000000       0x50
 .comment       0x0000000000000000       0x50 ./Core/Src/main.o
                                         0x51 (size before relaxing)
 .comment       0x0000000000000050       0x51 ./Core/Src/stm32f1xx_hal_msp.o
 .comment       0x0000000000000050       0x51 ./Core/Src/stm32f1xx_it.o
 .comment       0x0000000000000050       0x51 ./Core/Src/sysmem.o
 .comment       0x0000000000000050       0x51 ./Core/Src/system_stm32f1xx.o
 .comment       0x0000000000000050       0x51 ./Core/Src/ssd1306/ssd1306.o
 .comment       0x0000000000000050       0x51 ./Core/Src/ssd1306/ssd1306_fonts.o
 .comment       0x0000000000000050       0x51 ./Drivers/STM32F1xx_HAL_Driver/Src/stm32f1xx_hal.o
 .comment       0x0000000000000050       0x51 ./Drivers/STM32F1xx_HAL_Driver/Src/stm32f1xx_hal_can.o
 .comment       0x0000000000000050       0x51 ./Drivers/STM32F1xx_HAL_Driver/Src/stm32f1xx_hal_cortex.o
 .comment       0x0000000000000050       0x51 ./Drivers/STM32F1xx_HAL_Driver/Src/stm32f1xx_hal_dma.o
 .comment       0x0000000000000050       0x51 ./Drivers/STM32F1xx_HAL_Driver/Src/stm32f1xx_hal_gpio.o
 .comment       0x0000000000000050       0x51 ./Drivers/STM32F1xx_HAL_Driver/Src/stm32f1xx_hal_rcc.o
 .comment       0x0000000000000050       0x51 ./Drivers/STM32F1xx_HAL_Driver/Src/stm32f1xx_hal_spi.o
 .comment       0x0000000000000050       0x51 ./Drivers/STM32F1xx_HAL_Driver/Src/stm32f1xx_hal_tim.o
 .comment       0x0000000000000050       0x51 ./Drivers/STM32F1xx_HAL_Driver/Src/stm32f1xx_hal_tim_ex.o
 .comment       0x0000000000000050       0x51 ./Drivers/STM32F1xx_HAL_Driver/Src/stm32f1xx_hal_uart.o

.debug_frame    0x0000000000000000     0x4a8c
 .debug_frame   0x0000000000000000      0x350 ./Core/Src/main.o
 .debug_frame   0x0000000000000350      0x158 ./Core/Src/stm32f1xx_hal_msp.o
 .debug_frame   0x00000000000004a8      0x13c ./Core/Src/stm32f1xx_it.o
 .debug_frame   0x00000000000005e4       0x34 ./Core/Src/sysmem.o
 .debug_frame   0x0000000000000618       0x58 ./Core/Src/system_stm32f1xx.o
 .debug_frame   0x0000000000000670      0x3c0 ./Core/Src/ssd1306/ssd1306.o
 .debug_frame   0x0000000000000a30      0x334 ./Drivers/STM32F1xx_HAL_Driver/Src/stm32f1xx_hal.o
 .debug_frame   0x0000000000000d64      0x5a0 ./Drivers/STM32F1xx_HAL_Driver/Src/stm32f1xx_hal_can.o
 .debug_frame   0x0000000000001304      0x428 ./Drivers/STM32F1xx_HAL_Driver/Src/stm32f1xx_hal_cortex.o
 .debug_frame   0x000000000000172c      0x208 ./Drivers/STM32F1xx_HAL_Driver/Src/stm32f1xx_hal_dma.o
 .debug_frame   0x0000000000001934      0x14c ./Drivers/STM32F1xx_HAL_Driver/Src/stm32f1xx_hal_gpio.o
 .debug_frame   0x0000000000001a80      0x218 ./Drivers/STM32F1xx_HAL_Driver/Src/stm32f1xx_hal_rcc.o
 .debug_frame   0x0000000000001c98      0x824 ./Drivers/STM32F1xx_HAL_Driver/Src/stm32f1xx_hal_spi.o
 .debug_frame   0x00000000000024bc     0x11bc ./Drivers/STM32F1xx_HAL_Driver/Src/stm32f1xx_hal_tim.o
 .debug_frame   0x0000000000003678      0x638 ./Drivers/STM32F1xx_HAL_Driver/Src/stm32f1xx_hal_tim_ex.o
 .debug_frame   0x0000000000003cb0      0x944 ./Drivers/STM32F1xx_HAL_Driver/Src/stm32f1xx_hal_uart.o
 .debug_frame   0x00000000000045f4       0x20 c:/st/stm32cubeide_1.9.0/stm32cubeide/plugins/com.st.stm32cube.ide.mcu.externaltools.gnu-tools-for-stm32.10.3-2021.10.win32_1.0.100.202210260954/tools/bin/../lib/gcc/arm-none-eabi/10.3.1/../../../../arm-none-eabi/lib/thumb/v7-m/nofp\libc_nano.a(lib_a-errno.o)
 .debug_frame   0x0000000000004614       0x2c c:/st/stm32cubeide_1.9.0/stm32cubeide/plugins/com.st.stm32cube.ide.mcu.externaltools.gnu-tools-for-stm32.10.3-2021.10.win32_1.0.100.202210260954/tools/bin/../lib/gcc/arm-none-eabi/10.3.1/../../../../arm-none-eabi/lib/thumb/v7-m/nofp\libc_nano.a(lib_a-init.o)
 .debug_frame   0x0000000000004640       0x28 c:/st/stm32cubeide_1.9.0/stm32cubeide/plugins/com.st.stm32cube.ide.mcu.externaltools.gnu-tools-for-stm32.10.3-2021.10.win32_1.0.100.202210260954/tools/bin/../lib/gcc/arm-none-eabi/10.3.1/../../../../arm-none-eabi/lib/thumb/v7-m/nofp\libc_nano.a(lib_a-memcpy-stub.o)
 .debug_frame   0x0000000000004668       0x28 c:/st/stm32cubeide_1.9.0/stm32cubeide/plugins/com.st.stm32cube.ide.mcu.externaltools.gnu-tools-for-stm32.10.3-2021.10.win32_1.0.100.202210260954/tools/bin/../lib/gcc/arm-none-eabi/10.3.1/../../../../arm-none-eabi/lib/thumb/v7-m/nofp\libc_nano.a(lib_a-memmove.o)
 .debug_frame   0x0000000000004690       0x20 c:/st/stm32cubeide_1.9.0/stm32cubeide/plugins/com.st.stm32cube.ide.mcu.externaltools.gnu-tools-for-stm32.10.3-2021.10.win32_1.0.100.202210260954/tools/bin/../lib/gcc/arm-none-eabi/10.3.1/../../../../arm-none-eabi/lib/thumb/v7-m/nofp\libc_nano.a(lib_a-memset.o)
 .debug_frame   0x00000000000046b0       0x7c c:/st/stm32cubeide_1.9.0/stm32cubeide/plugins/com.st.stm32cube.ide.mcu.externaltools.gnu-tools-for-stm32.10.3-2021.10.win32_1.0.100.202210260954/tools/bin/../lib/gcc/arm-none-eabi/10.3.1/../../../../arm-none-eabi/lib/thumb/v7-m/nofp\libc_nano.a(lib_a-snprintf.o)
 .debug_frame   0x000000000000472c       0x90 c:/st/stm32cubeide_1.9.0/stm32cubeide/plugins/com.st.stm32cube.ide.mcu.externaltools.gnu-tools-for-stm32.10.3-2021.10.win32_1.0.100.202210260954/tools/bin/../lib/gcc/arm-none-eabi/10.3.1/../../../../arm-none-eabi/lib/thumb/v7-m/nofp\libc_nano.a(lib_a-nano-svfprintf.o)
 .debug_frame   0x00000000000047bc       0x60 c:/st/stm32cubeide_1.9.0/stm32cubeide/plugins/com.st.stm32cube.ide.mcu.externaltools.gnu-tools-for-stm32.10.3-2021.10.win32_1.0.100.202210260954/tools/bin/../lib/gcc/arm-none-eabi/10.3.1/../../../../arm-none-eabi/lib/thumb/v7-m/nofp\libc_nano.a(lib_a-nano-vfprintf_i.o)
 .debug_frame   0x000000000000481c       0x28 c:/st/stm32cubeide_1.9.0/stm32cubeide/plugins/com.st.stm32cube.ide.mcu.externaltools.gnu-tools-for-stm32.10.3-2021.10.win32_1.0.100.202210260954/tools/bin/../lib/gcc/arm-none-eabi/10.3.1/../../../../arm-none-eabi/lib/thumb/v7-m/nofp\libc_nano.a(lib_a-memchr-stub.o)
 .debug_frame   0x0000000000004844       0x38 c:/st/stm32cubeide_1.9.0/stm32cubeide/plugins/com.st.stm32cube.ide.mcu.externaltools.gnu-tools-for-stm32.10.3-2021.10.win32_1.0.100.202210260954/tools/bin/../lib/gcc/arm-none-eabi/10.3.1/../../../../arm-none-eabi/lib/thumb/v7-m/nofp\libc_nano.a(lib_a-nano-freer.o)
 .debug_frame   0x000000000000487c       0x4c c:/st/stm32cubeide_1.9.0/stm32cubeide/plugins/com.st.stm32cube.ide.mcu.externaltools.gnu-tools-for-stm32.10.3-2021.10.win32_1.0.100.202210260954/tools/bin/../lib/gcc/arm-none-eabi/10.3.1/../../../../arm-none-eabi/lib/thumb/v7-m/nofp\libc_nano.a(lib_a-nano-mallocr.o)
 .debug_frame   0x00000000000048c8       0x3c c:/st/stm32cubeide_1.9.0/stm32cubeide/plugins/com.st.stm32cube.ide.mcu.externaltools.gnu-tools-for-stm32.10.3-2021.10.win32_1.0.100.202210260954/tools/bin/../lib/gcc/arm-none-eabi/10.3.1/../../../../arm-none-eabi/lib/thumb/v7-m/nofp\libc_nano.a(lib_a-nano-reallocr.o)
 .debug_frame   0x0000000000004904       0x2c c:/st/stm32cubeide_1.9.0/stm32cubeide/plugins/com.st.stm32cube.ide.mcu.externaltools.gnu-tools-for-stm32.10.3-2021.10.win32_1.0.100.202210260954/tools/bin/../lib/gcc/arm-none-eabi/10.3.1/../../../../arm-none-eabi/lib/thumb/v7-m/nofp\libc_nano.a(lib_a-sbrkr.o)
 .debug_frame   0x0000000000004930       0x30 c:/st/stm32cubeide_1.9.0/stm32cubeide/plugins/com.st.stm32cube.ide.mcu.externaltools.gnu-tools-for-stm32.10.3-2021.10.win32_1.0.100.202210260954/tools/bin/../lib/gcc/arm-none-eabi/10.3.1/../../../../arm-none-eabi/lib/thumb/v7-m/nofp\libc_nano.a(lib_a-mlock.o)
 .debug_frame   0x0000000000004960       0x20 c:/st/stm32cubeide_1.9.0/stm32cubeide/plugins/com.st.stm32cube.ide.mcu.externaltools.gnu-tools-for-stm32.10.3-2021.10.win32_1.0.100.202210260954/tools/bin/../lib/gcc/arm-none-eabi/10.3.1/../../../../arm-none-eabi/lib/thumb/v7-m/nofp\libc_nano.a(lib_a-nano-msizer.o)
 .debug_frame   0x0000000000004980       0x5c c:/st/stm32cubeide_1.9.0/stm32cubeide/plugins/com.st.stm32cube.ide.mcu.externaltools.gnu-tools-for-stm32.10.3-2021.10.win32_1.0.100.202210260954/tools/bin/../lib/gcc/arm-none-eabi/10.3.1/../../../../arm-none-eabi/lib/thumb/v7-m/nofp\libc_nano.a(lib_a-reent.o)
 .debug_frame   0x00000000000049dc       0xb0 c:/st/stm32cubeide_1.9.0/stm32cubeide/plugins/com.st.stm32cube.ide.mcu.externaltools.gnu-tools-for-stm32.10.3-2021.10.win32_1.0.100.202210260954/tools/bin/../lib/gcc/arm-none-eabi/10.3.1/../../../../arm-none-eabi/lib/thumb/v7-m/nofp\libc_nano.a(lib_a-lock.o)
