../Core/Src/main.c:206:6:HAL_UART_ErrorCallback	24	static
../Core/Src/main.c:239:6:HAL_UARTEx_RxEventCallback	8	static
../Core/Src/main.c:247:6:HAL_CAN_RxFifo0MsgPendingCallback	8	static,ignoring_inline_asm
../Core/Src/main.c:255:6:HAL_CAN_ErrorCallback	0	static
../Core/Src/main.c:260:9:CanMsgRead	0	static
../Core/Src/main.c:266:9:CanMsgSend	8	static
../Core/Src/main.c:286:6:Moving	40	static
../Core/Src/main.c:376:6:get_bms_data	16	static
../Core/Src/main.c:429:6:rcGetBattery	16	static
../Core/Src/main.c:401:6:read_bms_uart	24	static
../Core/Src/main.c:579:9:unwrap_encoder	8	static
../Core/Src/main.c:594:6:getEncoder	8	static
../Core/Src/main.c:600:6:buttons_Init	0	static
../Core/Src/main.c:616:6:getButton	32	static
../Core/Src/main.c:689:6:menu_update	56	static
../Core/Src/main.c:905:6:SystemClock_Config	72	static,ignoring_inline_asm
../Core/Src/main.c:829:5:main	80	static,ignoring_inline_asm
../Core/Src/main.c:1196:6:Error_Handler	0	static,ignoring_inline_asm
