../Core/Src/main.c:163:6:HAL_UART_ErrorCallback	32	static
../Core/Src/main.c:196:6:HAL_UARTEx_RxEventCallback	16	static
../Core/Src/main.c:205:6:get_bms_data	8	static
../Core/Src/main.c:232:6:rcGetBattery	4	static
../Core/Src/main.c:222:6:read_bms_uart	0	static
../Core/Src/main.c:380:9:unwrap_encoder	8	static
../Core/Src/main.c:395:6:getEncoder	24	static
../Core/Src/main.c:407:6:buttons_Init	0	static
../Core/Src/main.c:423:6:getButton	32	static
../Core/Src/main.c:539:6:SystemClock_Config	72	static,ignoring_inline_asm
../Core/Src/main.c:470:5:main	72	static,ignoring_inline_asm
../Core/Src/main.c:797:6:Error_Handler	0	static,ignoring_inline_asm
