../Core/Src/stm32f1xx_hal_msp.c:64:6:HAL_MspInit	8	static
../Core/Src/stm32f1xx_hal_msp.c:90:6:HAL_CAN_MspInit	32	static
../Core/Src/stm32f1xx_hal_msp.c:136:6:HAL_CAN_MspDeInit	8	static
../Core/Src/stm32f1xx_hal_msp.c:168:6:HAL_SPI_MspInit	32	static
../Core/Src/stm32f1xx_hal_msp.c:202:6:HAL_SPI_MspDeInit	0	static
../Core/Src/stm32f1xx_hal_msp.c:231:6:HAL_TIM_Encoder_MspInit	32	static
../Core/Src/stm32f1xx_hal_msp.c:265:6:HAL_TIM_Encoder_MspDeInit	0	static
../Core/Src/stm32f1xx_hal_msp.c:294:6:HAL_UART_MspInit	40	static
../Core/Src/stm32f1xx_hal_msp.c:353:6:HAL_UART_MspDeInit	8	static
