../Core/Src/stm32f1xx_hal_msp.c:64:6:HAL_MspInit	8	static
../Core/Src/stm32f1xx_hal_msp.c:90:6:HAL_CAN_MspInit	32	static
../Core/Src/stm32f1xx_hal_msp.c:131:6:HAL_CAN_MspDeInit	0	static
../Core/Src/stm32f1xx_hal_msp.c:160:6:HAL_SPI_MspInit	32	static
../Core/Src/stm32f1xx_hal_msp.c:194:6:HAL_SPI_MspDeInit	0	static
../Core/Src/stm32f1xx_hal_msp.c:223:6:HAL_TIM_Encoder_MspInit	32	static
../Core/Src/stm32f1xx_hal_msp.c:257:6:HAL_TIM_Encoder_MspDeInit	0	static
../Core/Src/stm32f1xx_hal_msp.c:286:6:HAL_UART_MspInit	40	static
../Core/Src/stm32f1xx_hal_msp.c:345:6:HAL_UART_MspDeInit	8	static
