../Core/Src/main.c:163:6:HAL_UART_ErrorCallback	40	static
../Core/Src/main.c:196:6:HAL_UARTEx_RxEventCallback	16	static
../Core/Src/main.c:205:6:get_bms_data	8	static
../Core/Src/main.c:222:6:read_bms_uart	8	static
../Core/Src/main.c:232:6:rcGetBattery	16	static
../Core/Src/main.c:380:9:unwrap_encoder	32	static
../Core/Src/main.c:395:6:getEncoder	24	static
../Core/Src/main.c:407:6:buttons_Init	4	static
../Core/Src/main.c:423:6:getButton	24	static
../Core/Src/main.c:470:5:main	8	static
../Core/Src/main.c:539:6:SystemClock_Config	72	static
../Core/Src/main.c:579:13:MX_CAN_Init	8	static
../Core/Src/main.c:616:13:MX_SPI1_Init	8	static
../Core/Src/main.c:654:13:MX_TIM4_Init	56	static
../Core/Src/main.c:703:13:MX_USART1_UART_Init	8	static
../Core/Src/main.c:734:13:MX_DMA_Init	16	static
../Core/Src/main.c:752:13:MX_GPIO_Init	40	static
../Core/Src/main.c:797:6:Error_Handler	4	static,ignoring_inline_asm
