../Core/Src/main.c:206:6:HAL_UART_ErrorCallback	40	static
../Core/Src/main.c:239:6:HAL_UARTEx_RxEventCallback	16	static
../Core/Src/main.c:247:6:HAL_CAN_RxFifo0MsgPendingCallback	16	static
../Core/Src/main.c:255:6:HAL_CAN_ErrorCallback	16	static
../Core/Src/main.c:260:9:CanMsgRead	16	static
../Core/Src/main.c:266:9:CanMsgSend	24	static
../Core/Src/main.c:286:6:Moving	32	static
../Core/Src/main.c:376:6:get_bms_data	8	static
../Core/Src/main.c:401:6:read_bms_uart	8	static
../Core/Src/main.c:429:6:rcGetBattery	16	static
../Core/Src/main.c:579:9:unwrap_encoder	32	static
../Core/Src/main.c:594:6:getEncoder	16	static
../Core/Src/main.c:600:6:buttons_Init	4	static
../Core/Src/main.c:616:6:getButton	24	static
../Core/Src/main.c:689:6:menu_update	80	static
../Core/Src/main.c:829:5:main	8	static
../Core/Src/main.c:905:6:SystemClock_Config	72	static
../Core/Src/main.c:945:13:MX_CAN_Init	48	static
../Core/Src/main.c:1004:13:MX_SPI1_Init	8	static
../Core/Src/main.c:1042:13:MX_TIM4_Init	56	static
../Core/Src/main.c:1091:13:MX_USART1_UART_Init	8	static
../Core/Src/main.c:1122:13:MX_DMA_Init	16	static
../Core/Src/main.c:1140:13:MX_GPIO_Init	40	static
../Core/Src/main.c:1196:6:Error_Handler	4	static,ignoring_inline_asm
