../Core/Src/main.c:210:6:HAL_UART_ErrorCallback	40	static
../Core/Src/main.c:243:6:HAL_UARTEx_RxEventCallback	16	static
../Core/Src/main.c:252:6:HAL_CAN_RxFifo0MsgPendingCallback	16	static
../Core/Src/main.c:260:6:HAL_CAN_ErrorCallback	16	static
../Core/Src/main.c:265:9:CanMsgRead	16	static
../Core/Src/main.c:271:9:CanMsgSend	24	static
../Core/Src/main.c:291:6:Moving	32	static
../Core/Src/main.c:381:6:read_bms_uart	8	static
../Core/Src/main.c:419:6:rcGetBattery	24	static
../Core/Src/main.c:622:9:unwrap_encoder	32	static
../Core/Src/main.c:637:6:getEncoder	16	static
../Core/Src/main.c:643:6:buttons_Init	4	static
../Core/Src/main.c:659:6:getButton	32	static
../Core/Src/main.c:756:6:menu_update	136	static
../Core/Src/main.c:964:5:main	8	static
../Core/Src/main.c:1040:6:SystemClock_Config	72	static
../Core/Src/main.c:1080:13:MX_CAN_Init	48	static
../Core/Src/main.c:1139:13:MX_SPI1_Init	8	static
../Core/Src/main.c:1177:13:MX_TIM4_Init	56	static
../Core/Src/main.c:1226:13:MX_USART1_UART_Init	8	static
../Core/Src/main.c:1257:13:MX_DMA_Init	16	static
../Core/Src/main.c:1275:13:MX_GPIO_Init	40	static
../Core/Src/main.c:1331:6:Error_Handler	4	static,ignoring_inline_asm
